******************************************************************************
                  MSP430 Linker PC v4.2.1                      
******************************************************************************
>> Linked Mon Mar 30 21:38:51 2015

OUTPUT FILE NAME:   <L08-Life.out>
ENTRY POINT SYMBOL: "_c_int00"  address: 000091f4


MEMORY CONFIGURATION

         name            origin    length      used     unused   attr    fill
----------------------  --------  ---------  --------  --------  ----  --------
  SFR                   00000000   00000010  00000000  00000010  RWIX
  PERIPHERALS_8BIT      00000010   000000f0  00000000  000000f0  RWIX
  PERIPHERALS_16BIT     00000100   00000100  00000000  00000100  RWIX
  RAM                   00000200   00000400  0000038c  00000074  RWIX
  INFOD                 00001000   00000040  00000000  00000040  RWIX
  INFOC                 00001040   00000040  00000000  00000040  RWIX
  INFOB                 00001080   00000040  00000000  00000040  RWIX
  INFOA                 000010c0   00000040  00000000  00000040  RWIX
  FLASH                 00008000   00007fde  00001b24  000064ba  RWIX
  INT00                 0000ffe0   00000002  00000000  00000002  RWIX
  INT01                 0000ffe2   00000002  00000000  00000002  RWIX
  INT02                 0000ffe4   00000002  00000002  00000000  RWIX
  INT03                 0000ffe6   00000002  00000002  00000000  RWIX
  INT04                 0000ffe8   00000002  00000000  00000002  RWIX
  INT05                 0000ffea   00000002  00000002  00000000  RWIX
  INT06                 0000ffec   00000002  00000002  00000000  RWIX
  INT07                 0000ffee   00000002  00000002  00000000  RWIX
  INT08                 0000fff0   00000002  00000002  00000000  RWIX
  INT09                 0000fff2   00000002  00000002  00000000  RWIX
  INT10                 0000fff4   00000002  00000002  00000000  RWIX
  INT11                 0000fff6   00000002  00000000  00000002  RWIX
  INT12                 0000fff8   00000002  00000002  00000000  RWIX
  INT13                 0000fffa   00000002  00000002  00000000  RWIX
  INT14                 0000fffc   00000002  00000002  00000000  RWIX
  RESET                 0000fffe   00000002  00000002  00000000  RWIX


SECTION ALLOCATION MAP

 output                                  attributes/
section   page    origin      length       input sections
--------  ----  ----------  ----------   ----------------
.cinit     0    00008000    00000000     UNINITIALIZED

.pinit     0    00008000    00000000     UNINITIALIZED

.bss       0    00000200    0000033c     UNINITIALIZED
                  00000200    00000320     main.obj (.bss)
                  00000520    0000000c     lifelib.obj (.bss)
                  0000052c    00000006     RBX430_lcd.obj (.bss)
                  00000532    00000004     rts430.lib : _lock.obj (.bss)
                  00000536    00000004                : boot.obj (.bss)
                  0000053a    00000002     RBX430-1.obj (.bss)

.data      0    00000200    00000000     UNINITIALIZED

.stack     0    000005b0    00000050     UNINITIALIZED
                  000005b0    00000002     rts430.lib : boot.obj (.stack)
                  000005b2    0000004e     --HOLE--

.text      0    00008000    00001304     
                  00008000    00000246     RBX430_lcd.obj (.text:lcd_point)
                  00008246    00000244     RBX430_lcd.obj (.text:my_printfi)
                  0000848a    00000226     lifelib.obj (.text:init_life)
                  000086b0    00000186     RBX430_lcd.obj (.text:lcd_init)
                  00008836    00000158     main.obj (.text:draw_rle_pattern)
                  0000898e    00000132     lifelib.obj (.text:display_results)
                  00008ac0    00000132     RBX430_lcd.obj (.text:lcd_putchar)
                  00008bf2    000000be     RBX430-1.obj (.text:RBX430_init)
                  00008cb0    00000088     RBX430_lcd.obj (.text:lcd_rectangle)
                  00008d38    00000076     RBX430-1.obj (.text:ERROR2)
                  00008dae    00000060     main.obj (.text:main)
                  00008e0e    0000005e     RBX430_lcd.obj (.text:lcd_WD)
                  00008e6c    0000004c     rts430.lib : lsr16.obj (.text)
                  00008eb8    0000004a     RBX430_lcd.obj (.text:lcd_WD2)
                  00008f02    00000046     RBX430_lcd.obj (.text:DelayMs)
                  00008f48    00000042     lifelib.obj (.text:WDT_ISR)
                  00008f8a    00000040     main.obj (.text:set_pixel)
                  00008fca    00000038     RBX430_lcd.obj (.text:ReadDataWord)
                  00009002    00000034     RBX430_lcd.obj (.text:WriteDataWord)
                  00009036    00000034     RBX430_lcd.obj (.text:lcd_set_x_y)
                  0000906a    00000034     lifelib.obj (.text:port1_init)
                  0000909e    00000030     RBX430_lcd.obj (.text:lcd_cursor)
                  000090ce    0000002e     RBX430_lcd.obj (.text:lcd_set)
                  000090fc    0000002c     rts430.lib : lsl16.obj (.text)
                  00009128    0000002a     main.obj (.text:read_number)
                  00009152    00000024     RBX430_lcd.obj (.text:lcd_printf)
                  00009176    00000022     lifelib.obj (.text:ISR_trap)
                  00009198    00000020     RBX430_lcd.obj (.text:ReadData)
                  000091b8    0000001e     RBX430_lcd.obj (.text:WriteCmd)
                  000091d6    0000001e     RBX430_lcd.obj (.text:WriteData)
                  000091f4    0000001e     rts430.lib : boot.obj (.text:_c_int00_noinit_noexit)
                  00009212    0000001e     RBX430_lcd.obj (.text:lcd_mode)
                  00009230    00000016     rts430.lib : div16u.obj (.text)
                  00009246    00000016     lifelib.obj (.text:watchdog_init)
                  0000925c    00000014     main.obj (.text:isdigit)
                  00009270    00000014     RBX430_lcd.obj (.text:lcd_backlight)
                  00009284    00000014     rts430.lib : memset.obj (.text:memset)
                  00009298    00000014                : mult16.obj (.text)
                  000092ac    00000012                : lsr32.obj (.text:l_lsr)
                  000092be    00000010                : epilog.obj (.text)
                  000092ce    0000000e                : strlen.obj (.text:strlen)
                  000092dc    0000000c     lifelib.obj (.text:Port_1_ISR)
                  000092e8    0000000a     RBX430_lcd.obj (.text:lcd_clear)
                  000092f2    00000008     RBX430-1.obj (.text:ADC10_ISR)
                  000092fa    00000004     rts430.lib : pre_init.obj (.text:_system_pre_init)
                  000092fe    00000004                : exit.obj (.text:abort)
                  00009302    00000002                : _lock.obj (.text:_nop)

.const     0    00009304    00000820     
                  00009304    000001e0     RBX430_lcd.obj (.const:cs)
                  000094e4    00000125     lifelib.obj (.const:.string:beacon_maker)
                  00009609    00000001     --HOLE-- [fill = 0]
                  0000960a    000000a2     RBX430_lcd.obj (.const:.string:dv3)
                  000096ac    0000009a     lifelib.obj (.const:.string:pulsar)
                  00009746    00000081     lifelib.obj (.const:.string:gosper_glider_gun)
                  000097c7    00000001     --HOLE-- [fill = 0]
                  000097c8    0000006a     lifelib.obj (.const:.string:bird)
                  00009832    0000004f     lifelib.obj (.const:.string:loafer)
                  00009881    00000001     --HOLE-- [fill = 0]
                  00009882    0000003e     lifelib.obj (.const:.string:hexapole)
                  000098c0    0000003a     lifelib.obj (.const:.string:by_flop)
                  000098fa    00000034     lifelib.obj (.const:.string:hwss)
                  0000992e    0000002f     lifelib.obj (.const:.string:loaf)
                  0000995d    00000001     --HOLE-- [fill = 0]
                  0000995e    0000002f     lifelib.obj (.const:.string:lwss)
                  0000998d    00000001     --HOLE-- [fill = 0]
                  0000998e    0000002c     lifelib.obj (.const:.string)
                  000099ba    0000002c     RBX430_lcd.obj (.const:dv$3)
                  000099e6    0000002b     lifelib.obj (.const:.string:beacon)
                  00009a11    00000001     --HOLE-- [fill = 0]
                  00009a12    0000002a     lifelib.obj (.const:.string:beehive)
                  00009a3c    00000027     lifelib.obj (.const:.string:boat)
                  00009a63    00000001     --HOLE-- [fill = 0]
                  00009a64    00000027     lifelib.obj (.const:.string:glider)
                  00009a8b    00000001     --HOLE-- [fill = 0]
                  00009a8c    00000024     lifelib.obj (.const:.string:toad)
                  00009ab0    00000023     lifelib.obj (.const:.string:block)
                  00009ad3    00000001     --HOLE-- [fill = 0]
                  00009ad4    00000020     lifelib.obj (.const:.string:blinker)
                  00009af4    00000011     RBX430_lcd.obj (.const:.string:lHexChar$1)
                  00009b05    00000001     --HOLE-- [fill = 0]
                  00009b06    00000011     RBX430_lcd.obj (.const:.string:uHexChar$2)
                  00009b17    00000001     --HOLE-- [fill = 0]
                  00009b18    00000006     RBX430_lcd.obj (.const:px_off)
                  00009b1e    00000006     RBX430_lcd.obj (.const:px_on)

PORT1      0    0000ffe4    00000002     
                  0000ffe4    00000002     lifelib.obj (.int02)

PORT2      0    0000ffe6    00000002     
                  0000ffe6    00000002     lifelib.obj (.int03)

ADC10      0    0000ffea    00000002     
                  0000ffea    00000002     RBX430-1.obj (.int05)

USCIAB0TX 
*          0    0000ffec    00000002     
                  0000ffec    00000002     lifelib.obj (.int06)

USCIAB0RX 
*          0    0000ffee    00000002     
                  0000ffee    00000002     lifelib.obj (.int07)

TIMERA1    0    0000fff0    00000002     
                  0000fff0    00000002     lifelib.obj (.int08)

TIMERA0    0    0000fff2    00000002     
                  0000fff2    00000002     lifelib.obj (.int09)

WDT        0    0000fff4    00000002     
                  0000fff4    00000002     lifelib.obj (.int10)

TIMERB1    0    0000fff8    00000002     
                  0000fff8    00000002     lifelib.obj (.int12)

TIMERB0    0    0000fffa    00000002     
                  0000fffa    00000002     lifelib.obj (.int13)

NMI        0    0000fffc    00000002     
                  0000fffc    00000002     lifelib.obj (.int14)

.reset     0    0000fffe    00000002     
                  0000fffe    00000002     rts430.lib : boot.obj (.reset)


GLOBAL SYMBOLS: SORTED ALPHABETICALLY BY Name 

address    name
--------   ----
00000200   .bss
00000200   .data
00008000   .text
0000004a   ADC10AE0
0000004b   ADC10AE1
000001b0   ADC10CTL0
000001b2   ADC10CTL1
00000048   ADC10DTC0
00000049   ADC10DTC1
000001b4   ADC10MEM
000001bc   ADC10SA
000092f2   ADC10_ISR
00000057   BCSCTL1
00000058   BCSCTL2
00000053   BCSCTL3
000092fe   C$$EXIT
000010fb   CALBC1_12MHZ
000010f9   CALBC1_16MHZ
000010ff   CALBC1_1MHZ
000010fd   CALBC1_8MHZ
000010fa   CALDCO_12MHZ
000010f8   CALDCO_16MHZ
000010fe   CALDCO_1MHZ
000010fc   CALDCO_8MHZ
00000056   DCOCTL
00008d38   ERROR2
00000128   FCTL1
0000012a   FCTL2
0000012c   FCTL3
00000000   IE1
00000001   IE2
00000002   IFG1
00000003   IFG2
00009176   ISR_trap
000090fc   I_LSL
00009124   I_LSL_1
00009112   I_LSL_10
00009110   I_LSL_11
0000910e   I_LSL_12
0000910c   I_LSL_13
0000910a   I_LSL_14
00009108   I_LSL_15
00009122   I_LSL_2
00009120   I_LSL_3
0000911e   I_LSL_4
0000911c   I_LSL_5
0000911a   I_LSL_6
00009118   I_LSL_7
00009116   I_LSL_8
00009114   I_LSL_9
00008e6c   I_LSR
00008eb2   I_LSR_1
00008e8e   I_LSR_10
00008e8a   I_LSR_11
00008e86   I_LSR_12
00008e82   I_LSR_13
00008e7e   I_LSR_14
00008e7a   I_LSR_15
00008eae   I_LSR_2
00008eaa   I_LSR_3
00008ea6   I_LSR_4
00008ea2   I_LSR_5
00008e9e   I_LSR_6
00008e9a   I_LSR_7
00008e96   I_LSR_8
00008e92   I_LSR_9
000092ac   L_LSR
000000c0   OA0CTL0
000000c1   OA0CTL1
000000c2   OA1CTL0
000000c3   OA1CTL1
00000022   P1DIR
00000025   P1IE
00000024   P1IES
00000023   P1IFG
00000020   P1IN
00000021   P1OUT
00000027   P1REN
00000026   P1SEL
0000002a   P2DIR
0000002d   P2IE
0000002c   P2IES
0000002b   P2IFG
00000028   P2IN
00000029   P2OUT
0000002f   P2REN
0000002e   P2SEL
0000001a   P3DIR
00000018   P3IN
00000019   P3OUT
00000010   P3REN
0000001b   P3SEL
0000001e   P4DIR
0000001c   P4IN
0000001d   P4OUT
00000011   P4REN
0000001f   P4SEL
000092dc   Port_1_ISR
00008bf2   RBX430_init
00000172   TACCR0
00000174   TACCR1
00000176   TACCR2
00000162   TACCTL0
00000164   TACCTL1
00000166   TACCTL2
00000160   TACTL
0000012e   TAIV
00000170   TAR
00000192   TBCCR0
00000194   TBCCR1
00000196   TBCCR2
00000182   TBCCTL0
00000184   TBCCTL1
00000186   TBCCTL2
00000180   TBCTL
0000011e   TBIV
00000190   TBR
0000005d   UCA0ABCTL
00000062   UCA0BR0
00000063   UCA0BR1
00000060   UCA0CTL0
00000061   UCA0CTL1
0000005f   UCA0IRRCTL
0000005e   UCA0IRTCTL
00000064   UCA0MCTL
00000066   UCA0RXBUF
00000065   UCA0STAT
00000067   UCA0TXBUF
0000006a   UCB0BR0
0000006b   UCB0BR1
00000068   UCB0CTL0
00000069   UCB0CTL1
0000006c   UCB0I2CIE
00000118   UCB0I2COA
0000011a   UCB0I2CSA
0000006e   UCB0RXBUF
0000006d   UCB0STAT
0000006f   UCB0TXBUF
00000120   WDTCTL
00008f48   WDT_ISR
00000600   __STACK_END
00000050   __STACK_SIZE
00000001   __TI_args_main
00000001   __TI_auto_init
00000536   __TI_cleanup_ptr
00000538   __TI_dtors_ptr
00000001   __TI_exit
0000ffe4   __TI_int02
0000ffe6   __TI_int03
0000ffea   __TI_int05
0000ffec   __TI_int06
0000ffee   __TI_int07
0000fff0   __TI_int08
0000fff2   __TI_int09
0000fff4   __TI_int10
0000fff8   __TI_int12
0000fffa   __TI_int13
0000fffc   __TI_int14
ffffffff   __binit__
00000200   __bss__
ffffffff   __c_args__
ffffffff   __cinit__
00000200   __data__
00009230   __divu
00000200   __edata__
0000053c   __end__
00009304   __etext__
00009298   __mpyi
ffffffff   __pinit__
00009230   __remu
00008000   __text__
000091f4   _c_int00
000091f4   _c_int00_noinit_noexit
00000532   _lock
00009302   _nop
0000fffe   _reset_vector
000005b0   _stack
000092fa   _system_pre_init
00000534   _unlock
000092fe   abort
000099e6   beacon
000094e4   beacon_maker
00009a12   beehive
ffffffff   binit
000097c8   bird
00009ad4   blinker
00009ab0   block
00009a3c   boat
000098c0   by_flop
ffffffff   cinit
00009304   cs
0000898e   display_results
00008836   draw_rle_pattern
0000960a   dv3
00000200   edata
0000053c   end
00009304   etext
000092ca   func_epilog_1
000092c8   func_epilog_2
000092c6   func_epilog_3
000092c4   func_epilog_4
000092c2   func_epilog_5
000092c0   func_epilog_6
000092be   func_epilog_7
00009a64   glider
00009746   gosper_glider_gun
00009882   hexapole
000098fa   hwss
0000053a   i2c_fSCL
0000848a   init_life
0000925c   isdigit
00008e0e   lcd_WD
00008eb8   lcd_WD2
00009270   lcd_backlight
000092e8   lcd_clear
0000909e   lcd_cursor
000086b0   lcd_init
00009212   lcd_mode
00008000   lcd_point
00009152   lcd_printf
00008ac0   lcd_putchar
00008cb0   lcd_rectangle
000090ce   lcd_set
00009036   lcd_set_x_y
00000200   life
0000992e   loaf
00009832   loafer
0000995e   lwss
00008dae   main
00009284   memset
ffffffff   pinit
0000906a   port1_init
000096ac   pulsar
00009b18   px_off
00009b1e   px_on
00009128   read_number
00000520   seconds
00008f8a   set_pixel
000092ce   strlen
00000522   switches
00009a8c   toad
00009246   watchdog_init


GLOBAL SYMBOLS: SORTED BY Symbol Address 

address    name
--------   ----
00000000   IE1
00000001   IE2
00000001   __TI_args_main
00000001   __TI_auto_init
00000001   __TI_exit
00000002   IFG1
00000003   IFG2
00000010   P3REN
00000011   P4REN
00000018   P3IN
00000019   P3OUT
0000001a   P3DIR
0000001b   P3SEL
0000001c   P4IN
0000001d   P4OUT
0000001e   P4DIR
0000001f   P4SEL
00000020   P1IN
00000021   P1OUT
00000022   P1DIR
00000023   P1IFG
00000024   P1IES
00000025   P1IE
00000026   P1SEL
00000027   P1REN
00000028   P2IN
00000029   P2OUT
0000002a   P2DIR
0000002b   P2IFG
0000002c   P2IES
0000002d   P2IE
0000002e   P2SEL
0000002f   P2REN
00000048   ADC10DTC0
00000049   ADC10DTC1
0000004a   ADC10AE0
0000004b   ADC10AE1
00000050   __STACK_SIZE
00000053   BCSCTL3
00000056   DCOCTL
00000057   BCSCTL1
00000058   BCSCTL2
0000005d   UCA0ABCTL
0000005e   UCA0IRTCTL
0000005f   UCA0IRRCTL
00000060   UCA0CTL0
00000061   UCA0CTL1
00000062   UCA0BR0
00000063   UCA0BR1
00000064   UCA0MCTL
00000065   UCA0STAT
00000066   UCA0RXBUF
00000067   UCA0TXBUF
00000068   UCB0CTL0
00000069   UCB0CTL1
0000006a   UCB0BR0
0000006b   UCB0BR1
0000006c   UCB0I2CIE
0000006d   UCB0STAT
0000006e   UCB0RXBUF
0000006f   UCB0TXBUF
000000c0   OA0CTL0
000000c1   OA0CTL1
000000c2   OA1CTL0
000000c3   OA1CTL1
00000118   UCB0I2COA
0000011a   UCB0I2CSA
0000011e   TBIV
00000120   WDTCTL
00000128   FCTL1
0000012a   FCTL2
0000012c   FCTL3
0000012e   TAIV
00000160   TACTL
00000162   TACCTL0
00000164   TACCTL1
00000166   TACCTL2
00000170   TAR
00000172   TACCR0
00000174   TACCR1
00000176   TACCR2
00000180   TBCTL
00000182   TBCCTL0
00000184   TBCCTL1
00000186   TBCCTL2
00000190   TBR
00000192   TBCCR0
00000194   TBCCR1
00000196   TBCCR2
000001b0   ADC10CTL0
000001b2   ADC10CTL1
000001b4   ADC10MEM
000001bc   ADC10SA
00000200   .bss
00000200   .data
00000200   __bss__
00000200   __data__
00000200   __edata__
00000200   edata
00000200   life
00000520   seconds
00000522   switches
00000532   _lock
00000534   _unlock
00000536   __TI_cleanup_ptr
00000538   __TI_dtors_ptr
0000053a   i2c_fSCL
0000053c   __end__
0000053c   end
000005b0   _stack
00000600   __STACK_END
000010f8   CALDCO_16MHZ
000010f9   CALBC1_16MHZ
000010fa   CALDCO_12MHZ
000010fb   CALBC1_12MHZ
000010fc   CALDCO_8MHZ
000010fd   CALBC1_8MHZ
000010fe   CALDCO_1MHZ
000010ff   CALBC1_1MHZ
00008000   .text
00008000   __text__
00008000   lcd_point
0000848a   init_life
000086b0   lcd_init
00008836   draw_rle_pattern
0000898e   display_results
00008ac0   lcd_putchar
00008bf2   RBX430_init
00008cb0   lcd_rectangle
00008d38   ERROR2
00008dae   main
00008e0e   lcd_WD
00008e6c   I_LSR
00008e7a   I_LSR_15
00008e7e   I_LSR_14
00008e82   I_LSR_13
00008e86   I_LSR_12
00008e8a   I_LSR_11
00008e8e   I_LSR_10
00008e92   I_LSR_9
00008e96   I_LSR_8
00008e9a   I_LSR_7
00008e9e   I_LSR_6
00008ea2   I_LSR_5
00008ea6   I_LSR_4
00008eaa   I_LSR_3
00008eae   I_LSR_2
00008eb2   I_LSR_1
00008eb8   lcd_WD2
00008f48   WDT_ISR
00008f8a   set_pixel
00009036   lcd_set_x_y
0000906a   port1_init
0000909e   lcd_cursor
000090ce   lcd_set
000090fc   I_LSL
00009108   I_LSL_15
0000910a   I_LSL_14
0000910c   I_LSL_13
0000910e   I_LSL_12
00009110   I_LSL_11
00009112   I_LSL_10
00009114   I_LSL_9
00009116   I_LSL_8
00009118   I_LSL_7
0000911a   I_LSL_6
0000911c   I_LSL_5
0000911e   I_LSL_4
00009120   I_LSL_3
00009122   I_LSL_2
00009124   I_LSL_1
00009128   read_number
00009152   lcd_printf
00009176   ISR_trap
000091f4   _c_int00
000091f4   _c_int00_noinit_noexit
00009212   lcd_mode
00009230   __divu
00009230   __remu
00009246   watchdog_init
0000925c   isdigit
00009270   lcd_backlight
00009284   memset
00009298   __mpyi
000092ac   L_LSR
000092be   func_epilog_7
000092c0   func_epilog_6
000092c2   func_epilog_5
000092c4   func_epilog_4
000092c6   func_epilog_3
000092c8   func_epilog_2
000092ca   func_epilog_1
000092ce   strlen
000092dc   Port_1_ISR
000092e8   lcd_clear
000092f2   ADC10_ISR
000092fa   _system_pre_init
000092fe   C$$EXIT
000092fe   abort
00009302   _nop
00009304   __etext__
00009304   cs
00009304   etext
000094e4   beacon_maker
0000960a   dv3
000096ac   pulsar
00009746   gosper_glider_gun
000097c8   bird
00009832   loafer
00009882   hexapole
000098c0   by_flop
000098fa   hwss
0000992e   loaf
0000995e   lwss
000099e6   beacon
00009a12   beehive
00009a3c   boat
00009a64   glider
00009a8c   toad
00009ab0   block
00009ad4   blinker
00009b18   px_off
00009b1e   px_on
0000ffe4   __TI_int02
0000ffe6   __TI_int03
0000ffea   __TI_int05
0000ffec   __TI_int06
0000ffee   __TI_int07
0000fff0   __TI_int08
0000fff2   __TI_int09
0000fff4   __TI_int10
0000fff8   __TI_int12
0000fffa   __TI_int13
0000fffc   __TI_int14
0000fffe   _reset_vector
ffffffff   __binit__
ffffffff   __c_args__
ffffffff   __cinit__
ffffffff   __pinit__
ffffffff   binit
ffffffff   cinit
ffffffff   pinit

[242 symbols]
