******************************************************************************
                  MSP430 Linker PC v4.2.1                      
******************************************************************************
>> Linked Fri Mar 27 22:30:30 2015

OUTPUT FILE NAME:   <L08-Life.out>
ENTRY POINT SYMBOL: "_c_int00"  address: 000094cc


MEMORY CONFIGURATION

         name            origin    length      used     unused   attr    fill
----------------------  --------  ---------  --------  --------  ----  --------
  SFR                   00000000   00000010  00000000  00000010  RWIX
  PERIPHERALS_8BIT      00000010   000000f0  00000000  000000f0  RWIX
  PERIPHERALS_16BIT     00000100   00000100  00000000  00000100  RWIX
  RAM                   00000200   00000400  000003aa  00000056  RWIX
  INFOD                 00001000   00000040  00000000  00000040  RWIX
  INFOC                 00001040   00000040  00000000  00000040  RWIX
  INFOB                 00001080   00000040  00000000  00000040  RWIX
  INFOA                 000010c0   00000040  00000000  00000040  RWIX
  FLASH                 00008000   00007fde  00001e34  000061aa  RWIX
  INT00                 0000ffe0   00000002  00000000  00000002  RWIX
  INT01                 0000ffe2   00000002  00000000  00000002  RWIX
  INT02                 0000ffe4   00000002  00000002  00000000  RWIX
  INT03                 0000ffe6   00000002  00000002  00000000  RWIX
  INT04                 0000ffe8   00000002  00000000  00000002  RWIX
  INT05                 0000ffea   00000002  00000002  00000000  RWIX
  INT06                 0000ffec   00000002  00000002  00000000  RWIX
  INT07                 0000ffee   00000002  00000002  00000000  RWIX
  INT08                 0000fff0   00000002  00000002  00000000  RWIX
  INT09                 0000fff2   00000002  00000002  00000000  RWIX
  INT10                 0000fff4   00000002  00000002  00000000  RWIX
  INT11                 0000fff6   00000002  00000000  00000002  RWIX
  INT12                 0000fff8   00000002  00000002  00000000  RWIX
  INT13                 0000fffa   00000002  00000002  00000000  RWIX
  INT14                 0000fffc   00000002  00000002  00000000  RWIX
  RESET                 0000fffe   00000002  00000002  00000000  RWIX


SECTION ALLOCATION MAP

 output                                  attributes/
section   page    origin      length       input sections
--------  ----  ----------  ----------   ----------------
.cinit     0    00008000    00000000     UNINITIALIZED

.pinit     0    00008000    00000000     UNINITIALIZED

.bss       0    00000200    0000035a     UNINITIALIZED
                  00000200    0000033e     main.obj (.bss)
                  0000053e    0000000c     lifelib.obj (.bss)
                  0000054a    00000006     RBX430_lcd.obj (.bss)
                  00000550    00000004     rts430.lib : _lock.obj (.bss)
                  00000554    00000004                : boot.obj (.bss)
                  00000558    00000002     RBX430-1.obj (.bss)

.data      0    00000200    00000000     UNINITIALIZED

.stack     0    000005b0    00000050     UNINITIALIZED
                  000005b0    00000002     rts430.lib : boot.obj (.stack)
                  000005b2    0000004e     --HOLE--

.text      0    00008000    00001614     
                  00008000    00000246     RBX430_lcd.obj (.text:lcd_point)
                  00008246    00000244     RBX430_lcd.obj (.text:my_printfi)
                  0000848a    00000226     lifelib.obj (.text:init_life)
                  000086b0    000001b0     main.obj (.text:living_neighbors)
                  00008860    00000186     RBX430_lcd.obj (.text:lcd_init)
                  000089e6    00000160     main.obj (.text:main)
                  00008b46    00000154     main.obj (.text:draw_rle_pattern)
                  00008c9a    00000132     lifelib.obj (.text:display_results)
                  00008dcc    00000132     RBX430_lcd.obj (.text:lcd_putchar)
                  00008efe    000000be     RBX430-1.obj (.text:RBX430_init)
                  00008fbc    00000088     RBX430_lcd.obj (.text:lcd_rectangle)
                  00009044    00000076     RBX430-1.obj (.text:ERROR2)
                  000090ba    0000005e     RBX430_lcd.obj (.text:lcd_WD)
                  00009118    0000004c     rts430.lib : lsr16.obj (.text)
                  00009164    0000004a     RBX430_lcd.obj (.text:lcd_WD2)
                  000091ae    00000046     RBX430_lcd.obj (.text:DelayMs)
                  000091f4    00000042     lifelib.obj (.text:WDT_ISR)
                  00009236    00000040     main.obj (.text:set_pixel)
                  00009276    00000038     RBX430_lcd.obj (.text:ReadDataWord)
                  000092ae    00000034     RBX430_lcd.obj (.text:WriteDataWord)
                  000092e2    00000034     RBX430_lcd.obj (.text:lcd_set_x_y)
                  00009316    00000034     lifelib.obj (.text:port1_init)
                  0000934a    00000030     RBX430_lcd.obj (.text:lcd_cursor)
                  0000937a    0000002e     RBX430_lcd.obj (.text:lcd_set)
                  000093a8    0000002c     rts430.lib : asr16.obj (.text)
                  000093d4    0000002c                : lsl16.obj (.text)
                  00009400    0000002a     main.obj (.text:read_number)
                  0000942a    00000024     RBX430_lcd.obj (.text:lcd_printf)
                  0000944e    00000022     lifelib.obj (.text:ISR_trap)
                  00009470    00000020     RBX430_lcd.obj (.text:ReadData)
                  00009490    0000001e     RBX430_lcd.obj (.text:WriteCmd)
                  000094ae    0000001e     RBX430_lcd.obj (.text:WriteData)
                  000094cc    0000001e     rts430.lib : boot.obj (.text:_c_int00_noinit_noexit)
                  000094ea    0000001e     main.obj (.text:copy_row)
                  00009508    0000001e     RBX430_lcd.obj (.text:lcd_mode)
                  00009526    0000001a     main.obj (.text:clear_row)
                  00009540    00000016     rts430.lib : div16u.obj (.text)
                  00009556    00000016     lifelib.obj (.text:watchdog_init)
                  0000956c    00000014     main.obj (.text:isdigit)
                  00009580    00000014     RBX430_lcd.obj (.text:lcd_backlight)
                  00009594    00000014     rts430.lib : memset.obj (.text:memset)
                  000095a8    00000014                : mult16.obj (.text)
                  000095bc    00000012                : lsr32.obj (.text:l_lsr)
                  000095ce    00000010                : epilog.obj (.text)
                  000095de    0000000e                : strlen.obj (.text:strlen)
                  000095ec    0000000c     lifelib.obj (.text:Port_1_ISR)
                  000095f8    0000000a     RBX430_lcd.obj (.text:lcd_clear)
                  00009602    00000008     RBX430-1.obj (.text:ADC10_ISR)
                  0000960a    00000004     rts430.lib : pre_init.obj (.text:_system_pre_init)
                  0000960e    00000004                : exit.obj (.text:abort)
                  00009612    00000002                : _lock.obj (.text:_nop)

.const     0    00009614    00000820     
                  00009614    000001e0     RBX430_lcd.obj (.const:cs)
                  000097f4    00000125     lifelib.obj (.const:.string:beacon_maker)
                  00009919    00000001     --HOLE-- [fill = 0]
                  0000991a    000000a2     RBX430_lcd.obj (.const:.string:dv3)
                  000099bc    0000009a     lifelib.obj (.const:.string:pulsar)
                  00009a56    00000081     lifelib.obj (.const:.string:gosper_glider_gun)
                  00009ad7    00000001     --HOLE-- [fill = 0]
                  00009ad8    0000006a     lifelib.obj (.const:.string:bird)
                  00009b42    0000004f     lifelib.obj (.const:.string:loafer)
                  00009b91    00000001     --HOLE-- [fill = 0]
                  00009b92    0000003e     lifelib.obj (.const:.string:hexapole)
                  00009bd0    0000003a     lifelib.obj (.const:.string:by_flop)
                  00009c0a    00000034     lifelib.obj (.const:.string:hwss)
                  00009c3e    0000002f     lifelib.obj (.const:.string:loaf)
                  00009c6d    00000001     --HOLE-- [fill = 0]
                  00009c6e    0000002f     lifelib.obj (.const:.string:lwss)
                  00009c9d    00000001     --HOLE-- [fill = 0]
                  00009c9e    0000002c     lifelib.obj (.const:.string)
                  00009cca    0000002c     RBX430_lcd.obj (.const:dv$3)
                  00009cf6    0000002b     lifelib.obj (.const:.string:beacon)
                  00009d21    00000001     --HOLE-- [fill = 0]
                  00009d22    0000002a     lifelib.obj (.const:.string:beehive)
                  00009d4c    00000027     lifelib.obj (.const:.string:boat)
                  00009d73    00000001     --HOLE-- [fill = 0]
                  00009d74    00000027     lifelib.obj (.const:.string:glider)
                  00009d9b    00000001     --HOLE-- [fill = 0]
                  00009d9c    00000024     lifelib.obj (.const:.string:toad)
                  00009dc0    00000023     lifelib.obj (.const:.string:block)
                  00009de3    00000001     --HOLE-- [fill = 0]
                  00009de4    00000020     lifelib.obj (.const:.string:blinker)
                  00009e04    00000011     RBX430_lcd.obj (.const:.string:lHexChar$1)
                  00009e15    00000001     --HOLE-- [fill = 0]
                  00009e16    00000011     RBX430_lcd.obj (.const:.string:uHexChar$2)
                  00009e27    00000001     --HOLE-- [fill = 0]
                  00009e28    00000006     RBX430_lcd.obj (.const:px_off)
                  00009e2e    00000006     RBX430_lcd.obj (.const:px_on)

PORT1      0    0000ffe4    00000002     
                  0000ffe4    00000002     lifelib.obj (.int02)

PORT2      0    0000ffe6    00000002     
                  0000ffe6    00000002     lifelib.obj (.int03)

ADC10      0    0000ffea    00000002     
                  0000ffea    00000002     RBX430-1.obj (.int05)

USCIAB0TX 
*          0    0000ffec    00000002     
                  0000ffec    00000002     lifelib.obj (.int06)

USCIAB0RX 
*          0    0000ffee    00000002     
                  0000ffee    00000002     lifelib.obj (.int07)

TIMERA1    0    0000fff0    00000002     
                  0000fff0    00000002     lifelib.obj (.int08)

TIMERA0    0    0000fff2    00000002     
                  0000fff2    00000002     lifelib.obj (.int09)

WDT        0    0000fff4    00000002     
                  0000fff4    00000002     lifelib.obj (.int10)

TIMERB1    0    0000fff8    00000002     
                  0000fff8    00000002     lifelib.obj (.int12)

TIMERB0    0    0000fffa    00000002     
                  0000fffa    00000002     lifelib.obj (.int13)

NMI        0    0000fffc    00000002     
                  0000fffc    00000002     lifelib.obj (.int14)

.reset     0    0000fffe    00000002     
                  0000fffe    00000002     rts430.lib : boot.obj (.reset)


GLOBAL SYMBOLS: SORTED ALPHABETICALLY BY Name 

address    name
--------   ----
00000200   .bss
00000200   .data
00008000   .text
0000004a   ADC10AE0
0000004b   ADC10AE1
000001b0   ADC10CTL0
000001b2   ADC10CTL1
00000048   ADC10DTC0
00000049   ADC10DTC1
000001b4   ADC10MEM
000001bc   ADC10SA
00009602   ADC10_ISR
00000057   BCSCTL1
00000058   BCSCTL2
00000053   BCSCTL3
0000960e   C$$EXIT
000010fb   CALBC1_12MHZ
000010f9   CALBC1_16MHZ
000010ff   CALBC1_1MHZ
000010fd   CALBC1_8MHZ
000010fa   CALDCO_12MHZ
000010f8   CALDCO_16MHZ
000010fe   CALDCO_1MHZ
000010fc   CALDCO_8MHZ
00000056   DCOCTL
00009044   ERROR2
00000128   FCTL1
0000012a   FCTL2
0000012c   FCTL3
00000000   IE1
00000001   IE2
00000002   IFG1
00000003   IFG2
0000944e   ISR_trap
000093a8   I_ASR
000093d0   I_ASR_1
000093be   I_ASR_10
000093bc   I_ASR_11
000093ba   I_ASR_12
000093b8   I_ASR_13
000093b6   I_ASR_14
000093b4   I_ASR_15
000093ce   I_ASR_2
000093cc   I_ASR_3
000093ca   I_ASR_4
000093c8   I_ASR_5
000093c6   I_ASR_6
000093c4   I_ASR_7
000093c2   I_ASR_8
000093c0   I_ASR_9
000093d4   I_LSL
000093fc   I_LSL_1
000093ea   I_LSL_10
000093e8   I_LSL_11
000093e6   I_LSL_12
000093e4   I_LSL_13
000093e2   I_LSL_14
000093e0   I_LSL_15
000093fa   I_LSL_2
000093f8   I_LSL_3
000093f6   I_LSL_4
000093f4   I_LSL_5
000093f2   I_LSL_6
000093f0   I_LSL_7
000093ee   I_LSL_8
000093ec   I_LSL_9
00009118   I_LSR
0000915e   I_LSR_1
0000913a   I_LSR_10
00009136   I_LSR_11
00009132   I_LSR_12
0000912e   I_LSR_13
0000912a   I_LSR_14
00009126   I_LSR_15
0000915a   I_LSR_2
00009156   I_LSR_3
00009152   I_LSR_4
0000914e   I_LSR_5
0000914a   I_LSR_6
00009146   I_LSR_7
00009142   I_LSR_8
0000913e   I_LSR_9
000095bc   L_LSR
000000c0   OA0CTL0
000000c1   OA0CTL1
000000c2   OA1CTL0
000000c3   OA1CTL1
00000022   P1DIR
00000025   P1IE
00000024   P1IES
00000023   P1IFG
00000020   P1IN
00000021   P1OUT
00000027   P1REN
00000026   P1SEL
0000002a   P2DIR
0000002d   P2IE
0000002c   P2IES
0000002b   P2IFG
00000028   P2IN
00000029   P2OUT
0000002f   P2REN
0000002e   P2SEL
0000001a   P3DIR
00000018   P3IN
00000019   P3OUT
00000010   P3REN
0000001b   P3SEL
0000001e   P4DIR
0000001c   P4IN
0000001d   P4OUT
00000011   P4REN
0000001f   P4SEL
000095ec   Port_1_ISR
00008efe   RBX430_init
00000172   TACCR0
00000174   TACCR1
00000176   TACCR2
00000162   TACCTL0
00000164   TACCTL1
00000166   TACCTL2
00000160   TACTL
0000012e   TAIV
00000170   TAR
00000192   TBCCR0
00000194   TBCCR1
00000196   TBCCR2
00000182   TBCCTL0
00000184   TBCCTL1
00000186   TBCCTL2
00000180   TBCTL
0000011e   TBIV
00000190   TBR
0000005d   UCA0ABCTL
00000062   UCA0BR0
00000063   UCA0BR1
00000060   UCA0CTL0
00000061   UCA0CTL1
0000005f   UCA0IRRCTL
0000005e   UCA0IRTCTL
00000064   UCA0MCTL
00000066   UCA0RXBUF
00000065   UCA0STAT
00000067   UCA0TXBUF
0000006a   UCB0BR0
0000006b   UCB0BR1
00000068   UCB0CTL0
00000069   UCB0CTL1
0000006c   UCB0I2CIE
00000118   UCB0I2COA
0000011a   UCB0I2CSA
0000006e   UCB0RXBUF
0000006d   UCB0STAT
0000006f   UCB0TXBUF
00000120   WDTCTL
000091f4   WDT_ISR
00000600   __STACK_END
00000050   __STACK_SIZE
00000001   __TI_args_main
00000001   __TI_auto_init
00000554   __TI_cleanup_ptr
00000556   __TI_dtors_ptr
00000001   __TI_exit
0000ffe4   __TI_int02
0000ffe6   __TI_int03
0000ffea   __TI_int05
0000ffec   __TI_int06
0000ffee   __TI_int07
0000fff0   __TI_int08
0000fff2   __TI_int09
0000fff4   __TI_int10
0000fff8   __TI_int12
0000fffa   __TI_int13
0000fffc   __TI_int14
ffffffff   __binit__
00000200   __bss__
ffffffff   __c_args__
ffffffff   __cinit__
00000200   __data__
00009540   __divu
00000200   __edata__
0000055a   __end__
00009614   __etext__
000095a8   __mpyi
ffffffff   __pinit__
00009540   __remu
00008000   __text__
000094cc   _c_int00
000094cc   _c_int00_noinit_noexit
00000550   _lock
00009612   _nop
0000fffe   _reset_vector
000005b0   _stack
0000960a   _system_pre_init
00000552   _unlock
0000960e   abort
00009cf6   beacon
000097f4   beacon_maker
00009d22   beehive
ffffffff   binit
00009ad8   bird
00009de4   blinker
00009dc0   block
00009d4c   boat
00009bd0   by_flop
ffffffff   cinit
00009526   clear_row
000094ea   copy_row
00009614   cs
00008c9a   display_results
00008b46   draw_rle_pattern
0000991a   dv3
00000200   edata
0000055a   end
00009614   etext
000095da   func_epilog_1
000095d8   func_epilog_2
000095d6   func_epilog_3
000095d4   func_epilog_4
000095d2   func_epilog_5
000095d0   func_epilog_6
000095ce   func_epilog_7
00009d74   glider
00009a56   gosper_glider_gun
00009b92   hexapole
00009c0a   hwss
00000558   i2c_fSCL
0000848a   init_life
0000956c   isdigit
000090ba   lcd_WD
00009164   lcd_WD2
00009580   lcd_backlight
000095f8   lcd_clear
0000934a   lcd_cursor
00008860   lcd_init
00009508   lcd_mode
00008000   lcd_point
0000942a   lcd_printf
00008dcc   lcd_putchar
00008fbc   lcd_rectangle
0000937a   lcd_set
000092e2   lcd_set_x_y
00000200   life
0000052a   life_cr
00000534   life_nr
00000520   life_pr
000086b0   living_neighbors
00009c3e   loaf
00009b42   loafer
00009c6e   lwss
000089e6   main
00009594   memset
ffffffff   pinit
00009316   port1_init
000099bc   pulsar
00009e28   px_off
00009e2e   px_on
00009400   read_number
0000053e   seconds
00009236   set_pixel
000095de   strlen
00000540   switches
00009d9c   toad
00009556   watchdog_init


GLOBAL SYMBOLS: SORTED BY Symbol Address 

address    name
--------   ----
00000000   IE1
00000001   IE2
00000001   __TI_args_main
00000001   __TI_auto_init
00000001   __TI_exit
00000002   IFG1
00000003   IFG2
00000010   P3REN
00000011   P4REN
00000018   P3IN
00000019   P3OUT
0000001a   P3DIR
0000001b   P3SEL
0000001c   P4IN
0000001d   P4OUT
0000001e   P4DIR
0000001f   P4SEL
00000020   P1IN
00000021   P1OUT
00000022   P1DIR
00000023   P1IFG
00000024   P1IES
00000025   P1IE
00000026   P1SEL
00000027   P1REN
00000028   P2IN
00000029   P2OUT
0000002a   P2DIR
0000002b   P2IFG
0000002c   P2IES
0000002d   P2IE
0000002e   P2SEL
0000002f   P2REN
00000048   ADC10DTC0
00000049   ADC10DTC1
0000004a   ADC10AE0
0000004b   ADC10AE1
00000050   __STACK_SIZE
00000053   BCSCTL3
00000056   DCOCTL
00000057   BCSCTL1
00000058   BCSCTL2
0000005d   UCA0ABCTL
0000005e   UCA0IRTCTL
0000005f   UCA0IRRCTL
00000060   UCA0CTL0
00000061   UCA0CTL1
00000062   UCA0BR0
00000063   UCA0BR1
00000064   UCA0MCTL
00000065   UCA0STAT
00000066   UCA0RXBUF
00000067   UCA0TXBUF
00000068   UCB0CTL0
00000069   UCB0CTL1
0000006a   UCB0BR0
0000006b   UCB0BR1
0000006c   UCB0I2CIE
0000006d   UCB0STAT
0000006e   UCB0RXBUF
0000006f   UCB0TXBUF
000000c0   OA0CTL0
000000c1   OA0CTL1
000000c2   OA1CTL0
000000c3   OA1CTL1
00000118   UCB0I2COA
0000011a   UCB0I2CSA
0000011e   TBIV
00000120   WDTCTL
00000128   FCTL1
0000012a   FCTL2
0000012c   FCTL3
0000012e   TAIV
00000160   TACTL
00000162   TACCTL0
00000164   TACCTL1
00000166   TACCTL2
00000170   TAR
00000172   TACCR0
00000174   TACCR1
00000176   TACCR2
00000180   TBCTL
00000182   TBCCTL0
00000184   TBCCTL1
00000186   TBCCTL2
00000190   TBR
00000192   TBCCR0
00000194   TBCCR1
00000196   TBCCR2
000001b0   ADC10CTL0
000001b2   ADC10CTL1
000001b4   ADC10MEM
000001bc   ADC10SA
00000200   .bss
00000200   .data
00000200   __bss__
00000200   __data__
00000200   __edata__
00000200   edata
00000200   life
00000520   life_pr
0000052a   life_cr
00000534   life_nr
0000053e   seconds
00000540   switches
00000550   _lock
00000552   _unlock
00000554   __TI_cleanup_ptr
00000556   __TI_dtors_ptr
00000558   i2c_fSCL
0000055a   __end__
0000055a   end
000005b0   _stack
00000600   __STACK_END
000010f8   CALDCO_16MHZ
000010f9   CALBC1_16MHZ
000010fa   CALDCO_12MHZ
000010fb   CALBC1_12MHZ
000010fc   CALDCO_8MHZ
000010fd   CALBC1_8MHZ
000010fe   CALDCO_1MHZ
000010ff   CALBC1_1MHZ
00008000   .text
00008000   __text__
00008000   lcd_point
0000848a   init_life
000086b0   living_neighbors
00008860   lcd_init
000089e6   main
00008b46   draw_rle_pattern
00008c9a   display_results
00008dcc   lcd_putchar
00008efe   RBX430_init
00008fbc   lcd_rectangle
00009044   ERROR2
000090ba   lcd_WD
00009118   I_LSR
00009126   I_LSR_15
0000912a   I_LSR_14
0000912e   I_LSR_13
00009132   I_LSR_12
00009136   I_LSR_11
0000913a   I_LSR_10
0000913e   I_LSR_9
00009142   I_LSR_8
00009146   I_LSR_7
0000914a   I_LSR_6
0000914e   I_LSR_5
00009152   I_LSR_4
00009156   I_LSR_3
0000915a   I_LSR_2
0000915e   I_LSR_1
00009164   lcd_WD2
000091f4   WDT_ISR
00009236   set_pixel
000092e2   lcd_set_x_y
00009316   port1_init
0000934a   lcd_cursor
0000937a   lcd_set
000093a8   I_ASR
000093b4   I_ASR_15
000093b6   I_ASR_14
000093b8   I_ASR_13
000093ba   I_ASR_12
000093bc   I_ASR_11
000093be   I_ASR_10
000093c0   I_ASR_9
000093c2   I_ASR_8
000093c4   I_ASR_7
000093c6   I_ASR_6
000093c8   I_ASR_5
000093ca   I_ASR_4
000093cc   I_ASR_3
000093ce   I_ASR_2
000093d0   I_ASR_1
000093d4   I_LSL
000093e0   I_LSL_15
000093e2   I_LSL_14
000093e4   I_LSL_13
000093e6   I_LSL_12
000093e8   I_LSL_11
000093ea   I_LSL_10
000093ec   I_LSL_9
000093ee   I_LSL_8
000093f0   I_LSL_7
000093f2   I_LSL_6
000093f4   I_LSL_5
000093f6   I_LSL_4
000093f8   I_LSL_3
000093fa   I_LSL_2
000093fc   I_LSL_1
00009400   read_number
0000942a   lcd_printf
0000944e   ISR_trap
000094cc   _c_int00
000094cc   _c_int00_noinit_noexit
000094ea   copy_row
00009508   lcd_mode
00009526   clear_row
00009540   __divu
00009540   __remu
00009556   watchdog_init
0000956c   isdigit
00009580   lcd_backlight
00009594   memset
000095a8   __mpyi
000095bc   L_LSR
000095ce   func_epilog_7
000095d0   func_epilog_6
000095d2   func_epilog_5
000095d4   func_epilog_4
000095d6   func_epilog_3
000095d8   func_epilog_2
000095da   func_epilog_1
000095de   strlen
000095ec   Port_1_ISR
000095f8   lcd_clear
00009602   ADC10_ISR
0000960a   _system_pre_init
0000960e   C$$EXIT
0000960e   abort
00009612   _nop
00009614   __etext__
00009614   cs
00009614   etext
000097f4   beacon_maker
0000991a   dv3
000099bc   pulsar
00009a56   gosper_glider_gun
00009ad8   bird
00009b42   loafer
00009b92   hexapole
00009bd0   by_flop
00009c0a   hwss
00009c3e   loaf
00009c6e   lwss
00009cf6   beacon
00009d22   beehive
00009d4c   boat
00009d74   glider
00009d9c   toad
00009dc0   block
00009de4   blinker
00009e28   px_off
00009e2e   px_on
0000ffe4   __TI_int02
0000ffe6   __TI_int03
0000ffea   __TI_int05
0000ffec   __TI_int06
0000ffee   __TI_int07
0000fff0   __TI_int08
0000fff2   __TI_int09
0000fff4   __TI_int10
0000fff8   __TI_int12
0000fffa   __TI_int13
0000fffc   __TI_int14
0000fffe   _reset_vector
ffffffff   __binit__
ffffffff   __c_args__
ffffffff   __cinit__
ffffffff   __pinit__
ffffffff   binit
ffffffff   cinit
ffffffff   pinit

[264 symbols]
