<?xml version="1.0"?>
<link_info>
   <banner>MSP430 Linker PC v4.2.1</banner>
   <copyright>Copyright (c) 2003-2013 Texas Instruments Incorporated</copyright>
   <link_time>0x55162e66</link_time>
   <link_errors>0x0</link_errors>
   <output_file>L08-Life.out</output_file>
   <entry_point>
      <name>_c_int00</name>
      <address>0x94cc</address>
   </entry_point>
   <input_file_list>
      <input_file id="fl-2">
         <path>.\</path>
         <kind>object</kind>
         <file>main.obj</file>
         <name>main.obj</name>
      </input_file>
      <input_file id="fl-3">
         <path>.\</path>
         <kind>object</kind>
         <file>lifelib.obj</file>
         <name>lifelib.obj</name>
      </input_file>
      <input_file id="fl-4">
         <path>.\</path>
         <kind>object</kind>
         <file>RBX430_lcd.obj</file>
         <name>RBX430_lcd.obj</name>
      </input_file>
      <input_file id="fl-5">
         <path>.\</path>
         <kind>object</kind>
         <file>RBX430-1.obj</file>
         <name>RBX430-1.obj</name>
      </input_file>
      <input_file id="fl-1f">
         <path>C:\ti\ccsv5\tools\compiler\msp430_4.2.1\lib\</path>
         <kind>archive</kind>
         <file>rts430.lib</file>
         <name>asr16.obj</name>
      </input_file>
      <input_file id="fl-20">
         <path>C:\ti\ccsv5\tools\compiler\msp430_4.2.1\lib\</path>
         <kind>archive</kind>
         <file>rts430.lib</file>
         <name>boot.obj</name>
      </input_file>
      <input_file id="fl-21">
         <path>C:\ti\ccsv5\tools\compiler\msp430_4.2.1\lib\</path>
         <kind>archive</kind>
         <file>rts430.lib</file>
         <name>copy_decompress_none.obj</name>
      </input_file>
      <input_file id="fl-22">
         <path>C:\ti\ccsv5\tools\compiler\msp430_4.2.1\lib\</path>
         <kind>archive</kind>
         <file>rts430.lib</file>
         <name>copy_decompress_rle.obj</name>
      </input_file>
      <input_file id="fl-23">
         <path>C:\ti\ccsv5\tools\compiler\msp430_4.2.1\lib\</path>
         <kind>archive</kind>
         <file>rts430.lib</file>
         <name>copy_zero_init.obj</name>
      </input_file>
      <input_file id="fl-24">
         <path>C:\ti\ccsv5\tools\compiler\msp430_4.2.1\lib\</path>
         <kind>archive</kind>
         <file>rts430.lib</file>
         <name>div16u.obj</name>
      </input_file>
      <input_file id="fl-25">
         <path>C:\ti\ccsv5\tools\compiler\msp430_4.2.1\lib\</path>
         <kind>archive</kind>
         <file>rts430.lib</file>
         <name>epilog.obj</name>
      </input_file>
      <input_file id="fl-26">
         <path>C:\ti\ccsv5\tools\compiler\msp430_4.2.1\lib\</path>
         <kind>archive</kind>
         <file>rts430.lib</file>
         <name>exit.obj</name>
      </input_file>
      <input_file id="fl-27">
         <path>C:\ti\ccsv5\tools\compiler\msp430_4.2.1\lib\</path>
         <kind>archive</kind>
         <file>rts430.lib</file>
         <name>lsl16.obj</name>
      </input_file>
      <input_file id="fl-28">
         <path>C:\ti\ccsv5\tools\compiler\msp430_4.2.1\lib\</path>
         <kind>archive</kind>
         <file>rts430.lib</file>
         <name>lsr16.obj</name>
      </input_file>
      <input_file id="fl-29">
         <path>C:\ti\ccsv5\tools\compiler\msp430_4.2.1\lib\</path>
         <kind>archive</kind>
         <file>rts430.lib</file>
         <name>lsr32.obj</name>
      </input_file>
      <input_file id="fl-2a">
         <path>C:\ti\ccsv5\tools\compiler\msp430_4.2.1\lib\</path>
         <kind>archive</kind>
         <file>rts430.lib</file>
         <name>memcpy.obj</name>
      </input_file>
      <input_file id="fl-2b">
         <path>C:\ti\ccsv5\tools\compiler\msp430_4.2.1\lib\</path>
         <kind>archive</kind>
         <file>rts430.lib</file>
         <name>memset.obj</name>
      </input_file>
      <input_file id="fl-2c">
         <path>C:\ti\ccsv5\tools\compiler\msp430_4.2.1\lib\</path>
         <kind>archive</kind>
         <file>rts430.lib</file>
         <name>mult16.obj</name>
      </input_file>
      <input_file id="fl-2d">
         <path>C:\ti\ccsv5\tools\compiler\msp430_4.2.1\lib\</path>
         <kind>archive</kind>
         <file>rts430.lib</file>
         <name>pre_init.obj</name>
      </input_file>
      <input_file id="fl-2e">
         <path>C:\ti\ccsv5\tools\compiler\msp430_4.2.1\lib\</path>
         <kind>archive</kind>
         <file>rts430.lib</file>
         <name>strlen.obj</name>
      </input_file>
      <input_file id="fl-2f">
         <path>C:\ti\ccsv5\tools\compiler\msp430_4.2.1\lib\</path>
         <kind>archive</kind>
         <file>rts430.lib</file>
         <name>_lock.obj</name>
      </input_file>
      <input_file id="fl-30">
         <path>C:\ti\ccsv5\tools\compiler\msp430_4.2.1\lib\</path>
         <kind>archive</kind>
         <file>rts430.lib</file>
         <name>args_main.obj</name>
      </input_file>
      <input_file id="fl-31">
         <path>C:\ti\ccsv5\tools\compiler\msp430_4.2.1\lib\</path>
         <kind>archive</kind>
         <file>rts430.lib</file>
         <name>autoinit.obj</name>
      </input_file>
   </input_file_list>
   <object_component_list>
      <object_component id="oc-39">
         <name>.bss</name>
         <uninitialized>true</uninitialized>
         <run_address>0x200</run_address>
         <size>0x33e</size>
         <input_file_ref idref="fl-2"/>
      </object_component>
      <object_component id="oc-3e">
         <name>.bss</name>
         <uninitialized>true</uninitialized>
         <run_address>0x53e</run_address>
         <size>0xc</size>
         <input_file_ref idref="fl-3"/>
      </object_component>
      <object_component id="oc-44">
         <name>.bss</name>
         <uninitialized>true</uninitialized>
         <run_address>0x54a</run_address>
         <size>0x6</size>
         <input_file_ref idref="fl-4"/>
      </object_component>
      <object_component id="oc-49">
         <name>.bss</name>
         <uninitialized>true</uninitialized>
         <run_address>0x558</run_address>
         <size>0x2</size>
         <input_file_ref idref="fl-5"/>
      </object_component>
      <object_component id="oc-52">
         <name>.bss</name>
         <uninitialized>true</uninitialized>
         <run_address>0x554</run_address>
         <size>0x4</size>
         <input_file_ref idref="fl-20"/>
      </object_component>
      <object_component id="oc-8f">
         <name>.bss</name>
         <uninitialized>true</uninitialized>
         <run_address>0x550</run_address>
         <size>0x4</size>
         <input_file_ref idref="fl-2f"/>
      </object_component>
      <object_component id="oc-54">
         <name>.stack</name>
         <uninitialized>true</uninitialized>
         <run_address>0x5b0</run_address>
         <size>0x2</size>
         <input_file_ref idref="fl-20"/>
      </object_component>
      <object_component id="oc-109">
         <name>.stack</name>
         <uninitialized>true</uninitialized>
         <run_address>0x5b0</run_address>
         <size>0x0</size>
      </object_component>
      <object_component id="oc-ad">
         <name>.text:lcd_point</name>
         <load_address>0x8000</load_address>
         <run_address>0x8000</run_address>
         <size>0x246</size>
         <input_file_ref idref="fl-4"/>
      </object_component>
      <object_component id="oc-d8">
         <name>.text:my_printfi</name>
         <load_address>0x8246</load_address>
         <run_address>0x8246</run_address>
         <size>0x244</size>
         <input_file_ref idref="fl-4"/>
      </object_component>
      <object_component id="oc-a9">
         <name>.text:init_life</name>
         <load_address>0x848a</load_address>
         <run_address>0x848a</run_address>
         <size>0x226</size>
         <input_file_ref idref="fl-3"/>
      </object_component>
      <object_component id="oc-ac">
         <name>.text:living_neighbors</name>
         <load_address>0x86b0</load_address>
         <run_address>0x86b0</run_address>
         <size>0x1b0</size>
         <input_file_ref idref="fl-2"/>
      </object_component>
      <object_component id="oc-a6">
         <name>.text:lcd_init</name>
         <load_address>0x8860</load_address>
         <run_address>0x8860</run_address>
         <size>0x186</size>
         <input_file_ref idref="fl-4"/>
      </object_component>
      <object_component id="oc-a2">
         <name>.text:main</name>
         <load_address>0x89e6</load_address>
         <run_address>0x89e6</run_address>
         <size>0x160</size>
         <input_file_ref idref="fl-2"/>
      </object_component>
      <object_component id="oc-b7">
         <name>.text:draw_rle_pattern</name>
         <load_address>0x8b46</load_address>
         <run_address>0x8b46</run_address>
         <size>0x154</size>
         <input_file_ref idref="fl-2"/>
      </object_component>
      <object_component id="oc-ae">
         <name>.text:display_results</name>
         <load_address>0x8c9a</load_address>
         <run_address>0x8c9a</run_address>
         <size>0x132</size>
         <input_file_ref idref="fl-3"/>
      </object_component>
      <object_component id="oc-d7">
         <name>.text:lcd_putchar</name>
         <load_address>0x8dcc</load_address>
         <run_address>0x8dcc</run_address>
         <size>0x132</size>
         <input_file_ref idref="fl-4"/>
      </object_component>
      <object_component id="oc-a5">
         <name>.text:RBX430_init</name>
         <load_address>0x8efe</load_address>
         <run_address>0x8efe</run_address>
         <size>0xbe</size>
         <input_file_ref idref="fl-5"/>
      </object_component>
      <object_component id="oc-b5">
         <name>.text:lcd_rectangle</name>
         <load_address>0x8fbc</load_address>
         <run_address>0x8fbc</run_address>
         <size>0x88</size>
         <input_file_ref idref="fl-4"/>
      </object_component>
      <object_component id="oc-a4">
         <name>.text:ERROR2</name>
         <load_address>0x9044</load_address>
         <run_address>0x9044</run_address>
         <size>0x76</size>
         <input_file_ref idref="fl-5"/>
      </object_component>
      <object_component id="oc-da">
         <name>.text:lcd_WD</name>
         <load_address>0x90ba</load_address>
         <run_address>0x90ba</run_address>
         <size>0x5e</size>
         <input_file_ref idref="fl-4"/>
      </object_component>
      <object_component id="oc-74">
         <name>.text</name>
         <load_address>0x9118</load_address>
         <run_address>0x9118</run_address>
         <size>0x4c</size>
         <input_file_ref idref="fl-28"/>
      </object_component>
      <object_component id="oc-db">
         <name>.text:lcd_WD2</name>
         <load_address>0x9164</load_address>
         <run_address>0x9164</run_address>
         <size>0x4a</size>
         <input_file_ref idref="fl-4"/>
      </object_component>
      <object_component id="oc-af">
         <name>.text:DelayMs</name>
         <load_address>0x91ae</load_address>
         <run_address>0x91ae</run_address>
         <size>0x46</size>
         <input_file_ref idref="fl-4"/>
      </object_component>
      <object_component id="oc-9f">
         <name>.text:WDT_ISR</name>
         <load_address>0x91f4</load_address>
         <run_address>0x91f4</run_address>
         <size>0x42</size>
         <input_file_ref idref="fl-3"/>
      </object_component>
      <object_component id="oc-d6">
         <name>.text:set_pixel</name>
         <load_address>0x9236</load_address>
         <run_address>0x9236</run_address>
         <size>0x40</size>
         <input_file_ref idref="fl-2"/>
      </object_component>
      <object_component id="oc-ca">
         <name>.text:ReadDataWord</name>
         <load_address>0x9276</load_address>
         <run_address>0x9276</run_address>
         <size>0x38</size>
         <input_file_ref idref="fl-4"/>
      </object_component>
      <object_component id="oc-ce">
         <name>.text:WriteDataWord</name>
         <load_address>0x92ae</load_address>
         <run_address>0x92ae</run_address>
         <size>0x34</size>
         <input_file_ref idref="fl-4"/>
      </object_component>
      <object_component id="oc-c8">
         <name>.text:lcd_set_x_y</name>
         <load_address>0x92e2</load_address>
         <run_address>0x92e2</run_address>
         <size>0x34</size>
         <input_file_ref idref="fl-4"/>
      </object_component>
      <object_component id="oc-a8">
         <name>.text:port1_init</name>
         <load_address>0x9316</load_address>
         <run_address>0x9316</run_address>
         <size>0x34</size>
         <input_file_ref idref="fl-3"/>
      </object_component>
      <object_component id="oc-d1">
         <name>.text:lcd_cursor</name>
         <load_address>0x934a</load_address>
         <run_address>0x934a</run_address>
         <size>0x30</size>
         <input_file_ref idref="fl-4"/>
      </object_component>
      <object_component id="oc-d3">
         <name>.text:lcd_set</name>
         <load_address>0x937a</load_address>
         <run_address>0x937a</run_address>
         <size>0x2e</size>
         <input_file_ref idref="fl-4"/>
      </object_component>
      <object_component id="oc-4e">
         <name>.text</name>
         <load_address>0x93a8</load_address>
         <run_address>0x93a8</run_address>
         <size>0x2c</size>
         <input_file_ref idref="fl-1f"/>
      </object_component>
      <object_component id="oc-70">
         <name>.text</name>
         <load_address>0x93d4</load_address>
         <run_address>0x93d4</run_address>
         <size>0x2c</size>
         <input_file_ref idref="fl-27"/>
      </object_component>
      <object_component id="oc-d5">
         <name>.text:read_number</name>
         <load_address>0x9400</load_address>
         <run_address>0x9400</run_address>
         <size>0x2a</size>
         <input_file_ref idref="fl-2"/>
      </object_component>
      <object_component id="oc-d2">
         <name>.text:lcd_printf</name>
         <load_address>0x942a</load_address>
         <run_address>0x942a</run_address>
         <size>0x24</size>
         <input_file_ref idref="fl-4"/>
      </object_component>
      <object_component id="oc-9d">
         <name>.text:ISR_trap</name>
         <load_address>0x944e</load_address>
         <run_address>0x944e</run_address>
         <size>0x22</size>
         <input_file_ref idref="fl-3"/>
      </object_component>
      <object_component id="oc-c9">
         <name>.text:ReadData</name>
         <load_address>0x9470</load_address>
         <run_address>0x9470</run_address>
         <size>0x20</size>
         <input_file_ref idref="fl-4"/>
      </object_component>
      <object_component id="oc-b0">
         <name>.text:WriteCmd</name>
         <load_address>0x9490</load_address>
         <run_address>0x9490</run_address>
         <size>0x1e</size>
         <input_file_ref idref="fl-4"/>
      </object_component>
      <object_component id="oc-b1">
         <name>.text:WriteData</name>
         <load_address>0x94ae</load_address>
         <run_address>0x94ae</run_address>
         <size>0x1e</size>
         <input_file_ref idref="fl-4"/>
      </object_component>
      <object_component id="oc-38">
         <name>.text:_c_int00_noinit_noexit</name>
         <load_address>0x94cc</load_address>
         <run_address>0x94cc</run_address>
         <size>0x1e</size>
         <input_file_ref idref="fl-20"/>
      </object_component>
      <object_component id="oc-ab">
         <name>.text:copy_row</name>
         <load_address>0x94ea</load_address>
         <run_address>0x94ea</run_address>
         <size>0x1e</size>
         <input_file_ref idref="fl-2"/>
      </object_component>
      <object_component id="oc-d0">
         <name>.text:lcd_mode</name>
         <load_address>0x9508</load_address>
         <run_address>0x9508</run_address>
         <size>0x1e</size>
         <input_file_ref idref="fl-4"/>
      </object_component>
      <object_component id="oc-aa">
         <name>.text:clear_row</name>
         <load_address>0x9526</load_address>
         <run_address>0x9526</run_address>
         <size>0x1a</size>
         <input_file_ref idref="fl-2"/>
      </object_component>
      <object_component id="oc-65">
         <name>.text</name>
         <load_address>0x9540</load_address>
         <run_address>0x9540</run_address>
         <size>0x16</size>
         <input_file_ref idref="fl-24"/>
      </object_component>
      <object_component id="oc-a7">
         <name>.text:watchdog_init</name>
         <load_address>0x9556</load_address>
         <run_address>0x9556</run_address>
         <size>0x16</size>
         <input_file_ref idref="fl-3"/>
      </object_component>
      <object_component id="oc-d4">
         <name>.text:isdigit</name>
         <load_address>0x956c</load_address>
         <run_address>0x956c</run_address>
         <size>0x14</size>
         <input_file_ref idref="fl-2"/>
      </object_component>
      <object_component id="oc-b4">
         <name>.text:lcd_backlight</name>
         <load_address>0x9580</load_address>
         <run_address>0x9580</run_address>
         <size>0x14</size>
         <input_file_ref idref="fl-4"/>
      </object_component>
      <object_component id="oc-b3">
         <name>.text:memset</name>
         <load_address>0x9594</load_address>
         <run_address>0x9594</run_address>
         <size>0x14</size>
         <input_file_ref idref="fl-2b"/>
      </object_component>
      <object_component id="oc-83">
         <name>.text</name>
         <load_address>0x95a8</load_address>
         <run_address>0x95a8</run_address>
         <size>0x14</size>
         <input_file_ref idref="fl-2c"/>
      </object_component>
      <object_component id="oc-dd">
         <name>.text:l_lsr</name>
         <load_address>0x95bc</load_address>
         <run_address>0x95bc</run_address>
         <size>0x12</size>
         <input_file_ref idref="fl-29"/>
      </object_component>
      <object_component id="oc-cf">
         <name>.text</name>
         <load_address>0x95ce</load_address>
         <run_address>0x95ce</run_address>
         <size>0x10</size>
         <input_file_ref idref="fl-25"/>
      </object_component>
      <object_component id="oc-e0">
         <name>.text:strlen</name>
         <load_address>0x95de</load_address>
         <run_address>0x95de</run_address>
         <size>0xe</size>
         <input_file_ref idref="fl-2e"/>
      </object_component>
      <object_component id="oc-9c">
         <name>.text:Port_1_ISR</name>
         <load_address>0x95ec</load_address>
         <run_address>0x95ec</run_address>
         <size>0xc</size>
         <input_file_ref idref="fl-3"/>
      </object_component>
      <object_component id="oc-b2">
         <name>.text:lcd_clear</name>
         <load_address>0x95f8</load_address>
         <run_address>0x95f8</run_address>
         <size>0xa</size>
         <input_file_ref idref="fl-4"/>
      </object_component>
      <object_component id="oc-9e">
         <name>.text:ADC10_ISR</name>
         <load_address>0x9602</load_address>
         <run_address>0x9602</run_address>
         <size>0x8</size>
         <input_file_ref idref="fl-5"/>
      </object_component>
      <object_component id="oc-a1">
         <name>.text:_system_pre_init</name>
         <load_address>0x960a</load_address>
         <run_address>0x960a</run_address>
         <size>0x4</size>
         <input_file_ref idref="fl-2d"/>
      </object_component>
      <object_component id="oc-a3">
         <name>.text:abort</name>
         <load_address>0x960e</load_address>
         <run_address>0x960e</run_address>
         <size>0x4</size>
         <input_file_ref idref="fl-26"/>
      </object_component>
      <object_component id="oc-a0">
         <name>.text:_nop</name>
         <load_address>0x9612</load_address>
         <run_address>0x9612</run_address>
         <size>0x2</size>
         <input_file_ref idref="fl-2f"/>
      </object_component>
      <object_component id="oc-d9">
         <name>.const:cs</name>
         <load_address>0x9614</load_address>
         <run_address>0x9614</run_address>
         <size>0x1e0</size>
         <input_file_ref idref="fl-4"/>
      </object_component>
      <object_component id="oc-c6">
         <name>.const:.string:beacon_maker</name>
         <load_address>0x97f4</load_address>
         <run_address>0x97f4</run_address>
         <size>0x125</size>
         <input_file_ref idref="fl-3"/>
      </object_component>
      <object_component id="oc-cb">
         <name>.const:.string:dv3</name>
         <load_address>0x991a</load_address>
         <run_address>0x991a</run_address>
         <size>0xa2</size>
         <input_file_ref idref="fl-4"/>
      </object_component>
      <object_component id="oc-b6">
         <name>.const:.string:pulsar</name>
         <load_address>0x99bc</load_address>
         <run_address>0x99bc</run_address>
         <size>0x9a</size>
         <input_file_ref idref="fl-3"/>
      </object_component>
      <object_component id="oc-bd">
         <name>.const:.string:gosper_glider_gun</name>
         <load_address>0x9a56</load_address>
         <run_address>0x9a56</run_address>
         <size>0x81</size>
         <input_file_ref idref="fl-3"/>
      </object_component>
      <object_component id="oc-b8">
         <name>.const:.string:bird</name>
         <load_address>0x9ad8</load_address>
         <run_address>0x9ad8</run_address>
         <size>0x6a</size>
         <input_file_ref idref="fl-3"/>
      </object_component>
      <object_component id="oc-bb">
         <name>.const:.string:loafer</name>
         <load_address>0x9b42</load_address>
         <run_address>0x9b42</run_address>
         <size>0x4f</size>
         <input_file_ref idref="fl-3"/>
      </object_component>
      <object_component id="oc-c7">
         <name>.const:.string:hexapole</name>
         <load_address>0x9b92</load_address>
         <run_address>0x9b92</run_address>
         <size>0x3e</size>
         <input_file_ref idref="fl-3"/>
      </object_component>
      <object_component id="oc-c5">
         <name>.const:.string:by_flop</name>
         <load_address>0x9bd0</load_address>
         <run_address>0x9bd0</run_address>
         <size>0x3a</size>
         <input_file_ref idref="fl-3"/>
      </object_component>
      <object_component id="oc-b9">
         <name>.const:.string:hwss</name>
         <load_address>0x9c0a</load_address>
         <run_address>0x9c0a</run_address>
         <size>0x34</size>
         <input_file_ref idref="fl-3"/>
      </object_component>
      <object_component id="oc-c0">
         <name>.const:.string:loaf</name>
         <load_address>0x9c3e</load_address>
         <run_address>0x9c3e</run_address>
         <size>0x2f</size>
         <input_file_ref idref="fl-3"/>
      </object_component>
      <object_component id="oc-be">
         <name>.const:.string:lwss</name>
         <load_address>0x9c6e</load_address>
         <run_address>0x9c6e</run_address>
         <size>0x2f</size>
         <input_file_ref idref="fl-3"/>
      </object_component>
      <object_component id="oc-40">
         <name>.const:.string</name>
         <load_address>0x9c9e</load_address>
         <run_address>0x9c9e</run_address>
         <size>0x2c</size>
         <input_file_ref idref="fl-3"/>
      </object_component>
      <object_component id="oc-dc">
         <name>.const:dv$3</name>
         <load_address>0x9cca</load_address>
         <run_address>0x9cca</run_address>
         <size>0x2c</size>
         <input_file_ref idref="fl-4"/>
      </object_component>
      <object_component id="oc-c3">
         <name>.const:.string:beacon</name>
         <load_address>0x9cf6</load_address>
         <run_address>0x9cf6</run_address>
         <size>0x2b</size>
         <input_file_ref idref="fl-3"/>
      </object_component>
      <object_component id="oc-bf">
         <name>.const:.string:beehive</name>
         <load_address>0x9d22</load_address>
         <run_address>0x9d22</run_address>
         <size>0x2a</size>
         <input_file_ref idref="fl-3"/>
      </object_component>
      <object_component id="oc-c1">
         <name>.const:.string:boat</name>
         <load_address>0x9d4c</load_address>
         <run_address>0x9d4c</run_address>
         <size>0x27</size>
         <input_file_ref idref="fl-3"/>
      </object_component>
      <object_component id="oc-ba">
         <name>.const:.string:glider</name>
         <load_address>0x9d74</load_address>
         <run_address>0x9d74</run_address>
         <size>0x27</size>
         <input_file_ref idref="fl-3"/>
      </object_component>
      <object_component id="oc-c2">
         <name>.const:.string:toad</name>
         <load_address>0x9d9c</load_address>
         <run_address>0x9d9c</run_address>
         <size>0x24</size>
         <input_file_ref idref="fl-3"/>
      </object_component>
      <object_component id="oc-bc">
         <name>.const:.string:block</name>
         <load_address>0x9dc0</load_address>
         <run_address>0x9dc0</run_address>
         <size>0x23</size>
         <input_file_ref idref="fl-3"/>
      </object_component>
      <object_component id="oc-c4">
         <name>.const:.string:blinker</name>
         <load_address>0x9de4</load_address>
         <run_address>0x9de4</run_address>
         <size>0x20</size>
         <input_file_ref idref="fl-3"/>
      </object_component>
      <object_component id="oc-de">
         <name>.const:.string:lHexChar$1</name>
         <load_address>0x9e04</load_address>
         <run_address>0x9e04</run_address>
         <size>0x11</size>
         <input_file_ref idref="fl-4"/>
      </object_component>
      <object_component id="oc-df">
         <name>.const:.string:uHexChar$2</name>
         <load_address>0x9e16</load_address>
         <run_address>0x9e16</run_address>
         <size>0x11</size>
         <input_file_ref idref="fl-4"/>
      </object_component>
      <object_component id="oc-cc">
         <name>.const:px_off</name>
         <load_address>0x9e28</load_address>
         <run_address>0x9e28</run_address>
         <size>0x6</size>
         <input_file_ref idref="fl-4"/>
      </object_component>
      <object_component id="oc-cd">
         <name>.const:px_on</name>
         <load_address>0x9e2e</load_address>
         <run_address>0x9e2e</run_address>
         <size>0x6</size>
         <input_file_ref idref="fl-4"/>
      </object_component>
      <object_component id="oc-2d">
         <name>.int02</name>
         <load_address>0xffe4</load_address>
         <run_address>0xffe4</run_address>
         <size>0x2</size>
         <input_file_ref idref="fl-3"/>
      </object_component>
      <object_component id="oc-2e">
         <name>.int03</name>
         <load_address>0xffe6</load_address>
         <run_address>0xffe6</run_address>
         <size>0x2</size>
         <input_file_ref idref="fl-3"/>
      </object_component>
      <object_component id="oc-2f">
         <name>.int05</name>
         <load_address>0xffea</load_address>
         <run_address>0xffea</run_address>
         <size>0x2</size>
         <input_file_ref idref="fl-5"/>
      </object_component>
      <object_component id="oc-30">
         <name>.int06</name>
         <load_address>0xffec</load_address>
         <run_address>0xffec</run_address>
         <size>0x2</size>
         <input_file_ref idref="fl-3"/>
      </object_component>
      <object_component id="oc-31">
         <name>.int07</name>
         <load_address>0xffee</load_address>
         <run_address>0xffee</run_address>
         <size>0x2</size>
         <input_file_ref idref="fl-3"/>
      </object_component>
      <object_component id="oc-32">
         <name>.int08</name>
         <load_address>0xfff0</load_address>
         <run_address>0xfff0</run_address>
         <size>0x2</size>
         <input_file_ref idref="fl-3"/>
      </object_component>
      <object_component id="oc-33">
         <name>.int09</name>
         <load_address>0xfff2</load_address>
         <run_address>0xfff2</run_address>
         <size>0x2</size>
         <input_file_ref idref="fl-3"/>
      </object_component>
      <object_component id="oc-34">
         <name>.int10</name>
         <load_address>0xfff4</load_address>
         <run_address>0xfff4</run_address>
         <size>0x2</size>
         <input_file_ref idref="fl-3"/>
      </object_component>
      <object_component id="oc-35">
         <name>.int12</name>
         <load_address>0xfff8</load_address>
         <run_address>0xfff8</run_address>
         <size>0x2</size>
         <input_file_ref idref="fl-3"/>
      </object_component>
      <object_component id="oc-36">
         <name>.int13</name>
         <load_address>0xfffa</load_address>
         <run_address>0xfffa</run_address>
         <size>0x2</size>
         <input_file_ref idref="fl-3"/>
      </object_component>
      <object_component id="oc-37">
         <name>.int14</name>
         <load_address>0xfffc</load_address>
         <run_address>0xfffc</run_address>
         <size>0x2</size>
         <input_file_ref idref="fl-3"/>
      </object_component>
      <object_component id="oc-55">
         <name>.reset</name>
         <load_address>0xfffe</load_address>
         <run_address>0xfffe</run_address>
         <size>0x2</size>
         <input_file_ref idref="fl-20"/>
      </object_component>
      <object_component id="oc-3a">
         <name>.debug_info</name>
         <load_address>0x0</load_address>
         <run_address>0x0</run_address>
         <size>0xbd3</size>
         <input_file_ref idref="fl-2"/>
      </object_component>
      <object_component id="oc-3f">
         <name>.debug_info</name>
         <load_address>0xbd3</load_address>
         <run_address>0xbd3</run_address>
         <size>0xe58</size>
         <input_file_ref idref="fl-3"/>
      </object_component>
      <object_component id="oc-45">
         <name>.debug_info</name>
         <load_address>0x1a2b</load_address>
         <run_address>0x1a2b</run_address>
         <size>0x17f9</size>
         <input_file_ref idref="fl-4"/>
      </object_component>
      <object_component id="oc-4a">
         <name>.debug_info</name>
         <load_address>0x3224</load_address>
         <run_address>0x3224</run_address>
         <size>0x6fe</size>
         <input_file_ref idref="fl-5"/>
      </object_component>
      <object_component id="oc-4f">
         <name>.debug_info</name>
         <load_address>0x3922</load_address>
         <run_address>0x3922</run_address>
         <size>0xb4</size>
         <input_file_ref idref="fl-1f"/>
      </object_component>
      <object_component id="oc-53">
         <name>.debug_info</name>
         <load_address>0x39d6</load_address>
         <run_address>0x39d6</run_address>
         <size>0x440</size>
         <input_file_ref idref="fl-20"/>
      </object_component>
      <object_component id="oc-59">
         <name>.debug_info</name>
         <load_address>0x3e16</load_address>
         <run_address>0x3e16</run_address>
         <size>0x261</size>
         <input_file_ref idref="fl-21"/>
      </object_component>
      <object_component id="oc-5d">
         <name>.debug_info</name>
         <load_address>0x4077</load_address>
         <run_address>0x4077</run_address>
         <size>0x212</size>
         <input_file_ref idref="fl-22"/>
      </object_component>
      <object_component id="oc-61">
         <name>.debug_info</name>
         <load_address>0x4289</load_address>
         <run_address>0x4289</run_address>
         <size>0x228</size>
         <input_file_ref idref="fl-23"/>
      </object_component>
      <object_component id="oc-66">
         <name>.debug_info</name>
         <load_address>0x44b1</load_address>
         <run_address>0x44b1</run_address>
         <size>0xb7</size>
         <input_file_ref idref="fl-24"/>
      </object_component>
      <object_component id="oc-69">
         <name>.debug_info</name>
         <load_address>0x4568</load_address>
         <run_address>0x4568</run_address>
         <size>0xc0</size>
         <input_file_ref idref="fl-25"/>
      </object_component>
      <object_component id="oc-6c">
         <name>.debug_info</name>
         <load_address>0x4628</load_address>
         <run_address>0x4628</run_address>
         <size>0x28e</size>
         <input_file_ref idref="fl-26"/>
      </object_component>
      <object_component id="oc-71">
         <name>.debug_info</name>
         <load_address>0x48b6</load_address>
         <run_address>0x48b6</run_address>
         <size>0xb4</size>
         <input_file_ref idref="fl-27"/>
      </object_component>
      <object_component id="oc-75">
         <name>.debug_info</name>
         <load_address>0x496a</load_address>
         <run_address>0x496a</run_address>
         <size>0xb4</size>
         <input_file_ref idref="fl-28"/>
      </object_component>
      <object_component id="oc-78">
         <name>.debug_info</name>
         <load_address>0x4a1e</load_address>
         <run_address>0x4a1e</run_address>
         <size>0xb4</size>
         <input_file_ref idref="fl-29"/>
      </object_component>
      <object_component id="oc-7b">
         <name>.debug_info</name>
         <load_address>0x4ad2</load_address>
         <run_address>0x4ad2</run_address>
         <size>0x1ec</size>
         <input_file_ref idref="fl-2a"/>
      </object_component>
      <object_component id="oc-7f">
         <name>.debug_info</name>
         <load_address>0x4cbe</load_address>
         <run_address>0x4cbe</run_address>
         <size>0x2c4</size>
         <input_file_ref idref="fl-2b"/>
      </object_component>
      <object_component id="oc-84">
         <name>.debug_info</name>
         <load_address>0x4f82</load_address>
         <run_address>0x4f82</run_address>
         <size>0xb7</size>
         <input_file_ref idref="fl-2c"/>
      </object_component>
      <object_component id="oc-87">
         <name>.debug_info</name>
         <load_address>0x5039</load_address>
         <run_address>0x5039</run_address>
         <size>0x220</size>
         <input_file_ref idref="fl-2d"/>
      </object_component>
      <object_component id="oc-8b">
         <name>.debug_info</name>
         <load_address>0x5259</load_address>
         <run_address>0x5259</run_address>
         <size>0x293</size>
         <input_file_ref idref="fl-2e"/>
      </object_component>
      <object_component id="oc-90">
         <name>.debug_info</name>
         <load_address>0x54ec</load_address>
         <run_address>0x54ec</run_address>
         <size>0x23c</size>
         <input_file_ref idref="fl-2f"/>
      </object_component>
      <object_component id="oc-94">
         <name>.debug_info</name>
         <load_address>0x5728</load_address>
         <run_address>0x5728</run_address>
         <size>0x26b</size>
         <input_file_ref idref="fl-30"/>
      </object_component>
      <object_component id="oc-98">
         <name>.debug_info</name>
         <load_address>0x5993</load_address>
         <run_address>0x5993</run_address>
         <size>0x287</size>
         <input_file_ref idref="fl-31"/>
      </object_component>
      <object_component id="oc-10a">
         <name>.debug_info</name>
         <load_address>0x5c1a</load_address>
         <run_address>0x5c1a</run_address>
         <size>0x6a</size>
      </object_component>
      <object_component id="oc-3b">
         <name>.debug_frame</name>
         <load_address>0x0</load_address>
         <run_address>0x0</run_address>
         <size>0x119</size>
         <input_file_ref idref="fl-2"/>
      </object_component>
      <object_component id="oc-41">
         <name>.debug_frame</name>
         <load_address>0x119</load_address>
         <run_address>0x119</run_address>
         <size>0x126</size>
         <input_file_ref idref="fl-3"/>
      </object_component>
      <object_component id="oc-46">
         <name>.debug_frame</name>
         <load_address>0x23f</load_address>
         <run_address>0x23f</run_address>
         <size>0x296</size>
         <input_file_ref idref="fl-4"/>
      </object_component>
      <object_component id="oc-4b">
         <name>.debug_frame</name>
         <load_address>0x4d5</load_address>
         <run_address>0x4d5</run_address>
         <size>0x7b</size>
         <input_file_ref idref="fl-5"/>
      </object_component>
      <object_component id="oc-56">
         <name>.debug_frame</name>
         <load_address>0x550</load_address>
         <run_address>0x550</run_address>
         <size>0x42</size>
         <input_file_ref idref="fl-20"/>
      </object_component>
      <object_component id="oc-5a">
         <name>.debug_frame</name>
         <load_address>0x592</load_address>
         <run_address>0x592</run_address>
         <size>0x32</size>
         <input_file_ref idref="fl-21"/>
      </object_component>
      <object_component id="oc-5e">
         <name>.debug_frame</name>
         <load_address>0x5c4</load_address>
         <run_address>0x5c4</run_address>
         <size>0x32</size>
         <input_file_ref idref="fl-22"/>
      </object_component>
      <object_component id="oc-62">
         <name>.debug_frame</name>
         <load_address>0x5f6</load_address>
         <run_address>0x5f6</run_address>
         <size>0x32</size>
         <input_file_ref idref="fl-23"/>
      </object_component>
      <object_component id="oc-6d">
         <name>.debug_frame</name>
         <load_address>0x628</load_address>
         <run_address>0x628</run_address>
         <size>0x47</size>
         <input_file_ref idref="fl-26"/>
      </object_component>
      <object_component id="oc-7c">
         <name>.debug_frame</name>
         <load_address>0x66f</load_address>
         <run_address>0x66f</run_address>
         <size>0x32</size>
         <input_file_ref idref="fl-2a"/>
      </object_component>
      <object_component id="oc-80">
         <name>.debug_frame</name>
         <load_address>0x6a1</load_address>
         <run_address>0x6a1</run_address>
         <size>0x47</size>
         <input_file_ref idref="fl-2b"/>
      </object_component>
      <object_component id="oc-88">
         <name>.debug_frame</name>
         <load_address>0x6e8</load_address>
         <run_address>0x6e8</run_address>
         <size>0x47</size>
         <input_file_ref idref="fl-2d"/>
      </object_component>
      <object_component id="oc-8c">
         <name>.debug_frame</name>
         <load_address>0x72f</load_address>
         <run_address>0x72f</run_address>
         <size>0x47</size>
         <input_file_ref idref="fl-2e"/>
      </object_component>
      <object_component id="oc-91">
         <name>.debug_frame</name>
         <load_address>0x776</load_address>
         <run_address>0x776</run_address>
         <size>0x47</size>
         <input_file_ref idref="fl-2f"/>
      </object_component>
      <object_component id="oc-95">
         <name>.debug_frame</name>
         <load_address>0x7bd</load_address>
         <run_address>0x7bd</run_address>
         <size>0x32</size>
         <input_file_ref idref="fl-30"/>
      </object_component>
      <object_component id="oc-99">
         <name>.debug_frame</name>
         <load_address>0x7ef</load_address>
         <run_address>0x7ef</run_address>
         <size>0x32</size>
         <input_file_ref idref="fl-31"/>
      </object_component>
      <object_component id="oc-3c">
         <name>.debug_line</name>
         <load_address>0x0</load_address>
         <run_address>0x0</run_address>
         <size>0x258</size>
         <input_file_ref idref="fl-2"/>
      </object_component>
      <object_component id="oc-42">
         <name>.debug_line</name>
         <load_address>0x258</load_address>
         <run_address>0x258</run_address>
         <size>0x1b4</size>
         <input_file_ref idref="fl-3"/>
      </object_component>
      <object_component id="oc-47">
         <name>.debug_line</name>
         <load_address>0x40c</load_address>
         <run_address>0x40c</run_address>
         <size>0x6ac</size>
         <input_file_ref idref="fl-4"/>
      </object_component>
      <object_component id="oc-4c">
         <name>.debug_line</name>
         <load_address>0xab8</load_address>
         <run_address>0xab8</run_address>
         <size>0xe2</size>
         <input_file_ref idref="fl-5"/>
      </object_component>
      <object_component id="oc-50">
         <name>.debug_line</name>
         <load_address>0xb9a</load_address>
         <run_address>0xb9a</run_address>
         <size>0x4b</size>
         <input_file_ref idref="fl-1f"/>
      </object_component>
      <object_component id="oc-57">
         <name>.debug_line</name>
         <load_address>0xbe5</load_address>
         <run_address>0xbe5</run_address>
         <size>0x3d</size>
         <input_file_ref idref="fl-20"/>
      </object_component>
      <object_component id="oc-5b">
         <name>.debug_line</name>
         <load_address>0xc22</load_address>
         <run_address>0xc22</run_address>
         <size>0x34</size>
         <input_file_ref idref="fl-21"/>
      </object_component>
      <object_component id="oc-5f">
         <name>.debug_line</name>
         <load_address>0xc56</load_address>
         <run_address>0xc56</run_address>
         <size>0x33</size>
         <input_file_ref idref="fl-22"/>
      </object_component>
      <object_component id="oc-63">
         <name>.debug_line</name>
         <load_address>0xc89</load_address>
         <run_address>0xc89</run_address>
         <size>0x2e</size>
         <input_file_ref idref="fl-23"/>
      </object_component>
      <object_component id="oc-67">
         <name>.debug_line</name>
         <load_address>0xcb7</load_address>
         <run_address>0xcb7</run_address>
         <size>0x40</size>
         <input_file_ref idref="fl-24"/>
      </object_component>
      <object_component id="oc-6a">
         <name>.debug_line</name>
         <load_address>0xcf7</load_address>
         <run_address>0xcf7</run_address>
         <size>0x3d</size>
         <input_file_ref idref="fl-25"/>
      </object_component>
      <object_component id="oc-6e">
         <name>.debug_line</name>
         <load_address>0xd34</load_address>
         <run_address>0xd34</run_address>
         <size>0x3a</size>
         <input_file_ref idref="fl-26"/>
      </object_component>
      <object_component id="oc-72">
         <name>.debug_line</name>
         <load_address>0xd6e</load_address>
         <run_address>0xd6e</run_address>
         <size>0x4b</size>
         <input_file_ref idref="fl-27"/>
      </object_component>
      <object_component id="oc-76">
         <name>.debug_line</name>
         <load_address>0xdb9</load_address>
         <run_address>0xdb9</run_address>
         <size>0x5b</size>
         <input_file_ref idref="fl-28"/>
      </object_component>
      <object_component id="oc-79">
         <name>.debug_line</name>
         <load_address>0xe14</load_address>
         <run_address>0xe14</run_address>
         <size>0x3f</size>
         <input_file_ref idref="fl-29"/>
      </object_component>
      <object_component id="oc-7d">
         <name>.debug_line</name>
         <load_address>0xe53</load_address>
         <run_address>0xe53</run_address>
         <size>0x26</size>
         <input_file_ref idref="fl-2a"/>
      </object_component>
      <object_component id="oc-81">
         <name>.debug_line</name>
         <load_address>0xe79</load_address>
         <run_address>0xe79</run_address>
         <size>0x5a</size>
         <input_file_ref idref="fl-2b"/>
      </object_component>
      <object_component id="oc-85">
         <name>.debug_line</name>
         <load_address>0xed3</load_address>
         <run_address>0xed3</run_address>
         <size>0x3f</size>
         <input_file_ref idref="fl-2c"/>
      </object_component>
      <object_component id="oc-89">
         <name>.debug_line</name>
         <load_address>0xf12</load_address>
         <run_address>0xf12</run_address>
         <size>0x3b</size>
         <input_file_ref idref="fl-2d"/>
      </object_component>
      <object_component id="oc-8d">
         <name>.debug_line</name>
         <load_address>0xf4d</load_address>
         <run_address>0xf4d</run_address>
         <size>0x5a</size>
         <input_file_ref idref="fl-2e"/>
      </object_component>
      <object_component id="oc-92">
         <name>.debug_line</name>
         <load_address>0xfa7</load_address>
         <run_address>0xfa7</run_address>
         <size>0x35</size>
         <input_file_ref idref="fl-2f"/>
      </object_component>
      <object_component id="oc-96">
         <name>.debug_line</name>
         <load_address>0xfdc</load_address>
         <run_address>0xfdc</run_address>
         <size>0x29</size>
         <input_file_ref idref="fl-30"/>
      </object_component>
      <object_component id="oc-9a">
         <name>.debug_line</name>
         <load_address>0x1005</load_address>
         <run_address>0x1005</run_address>
         <size>0x28</size>
         <input_file_ref idref="fl-31"/>
      </object_component>
      <object_component id="oc-3d">
         <name>.debug_abbrev</name>
         <load_address>0x0</load_address>
         <run_address>0x0</run_address>
         <size>0x184</size>
         <input_file_ref idref="fl-2"/>
      </object_component>
      <object_component id="oc-43">
         <name>.debug_abbrev</name>
         <load_address>0x184</load_address>
         <run_address>0x184</run_address>
         <size>0x1da</size>
         <input_file_ref idref="fl-3"/>
      </object_component>
      <object_component id="oc-48">
         <name>.debug_abbrev</name>
         <load_address>0x35e</load_address>
         <run_address>0x35e</run_address>
         <size>0x23d</size>
         <input_file_ref idref="fl-4"/>
      </object_component>
      <object_component id="oc-4d">
         <name>.debug_abbrev</name>
         <load_address>0x59b</load_address>
         <run_address>0x59b</run_address>
         <size>0x12e</size>
         <input_file_ref idref="fl-5"/>
      </object_component>
      <object_component id="oc-51">
         <name>.debug_abbrev</name>
         <load_address>0x6c9</load_address>
         <run_address>0x6c9</run_address>
         <size>0x35</size>
         <input_file_ref idref="fl-1f"/>
      </object_component>
      <object_component id="oc-58">
         <name>.debug_abbrev</name>
         <load_address>0x6fe</load_address>
         <run_address>0x6fe</run_address>
         <size>0x113</size>
         <input_file_ref idref="fl-20"/>
      </object_component>
      <object_component id="oc-5c">
         <name>.debug_abbrev</name>
         <load_address>0x811</load_address>
         <run_address>0x811</run_address>
         <size>0xbc</size>
         <input_file_ref idref="fl-21"/>
      </object_component>
      <object_component id="oc-60">
         <name>.debug_abbrev</name>
         <load_address>0x8cd</load_address>
         <run_address>0x8cd</run_address>
         <size>0xbf</size>
         <input_file_ref idref="fl-22"/>
      </object_component>
      <object_component id="oc-64">
         <name>.debug_abbrev</name>
         <load_address>0x98c</load_address>
         <run_address>0x98c</run_address>
         <size>0x94</size>
         <input_file_ref idref="fl-23"/>
      </object_component>
      <object_component id="oc-68">
         <name>.debug_abbrev</name>
         <load_address>0xa20</load_address>
         <run_address>0xa20</run_address>
         <size>0x35</size>
         <input_file_ref idref="fl-24"/>
      </object_component>
      <object_component id="oc-6b">
         <name>.debug_abbrev</name>
         <load_address>0xa55</load_address>
         <run_address>0xa55</run_address>
         <size>0x33</size>
         <input_file_ref idref="fl-25"/>
      </object_component>
      <object_component id="oc-6f">
         <name>.debug_abbrev</name>
         <load_address>0xa88</load_address>
         <run_address>0xa88</run_address>
         <size>0xf3</size>
         <input_file_ref idref="fl-26"/>
      </object_component>
      <object_component id="oc-73">
         <name>.debug_abbrev</name>
         <load_address>0xb7b</load_address>
         <run_address>0xb7b</run_address>
         <size>0x35</size>
         <input_file_ref idref="fl-27"/>
      </object_component>
      <object_component id="oc-77">
         <name>.debug_abbrev</name>
         <load_address>0xbb0</load_address>
         <run_address>0xbb0</run_address>
         <size>0x35</size>
         <input_file_ref idref="fl-28"/>
      </object_component>
      <object_component id="oc-7a">
         <name>.debug_abbrev</name>
         <load_address>0xbe5</load_address>
         <run_address>0xbe5</run_address>
         <size>0x35</size>
         <input_file_ref idref="fl-29"/>
      </object_component>
      <object_component id="oc-7e">
         <name>.debug_abbrev</name>
         <load_address>0xc1a</load_address>
         <run_address>0xc1a</run_address>
         <size>0xa2</size>
         <input_file_ref idref="fl-2a"/>
      </object_component>
      <object_component id="oc-82">
         <name>.debug_abbrev</name>
         <load_address>0xcbc</load_address>
         <run_address>0xcbc</run_address>
         <size>0x9d</size>
         <input_file_ref idref="fl-2b"/>
      </object_component>
      <object_component id="oc-86">
         <name>.debug_abbrev</name>
         <load_address>0xd59</load_address>
         <run_address>0xd59</run_address>
         <size>0x35</size>
         <input_file_ref idref="fl-2c"/>
      </object_component>
      <object_component id="oc-8a">
         <name>.debug_abbrev</name>
         <load_address>0xd8e</load_address>
         <run_address>0xd8e</run_address>
         <size>0x5f</size>
         <input_file_ref idref="fl-2d"/>
      </object_component>
      <object_component id="oc-8e">
         <name>.debug_abbrev</name>
         <load_address>0xded</load_address>
         <run_address>0xded</run_address>
         <size>0x96</size>
         <input_file_ref idref="fl-2e"/>
      </object_component>
      <object_component id="oc-93">
         <name>.debug_abbrev</name>
         <load_address>0xe83</load_address>
         <run_address>0xe83</run_address>
         <size>0xa0</size>
         <input_file_ref idref="fl-2f"/>
      </object_component>
      <object_component id="oc-97">
         <name>.debug_abbrev</name>
         <load_address>0xf23</load_address>
         <run_address>0xf23</run_address>
         <size>0xdb</size>
         <input_file_ref idref="fl-30"/>
      </object_component>
      <object_component id="oc-9b">
         <name>.debug_abbrev</name>
         <load_address>0xffe</load_address>
         <run_address>0xffe</run_address>
         <size>0x10e</size>
         <input_file_ref idref="fl-31"/>
      </object_component>
      <object_component id="oc-10b">
         <name>.debug_abbrev</name>
         <load_address>0x110c</load_address>
         <run_address>0x110c</run_address>
         <size>0xd</size>
      </object_component>
   </object_component_list>
   <logical_group_list>
      <logical_group id="lg-2" display="no" color="cyan">
         <name>.bss</name>
         <run_address>0x200</run_address>
         <size>0x35a</size>
         <contents>
            <object_component_ref idref="oc-39"/>
            <object_component_ref idref="oc-3e"/>
            <object_component_ref idref="oc-44"/>
            <object_component_ref idref="oc-49"/>
            <object_component_ref idref="oc-52"/>
            <object_component_ref idref="oc-8f"/>
         </contents>
      </logical_group>
      <logical_group id="lg-3" display="no" color="cyan">
         <name>.data</name>
         <run_address>0x200</run_address>
         <size>0x0</size>
         <contents>
         </contents>
      </logical_group>
      <logical_group id="lg-4" display="no" color="cyan">
         <name>.sysmem</name>
         <run_address>0x0</run_address>
         <size>0x0</size>
         <contents>
         </contents>
      </logical_group>
      <logical_group id="lg-5" display="no" color="cyan">
         <name>.stack</name>
         <run_address>0x5b0</run_address>
         <size>0x50</size>
         <contents>
            <object_component_ref idref="oc-54"/>
            <object_component_ref idref="oc-109"/>
         </contents>
      </logical_group>
      <logical_group id="lg-6" display="no" color="cyan">
         <name>.text</name>
         <load_address>0x8000</load_address>
         <run_address>0x8000</run_address>
         <size>0x1614</size>
         <contents>
            <object_component_ref idref="oc-ad"/>
            <object_component_ref idref="oc-d8"/>
            <object_component_ref idref="oc-a9"/>
            <object_component_ref idref="oc-ac"/>
            <object_component_ref idref="oc-a6"/>
            <object_component_ref idref="oc-a2"/>
            <object_component_ref idref="oc-b7"/>
            <object_component_ref idref="oc-ae"/>
            <object_component_ref idref="oc-d7"/>
            <object_component_ref idref="oc-a5"/>
            <object_component_ref idref="oc-b5"/>
            <object_component_ref idref="oc-a4"/>
            <object_component_ref idref="oc-da"/>
            <object_component_ref idref="oc-74"/>
            <object_component_ref idref="oc-db"/>
            <object_component_ref idref="oc-af"/>
            <object_component_ref idref="oc-9f"/>
            <object_component_ref idref="oc-d6"/>
            <object_component_ref idref="oc-ca"/>
            <object_component_ref idref="oc-ce"/>
            <object_component_ref idref="oc-c8"/>
            <object_component_ref idref="oc-a8"/>
            <object_component_ref idref="oc-d1"/>
            <object_component_ref idref="oc-d3"/>
            <object_component_ref idref="oc-4e"/>
            <object_component_ref idref="oc-70"/>
            <object_component_ref idref="oc-d5"/>
            <object_component_ref idref="oc-d2"/>
            <object_component_ref idref="oc-9d"/>
            <object_component_ref idref="oc-c9"/>
            <object_component_ref idref="oc-b0"/>
            <object_component_ref idref="oc-b1"/>
            <object_component_ref idref="oc-38"/>
            <object_component_ref idref="oc-ab"/>
            <object_component_ref idref="oc-d0"/>
            <object_component_ref idref="oc-aa"/>
            <object_component_ref idref="oc-65"/>
            <object_component_ref idref="oc-a7"/>
            <object_component_ref idref="oc-d4"/>
            <object_component_ref idref="oc-b4"/>
            <object_component_ref idref="oc-b3"/>
            <object_component_ref idref="oc-83"/>
            <object_component_ref idref="oc-dd"/>
            <object_component_ref idref="oc-cf"/>
            <object_component_ref idref="oc-e0"/>
            <object_component_ref idref="oc-9c"/>
            <object_component_ref idref="oc-b2"/>
            <object_component_ref idref="oc-9e"/>
            <object_component_ref idref="oc-a1"/>
            <object_component_ref idref="oc-a3"/>
            <object_component_ref idref="oc-a0"/>
         </contents>
      </logical_group>
      <logical_group id="lg-7" display="no" color="cyan">
         <name>.cinit</name>
         <run_address>0x0</run_address>
         <size>0x0</size>
         <contents>
         </contents>
      </logical_group>
      <logical_group id="lg-8" display="no" color="cyan">
         <name>.const</name>
         <load_address>0x9614</load_address>
         <run_address>0x9614</run_address>
         <size>0x820</size>
         <contents>
            <object_component_ref idref="oc-d9"/>
            <object_component_ref idref="oc-c6"/>
            <object_component_ref idref="oc-cb"/>
            <object_component_ref idref="oc-b6"/>
            <object_component_ref idref="oc-bd"/>
            <object_component_ref idref="oc-b8"/>
            <object_component_ref idref="oc-bb"/>
            <object_component_ref idref="oc-c7"/>
            <object_component_ref idref="oc-c5"/>
            <object_component_ref idref="oc-b9"/>
            <object_component_ref idref="oc-c0"/>
            <object_component_ref idref="oc-be"/>
            <object_component_ref idref="oc-40"/>
            <object_component_ref idref="oc-dc"/>
            <object_component_ref idref="oc-c3"/>
            <object_component_ref idref="oc-bf"/>
            <object_component_ref idref="oc-c1"/>
            <object_component_ref idref="oc-ba"/>
            <object_component_ref idref="oc-c2"/>
            <object_component_ref idref="oc-bc"/>
            <object_component_ref idref="oc-c4"/>
            <object_component_ref idref="oc-de"/>
            <object_component_ref idref="oc-df"/>
            <object_component_ref idref="oc-cc"/>
            <object_component_ref idref="oc-cd"/>
         </contents>
      </logical_group>
      <logical_group id="lg-9" display="no" color="cyan">
         <name>.cio</name>
         <run_address>0x0</run_address>
         <size>0x0</size>
         <contents>
         </contents>
      </logical_group>
      <logical_group id="lg-a" display="no" color="cyan">
         <name>.pinit</name>
         <run_address>0x0</run_address>
         <size>0x0</size>
         <contents>
         </contents>
      </logical_group>
      <logical_group id="lg-b" display="no" color="cyan">
         <name>.init_array</name>
         <run_address>0x0</run_address>
         <size>0x0</size>
         <contents>
         </contents>
      </logical_group>
      <logical_group id="lg-c" display="no" color="cyan">
         <name>.mspabi.exidx</name>
         <run_address>0x0</run_address>
         <size>0x0</size>
         <contents>
         </contents>
      </logical_group>
      <logical_group id="lg-d" display="no" color="cyan">
         <name>.mspabi.extab</name>
         <run_address>0x0</run_address>
         <size>0x0</size>
         <contents>
         </contents>
      </logical_group>
      <logical_group id="lg-e" display="no" color="cyan">
         <name>.infoA</name>
         <run_address>0x0</run_address>
         <size>0x0</size>
         <contents>
         </contents>
      </logical_group>
      <logical_group id="lg-f" display="no" color="cyan">
         <name>.infoB</name>
         <run_address>0x0</run_address>
         <size>0x0</size>
         <contents>
         </contents>
      </logical_group>
      <logical_group id="lg-10" display="no" color="cyan">
         <name>.infoC</name>
         <run_address>0x0</run_address>
         <size>0x0</size>
         <contents>
         </contents>
      </logical_group>
      <logical_group id="lg-11" display="no" color="cyan">
         <name>.infoD</name>
         <run_address>0x0</run_address>
         <size>0x0</size>
         <contents>
         </contents>
      </logical_group>
      <logical_group id="lg-12" display="no" color="cyan">
         <name>.int00</name>
         <run_address>0x0</run_address>
         <size>0x0</size>
         <contents>
         </contents>
      </logical_group>
      <logical_group id="lg-13" display="no" color="cyan">
         <name>.int01</name>
         <run_address>0x0</run_address>
         <size>0x0</size>
         <contents>
         </contents>
      </logical_group>
      <logical_group id="lg-14" display="no" color="cyan">
         <name>PORT1</name>
         <load_address>0xffe4</load_address>
         <run_address>0xffe4</run_address>
         <size>0x2</size>
         <contents>
            <object_component_ref idref="oc-2d"/>
         </contents>
      </logical_group>
      <logical_group id="lg-16" display="no" color="cyan">
         <name>PORT2</name>
         <load_address>0xffe6</load_address>
         <run_address>0xffe6</run_address>
         <size>0x2</size>
         <contents>
            <object_component_ref idref="oc-2e"/>
         </contents>
      </logical_group>
      <logical_group id="lg-18" display="no" color="cyan">
         <name>.int04</name>
         <run_address>0x0</run_address>
         <size>0x0</size>
         <contents>
         </contents>
      </logical_group>
      <logical_group id="lg-19" display="no" color="cyan">
         <name>ADC10</name>
         <load_address>0xffea</load_address>
         <run_address>0xffea</run_address>
         <size>0x2</size>
         <contents>
            <object_component_ref idref="oc-2f"/>
         </contents>
      </logical_group>
      <logical_group id="lg-1b" display="no" color="cyan">
         <name>USCIAB0TX</name>
         <load_address>0xffec</load_address>
         <run_address>0xffec</run_address>
         <size>0x2</size>
         <contents>
            <object_component_ref idref="oc-30"/>
         </contents>
      </logical_group>
      <logical_group id="lg-1d" display="no" color="cyan">
         <name>USCIAB0RX</name>
         <load_address>0xffee</load_address>
         <run_address>0xffee</run_address>
         <size>0x2</size>
         <contents>
            <object_component_ref idref="oc-31"/>
         </contents>
      </logical_group>
      <logical_group id="lg-1f" display="no" color="cyan">
         <name>TIMERA1</name>
         <load_address>0xfff0</load_address>
         <run_address>0xfff0</run_address>
         <size>0x2</size>
         <contents>
            <object_component_ref idref="oc-32"/>
         </contents>
      </logical_group>
      <logical_group id="lg-21" display="no" color="cyan">
         <name>TIMERA0</name>
         <load_address>0xfff2</load_address>
         <run_address>0xfff2</run_address>
         <size>0x2</size>
         <contents>
            <object_component_ref idref="oc-33"/>
         </contents>
      </logical_group>
      <logical_group id="lg-23" display="no" color="cyan">
         <name>WDT</name>
         <load_address>0xfff4</load_address>
         <run_address>0xfff4</run_address>
         <size>0x2</size>
         <contents>
            <object_component_ref idref="oc-34"/>
         </contents>
      </logical_group>
      <logical_group id="lg-25" display="no" color="cyan">
         <name>.int11</name>
         <run_address>0x0</run_address>
         <size>0x0</size>
         <contents>
         </contents>
      </logical_group>
      <logical_group id="lg-26" display="no" color="cyan">
         <name>TIMERB1</name>
         <load_address>0xfff8</load_address>
         <run_address>0xfff8</run_address>
         <size>0x2</size>
         <contents>
            <object_component_ref idref="oc-35"/>
         </contents>
      </logical_group>
      <logical_group id="lg-28" display="no" color="cyan">
         <name>TIMERB0</name>
         <load_address>0xfffa</load_address>
         <run_address>0xfffa</run_address>
         <size>0x2</size>
         <contents>
            <object_component_ref idref="oc-36"/>
         </contents>
      </logical_group>
      <logical_group id="lg-2a" display="no" color="cyan">
         <name>NMI</name>
         <load_address>0xfffc</load_address>
         <run_address>0xfffc</run_address>
         <size>0x2</size>
         <contents>
            <object_component_ref idref="oc-37"/>
         </contents>
      </logical_group>
      <logical_group id="lg-2c" display="no" color="cyan">
         <name>.reset</name>
         <load_address>0xfffe</load_address>
         <run_address>0xfffe</run_address>
         <size>0x2</size>
         <contents>
            <object_component_ref idref="oc-55"/>
         </contents>
      </logical_group>
      <logical_group id="lg-101" display="never" color="cyan">
         <name>.debug_info</name>
         <load_address>0x0</load_address>
         <run_address>0x0</run_address>
         <size>0x5c84</size>
         <contents>
            <object_component_ref idref="oc-3a"/>
            <object_component_ref idref="oc-3f"/>
            <object_component_ref idref="oc-45"/>
            <object_component_ref idref="oc-4a"/>
            <object_component_ref idref="oc-4f"/>
            <object_component_ref idref="oc-53"/>
            <object_component_ref idref="oc-59"/>
            <object_component_ref idref="oc-5d"/>
            <object_component_ref idref="oc-61"/>
            <object_component_ref idref="oc-66"/>
            <object_component_ref idref="oc-69"/>
            <object_component_ref idref="oc-6c"/>
            <object_component_ref idref="oc-71"/>
            <object_component_ref idref="oc-75"/>
            <object_component_ref idref="oc-78"/>
            <object_component_ref idref="oc-7b"/>
            <object_component_ref idref="oc-7f"/>
            <object_component_ref idref="oc-84"/>
            <object_component_ref idref="oc-87"/>
            <object_component_ref idref="oc-8b"/>
            <object_component_ref idref="oc-90"/>
            <object_component_ref idref="oc-94"/>
            <object_component_ref idref="oc-98"/>
            <object_component_ref idref="oc-10a"/>
         </contents>
      </logical_group>
      <logical_group id="lg-103" display="never" color="cyan">
         <name>.debug_frame</name>
         <load_address>0x0</load_address>
         <run_address>0x0</run_address>
         <size>0x821</size>
         <contents>
            <object_component_ref idref="oc-3b"/>
            <object_component_ref idref="oc-41"/>
            <object_component_ref idref="oc-46"/>
            <object_component_ref idref="oc-4b"/>
            <object_component_ref idref="oc-56"/>
            <object_component_ref idref="oc-5a"/>
            <object_component_ref idref="oc-5e"/>
            <object_component_ref idref="oc-62"/>
            <object_component_ref idref="oc-6d"/>
            <object_component_ref idref="oc-7c"/>
            <object_component_ref idref="oc-80"/>
            <object_component_ref idref="oc-88"/>
            <object_component_ref idref="oc-8c"/>
            <object_component_ref idref="oc-91"/>
            <object_component_ref idref="oc-95"/>
            <object_component_ref idref="oc-99"/>
         </contents>
      </logical_group>
      <logical_group id="lg-105" display="never" color="cyan">
         <name>.debug_line</name>
         <load_address>0x0</load_address>
         <run_address>0x0</run_address>
         <size>0x102d</size>
         <contents>
            <object_component_ref idref="oc-3c"/>
            <object_component_ref idref="oc-42"/>
            <object_component_ref idref="oc-47"/>
            <object_component_ref idref="oc-4c"/>
            <object_component_ref idref="oc-50"/>
            <object_component_ref idref="oc-57"/>
            <object_component_ref idref="oc-5b"/>
            <object_component_ref idref="oc-5f"/>
            <object_component_ref idref="oc-63"/>
            <object_component_ref idref="oc-67"/>
            <object_component_ref idref="oc-6a"/>
            <object_component_ref idref="oc-6e"/>
            <object_component_ref idref="oc-72"/>
            <object_component_ref idref="oc-76"/>
            <object_component_ref idref="oc-79"/>
            <object_component_ref idref="oc-7d"/>
            <object_component_ref idref="oc-81"/>
            <object_component_ref idref="oc-85"/>
            <object_component_ref idref="oc-89"/>
            <object_component_ref idref="oc-8d"/>
            <object_component_ref idref="oc-92"/>
            <object_component_ref idref="oc-96"/>
            <object_component_ref idref="oc-9a"/>
         </contents>
      </logical_group>
      <logical_group id="lg-107" display="never" color="cyan">
         <name>.debug_abbrev</name>
         <load_address>0x0</load_address>
         <run_address>0x0</run_address>
         <size>0x1119</size>
         <contents>
            <object_component_ref idref="oc-3d"/>
            <object_component_ref idref="oc-43"/>
            <object_component_ref idref="oc-48"/>
            <object_component_ref idref="oc-4d"/>
            <object_component_ref idref="oc-51"/>
            <object_component_ref idref="oc-58"/>
            <object_component_ref idref="oc-5c"/>
            <object_component_ref idref="oc-60"/>
            <object_component_ref idref="oc-64"/>
            <object_component_ref idref="oc-68"/>
            <object_component_ref idref="oc-6b"/>
            <object_component_ref idref="oc-6f"/>
            <object_component_ref idref="oc-73"/>
            <object_component_ref idref="oc-77"/>
            <object_component_ref idref="oc-7a"/>
            <object_component_ref idref="oc-7e"/>
            <object_component_ref idref="oc-82"/>
            <object_component_ref idref="oc-86"/>
            <object_component_ref idref="oc-8a"/>
            <object_component_ref idref="oc-8e"/>
            <object_component_ref idref="oc-93"/>
            <object_component_ref idref="oc-97"/>
            <object_component_ref idref="oc-9b"/>
            <object_component_ref idref="oc-10b"/>
         </contents>
      </logical_group>
   </logical_group_list>
   <placement_map>
      <memory_area display="no" color="green">
         <name>SFR</name>
         <page_id>0x0</page_id>
         <origin>0x0</origin>
         <length>0x10</length>
         <used_space>0x0</used_space>
         <unused_space>0x10</unused_space>
         <attributes>RWIX</attributes>
         <usage_details>
         </usage_details>
      </memory_area>
      <memory_area display="yes" color="green">
         <name>PERIPHERALS_8BIT</name>
         <page_id>0x0</page_id>
         <origin>0x10</origin>
         <length>0xf0</length>
         <used_space>0x0</used_space>
         <unused_space>0xf0</unused_space>
         <attributes>RWIX</attributes>
         <usage_details>
         </usage_details>
      </memory_area>
      <memory_area display="yes" color="green">
         <name>PERIPHERALS_16BIT</name>
         <page_id>0x0</page_id>
         <origin>0x100</origin>
         <length>0x100</length>
         <used_space>0x0</used_space>
         <unused_space>0x100</unused_space>
         <attributes>RWIX</attributes>
         <usage_details>
         </usage_details>
      </memory_area>
      <memory_area display="yes" color="green">
         <name>RAM</name>
         <page_id>0x0</page_id>
         <origin>0x200</origin>
         <length>0x400</length>
         <used_space>0x3aa</used_space>
         <unused_space>0x56</unused_space>
         <attributes>RWIX</attributes>
         <usage_details>
            <allocated_space>
               <start_address>0x200</start_address>
               <size>0x0</size>
               <logical_group_ref idref="lg-3"/>
            </allocated_space>
            <allocated_space>
               <start_address>0x200</start_address>
               <size>0x35a</size>
               <logical_group_ref idref="lg-2"/>
            </allocated_space>
            <available_space>
               <start_address>0x55a</start_address>
               <size>0x56</size>
            </available_space>
            <allocated_space>
               <start_address>0x5b0</start_address>
               <size>0x50</size>
               <logical_group_ref idref="lg-5"/>
            </allocated_space>
         </usage_details>
      </memory_area>
      <memory_area display="no" color="green">
         <name>INFOD</name>
         <page_id>0x0</page_id>
         <origin>0x1000</origin>
         <length>0x40</length>
         <used_space>0x0</used_space>
         <unused_space>0x40</unused_space>
         <attributes>RWIX</attributes>
         <usage_details>
         </usage_details>
      </memory_area>
      <memory_area display="no" color="green">
         <name>INFOC</name>
         <page_id>0x0</page_id>
         <origin>0x1040</origin>
         <length>0x40</length>
         <used_space>0x0</used_space>
         <unused_space>0x40</unused_space>
         <attributes>RWIX</attributes>
         <usage_details>
         </usage_details>
      </memory_area>
      <memory_area display="no" color="green">
         <name>INFOB</name>
         <page_id>0x0</page_id>
         <origin>0x1080</origin>
         <length>0x40</length>
         <used_space>0x0</used_space>
         <unused_space>0x40</unused_space>
         <attributes>RWIX</attributes>
         <usage_details>
         </usage_details>
      </memory_area>
      <memory_area display="no" color="green">
         <name>INFOA</name>
         <page_id>0x0</page_id>
         <origin>0x10c0</origin>
         <length>0x40</length>
         <used_space>0x0</used_space>
         <unused_space>0x40</unused_space>
         <attributes>RWIX</attributes>
         <usage_details>
         </usage_details>
      </memory_area>
      <memory_area display="yes" color="green">
         <name>FLASH</name>
         <page_id>0x0</page_id>
         <origin>0x8000</origin>
         <length>0x7fde</length>
         <used_space>0x1e34</used_space>
         <unused_space>0x61aa</unused_space>
         <attributes>RWIX</attributes>
         <usage_details>
            <allocated_space>
               <start_address>0x8000</start_address>
               <size>0x1614</size>
               <logical_group_ref idref="lg-6"/>
            </allocated_space>
            <allocated_space>
               <start_address>0x9614</start_address>
               <size>0x820</size>
               <logical_group_ref idref="lg-8"/>
            </allocated_space>
            <available_space>
               <start_address>0x9e34</start_address>
               <size>0x61aa</size>
            </available_space>
         </usage_details>
      </memory_area>
      <memory_area display="no" color="green">
         <name>INT00</name>
         <page_id>0x0</page_id>
         <origin>0xffe0</origin>
         <length>0x2</length>
         <used_space>0x0</used_space>
         <unused_space>0x2</unused_space>
         <attributes>RWIX</attributes>
         <usage_details>
         </usage_details>
      </memory_area>
      <memory_area display="no" color="green">
         <name>INT01</name>
         <page_id>0x0</page_id>
         <origin>0xffe2</origin>
         <length>0x2</length>
         <used_space>0x0</used_space>
         <unused_space>0x2</unused_space>
         <attributes>RWIX</attributes>
         <usage_details>
         </usage_details>
      </memory_area>
      <memory_area display="no" color="green">
         <name>INT02</name>
         <page_id>0x0</page_id>
         <origin>0xffe4</origin>
         <length>0x2</length>
         <used_space>0x2</used_space>
         <unused_space>0x0</unused_space>
         <attributes>RWIX</attributes>
         <usage_details>
            <allocated_space>
               <start_address>0xffe4</start_address>
               <size>0x2</size>
               <logical_group_ref idref="lg-14"/>
            </allocated_space>
         </usage_details>
      </memory_area>
      <memory_area display="no" color="green">
         <name>INT03</name>
         <page_id>0x0</page_id>
         <origin>0xffe6</origin>
         <length>0x2</length>
         <used_space>0x2</used_space>
         <unused_space>0x0</unused_space>
         <attributes>RWIX</attributes>
         <usage_details>
            <allocated_space>
               <start_address>0xffe6</start_address>
               <size>0x2</size>
               <logical_group_ref idref="lg-16"/>
            </allocated_space>
         </usage_details>
      </memory_area>
      <memory_area display="no" color="green">
         <name>INT04</name>
         <page_id>0x0</page_id>
         <origin>0xffe8</origin>
         <length>0x2</length>
         <used_space>0x0</used_space>
         <unused_space>0x2</unused_space>
         <attributes>RWIX</attributes>
         <usage_details>
         </usage_details>
      </memory_area>
      <memory_area display="no" color="green">
         <name>INT05</name>
         <page_id>0x0</page_id>
         <origin>0xffea</origin>
         <length>0x2</length>
         <used_space>0x2</used_space>
         <unused_space>0x0</unused_space>
         <attributes>RWIX</attributes>
         <usage_details>
            <allocated_space>
               <start_address>0xffea</start_address>
               <size>0x2</size>
               <logical_group_ref idref="lg-19"/>
            </allocated_space>
         </usage_details>
      </memory_area>
      <memory_area display="no" color="green">
         <name>INT06</name>
         <page_id>0x0</page_id>
         <origin>0xffec</origin>
         <length>0x2</length>
         <used_space>0x2</used_space>
         <unused_space>0x0</unused_space>
         <attributes>RWIX</attributes>
         <usage_details>
            <allocated_space>
               <start_address>0xffec</start_address>
               <size>0x2</size>
               <logical_group_ref idref="lg-1b"/>
            </allocated_space>
         </usage_details>
      </memory_area>
      <memory_area display="no" color="green">
         <name>INT07</name>
         <page_id>0x0</page_id>
         <origin>0xffee</origin>
         <length>0x2</length>
         <used_space>0x2</used_space>
         <unused_space>0x0</unused_space>
         <attributes>RWIX</attributes>
         <usage_details>
            <allocated_space>
               <start_address>0xffee</start_address>
               <size>0x2</size>
               <logical_group_ref idref="lg-1d"/>
            </allocated_space>
         </usage_details>
      </memory_area>
      <memory_area display="no" color="green">
         <name>INT08</name>
         <page_id>0x0</page_id>
[...]
         <value>0xfff2</value>
         <object_component_ref idref="oc-33"/>
      </symbol>
      <symbol id="sm-185">
         <name>__TI_int06</name>
         <value>0xffec</value>
         <object_component_ref idref="oc-30"/>
      </symbol>
      <symbol id="sm-186">
         <name>__TI_int07</name>
         <value>0xffee</value>
         <object_component_ref idref="oc-31"/>
      </symbol>
      <symbol id="sm-187">
         <name>__TI_int02</name>
         <value>0xffe4</value>
         <object_component_ref idref="oc-2d"/>
      </symbol>
      <symbol id="sm-188">
         <name>__TI_int03</name>
         <value>0xffe6</value>
         <object_component_ref idref="oc-2e"/>
      </symbol>
      <symbol id="sm-189">
         <name>port1_init</name>
         <value>0x9316</value>
         <object_component_ref idref="oc-a8"/>
      </symbol>
      <symbol id="sm-18a">
         <name>block</name>
         <value>0x9dc0</value>
         <object_component_ref idref="oc-bc"/>
      </symbol>
      <symbol id="sm-18b">
         <name>__TI_int14</name>
         <value>0xfffc</value>
         <object_component_ref idref="oc-37"/>
      </symbol>
      <symbol id="sm-18c">
         <name>__TI_int12</name>
         <value>0xfff8</value>
         <object_component_ref idref="oc-35"/>
      </symbol>
      <symbol id="sm-18d">
         <name>__TI_int13</name>
         <value>0xfffa</value>
         <object_component_ref idref="oc-36"/>
      </symbol>
      <symbol id="sm-18e">
         <name>__TI_int10</name>
         <value>0xfff4</value>
         <object_component_ref idref="oc-34"/>
      </symbol>
      <symbol id="sm-18f">
         <name>beehive</name>
         <value>0x9d22</value>
         <object_component_ref idref="oc-bf"/>
      </symbol>
      <symbol id="sm-190">
         <name>pulsar</name>
         <value>0x99bc</value>
         <object_component_ref idref="oc-b6"/>
      </symbol>
      <symbol id="sm-191">
         <name>ISR_trap</name>
         <value>0x944e</value>
         <object_component_ref idref="oc-9d"/>
      </symbol>
      <symbol id="sm-192">
         <name>hexapole</name>
         <value>0x9b92</value>
         <object_component_ref idref="oc-c7"/>
      </symbol>
      <symbol id="sm-193">
         <name>lwss</name>
         <value>0x9c6e</value>
         <object_component_ref idref="oc-be"/>
      </symbol>
      <symbol id="sm-194">
         <name>by_flop</name>
         <value>0x9bd0</value>
         <object_component_ref idref="oc-c5"/>
      </symbol>
      <symbol id="sm-195">
         <name>Port_1_ISR</name>
         <value>0x95ec</value>
         <object_component_ref idref="oc-9c"/>
      </symbol>
      <symbol id="sm-196">
         <name>beacon</name>
         <value>0x9cf6</value>
         <object_component_ref idref="oc-c3"/>
      </symbol>
      <symbol id="sm-197">
         <name>toad</name>
         <value>0x9d9c</value>
         <object_component_ref idref="oc-c2"/>
      </symbol>
      <symbol id="sm-198">
         <name>init_life</name>
         <value>0x848a</value>
         <object_component_ref idref="oc-a9"/>
      </symbol>
      <symbol id="sm-199">
         <name>watchdog_init</name>
         <value>0x9556</value>
         <object_component_ref idref="oc-a7"/>
      </symbol>
      <symbol id="sm-19a">
         <name>blinker</name>
         <value>0x9de4</value>
         <object_component_ref idref="oc-c4"/>
      </symbol>
      <symbol id="sm-19b">
         <name>glider</name>
         <value>0x9d74</value>
         <object_component_ref idref="oc-ba"/>
      </symbol>
      <symbol id="sm-19c">
         <name>seconds</name>
         <value>0x53e</value>
         <object_component_ref idref="oc-3e"/>
      </symbol>
      <symbol id="sm-19d">
         <name>boat</name>
         <value>0x9d4c</value>
         <object_component_ref idref="oc-c1"/>
      </symbol>
      <symbol id="sm-19e">
         <name>switches</name>
         <value>0x540</value>
         <object_component_ref idref="oc-3e"/>
      </symbol>
      <symbol id="sm-19f">
         <name>gosper_glider_gun</name>
         <value>0x9a56</value>
         <object_component_ref idref="oc-bd"/>
      </symbol>
      <symbol id="sm-1a0">
         <name>display_results</name>
         <value>0x8c9a</value>
         <object_component_ref idref="oc-ae"/>
      </symbol>
      <symbol id="sm-1a1">
         <name>loafer</name>
         <value>0x9b42</value>
         <object_component_ref idref="oc-bb"/>
      </symbol>
      <symbol id="sm-25a">
         <name>lcd_mode</name>
         <value>0x9508</value>
         <object_component_ref idref="oc-d0"/>
      </symbol>
      <symbol id="sm-25b">
         <name>px_off</name>
         <value>0x9e28</value>
         <object_component_ref idref="oc-cc"/>
      </symbol>
      <symbol id="sm-25c">
         <name>lcd_backlight</name>
         <value>0x9580</value>
         <object_component_ref idref="oc-b4"/>
      </symbol>
      <symbol id="sm-25d">
         <name>lcd_cursor</name>
         <value>0x934a</value>
         <object_component_ref idref="oc-d1"/>
      </symbol>
      <symbol id="sm-25e">
         <name>lcd_putchar</name>
         <value>0x8dcc</value>
         <object_component_ref idref="oc-d7"/>
      </symbol>
      <symbol id="sm-25f">
         <name>lcd_set</name>
         <value>0x937a</value>
         <object_component_ref idref="oc-d3"/>
      </symbol>
      <symbol id="sm-260">
         <name>lcd_clear</name>
         <value>0x95f8</value>
         <object_component_ref idref="oc-b2"/>
      </symbol>
      <symbol id="sm-261">
         <name>lcd_set_x_y</name>
         <value>0x92e2</value>
         <object_component_ref idref="oc-c8"/>
      </symbol>
      <symbol id="sm-262">
         <name>lcd_printf</name>
         <value>0x942a</value>
         <object_component_ref idref="oc-d2"/>
      </symbol>
      <symbol id="sm-263">
         <name>lcd_WD</name>
         <value>0x90ba</value>
         <object_component_ref idref="oc-da"/>
      </symbol>
      <symbol id="sm-264">
         <name>lcd_WD2</name>
         <value>0x9164</value>
         <object_component_ref idref="oc-db"/>
      </symbol>
      <symbol id="sm-265">
         <name>lcd_point</name>
         <value>0x8000</value>
         <object_component_ref idref="oc-ad"/>
      </symbol>
      <symbol id="sm-266">
         <name>lcd_init</name>
         <value>0x8860</value>
         <object_component_ref idref="oc-a6"/>
      </symbol>
      <symbol id="sm-267">
         <name>lcd_rectangle</name>
         <value>0x8fbc</value>
         <object_component_ref idref="oc-b5"/>
      </symbol>
      <symbol id="sm-268">
         <name>cs</name>
         <value>0x9614</value>
         <object_component_ref idref="oc-d9"/>
      </symbol>
      <symbol id="sm-269">
         <name>dv3</name>
         <value>0x991a</value>
         <object_component_ref idref="oc-cb"/>
      </symbol>
      <symbol id="sm-26a">
         <name>px_on</name>
         <value>0x9e2e</value>
         <object_component_ref idref="oc-cd"/>
      </symbol>
      <symbol id="sm-28c">
         <name>ADC10_ISR</name>
         <value>0x9602</value>
         <object_component_ref idref="oc-9e"/>
      </symbol>
      <symbol id="sm-28d">
         <name>__TI_int05</name>
         <value>0xffea</value>
         <object_component_ref idref="oc-2f"/>
      </symbol>
      <symbol id="sm-28e">
         <name>RBX430_init</name>
         <value>0x8efe</value>
         <object_component_ref idref="oc-a5"/>
      </symbol>
      <symbol id="sm-28f">
         <name>i2c_fSCL</name>
         <value>0x558</value>
         <object_component_ref idref="oc-49"/>
      </symbol>
      <symbol id="sm-290">
         <name>ERROR2</name>
         <value>0x9044</value>
         <object_component_ref idref="oc-a4"/>
      </symbol>
      <symbol id="sm-298">
         <name>I_ASR</name>
         <value>0x93a8</value>
         <object_component_ref idref="oc-4e"/>
      </symbol>
      <symbol id="sm-299">
         <name>I_ASR_12</name>
         <value>0x93ba</value>
         <object_component_ref idref="oc-4e"/>
      </symbol>
      <symbol id="sm-29a">
         <name>I_ASR_13</name>
         <value>0x93b8</value>
         <object_component_ref idref="oc-4e"/>
      </symbol>
      <symbol id="sm-29b">
         <name>I_ASR_10</name>
         <value>0x93be</value>
         <object_component_ref idref="oc-4e"/>
      </symbol>
      <symbol id="sm-29c">
         <name>I_ASR_11</name>
         <value>0x93bc</value>
         <object_component_ref idref="oc-4e"/>
      </symbol>
      <symbol id="sm-29d">
         <name>I_ASR_14</name>
         <value>0x93b6</value>
         <object_component_ref idref="oc-4e"/>
      </symbol>
      <symbol id="sm-29e">
         <name>I_ASR_15</name>
         <value>0x93b4</value>
         <object_component_ref idref="oc-4e"/>
      </symbol>
      <symbol id="sm-29f">
         <name>I_ASR_3</name>
         <value>0x93cc</value>
         <object_component_ref idref="oc-4e"/>
      </symbol>
      <symbol id="sm-2a0">
         <name>I_ASR_2</name>
         <value>0x93ce</value>
         <object_component_ref idref="oc-4e"/>
      </symbol>
      <symbol id="sm-2a1">
         <name>I_ASR_1</name>
         <value>0x93d0</value>
         <object_component_ref idref="oc-4e"/>
      </symbol>
      <symbol id="sm-2a2">
         <name>I_ASR_7</name>
         <value>0x93c4</value>
         <object_component_ref idref="oc-4e"/>
      </symbol>
      <symbol id="sm-2a3">
         <name>I_ASR_6</name>
         <value>0x93c6</value>
         <object_component_ref idref="oc-4e"/>
      </symbol>
      <symbol id="sm-2a4">
         <name>I_ASR_5</name>
         <value>0x93c8</value>
         <object_component_ref idref="oc-4e"/>
      </symbol>
      <symbol id="sm-2a5">
         <name>I_ASR_4</name>
         <value>0x93ca</value>
         <object_component_ref idref="oc-4e"/>
      </symbol>
      <symbol id="sm-2a6">
         <name>I_ASR_9</name>
         <value>0x93c0</value>
         <object_component_ref idref="oc-4e"/>
      </symbol>
      <symbol id="sm-2a7">
         <name>I_ASR_8</name>
         <value>0x93c2</value>
         <object_component_ref idref="oc-4e"/>
      </symbol>
      <symbol id="sm-2b7">
         <name>_c_int00</name>
         <value>0x94cc</value>
         <object_component_ref idref="oc-38"/>
      </symbol>
      <symbol id="sm-2b8">
         <name>_stack</name>
         <value>0x5b0</value>
         <object_component_ref idref="oc-54"/>
      </symbol>
      <symbol id="sm-2b9">
         <name>_c_int00_noinit_noexit</name>
         <value>0x94cc</value>
         <object_component_ref idref="oc-38"/>
      </symbol>
      <symbol id="sm-2ba">
         <name>__TI_dtors_ptr</name>
         <value>0x556</value>
         <object_component_ref idref="oc-52"/>
      </symbol>
      <symbol id="sm-2bb">
         <name>__TI_cleanup_ptr</name>
         <value>0x554</value>
         <object_component_ref idref="oc-52"/>
      </symbol>
      <symbol id="sm-2bc">
         <name>_reset_vector</name>
         <value>0xfffe</value>
         <object_component_ref idref="oc-55"/>
      </symbol>
      <symbol id="sm-2db">
         <name>__remu</name>
         <value>0x9540</value>
         <object_component_ref idref="oc-65"/>
      </symbol>
      <symbol id="sm-2dc">
         <name>__divu</name>
         <value>0x9540</value>
         <object_component_ref idref="oc-65"/>
      </symbol>
      <symbol id="sm-2e5">
         <name>func_epilog_1</name>
         <value>0x95da</value>
         <object_component_ref idref="oc-cf"/>
      </symbol>
      <symbol id="sm-2e6">
         <name>func_epilog_2</name>
         <value>0x95d8</value>
         <object_component_ref idref="oc-cf"/>
      </symbol>
      <symbol id="sm-2e7">
         <name>func_epilog_3</name>
         <value>0x95d6</value>
         <object_component_ref idref="oc-cf"/>
      </symbol>
      <symbol id="sm-2e8">
         <name>func_epilog_4</name>
         <value>0x95d4</value>
         <object_component_ref idref="oc-cf"/>
      </symbol>
      <symbol id="sm-2e9">
         <name>func_epilog_5</name>
         <value>0x95d2</value>
         <object_component_ref idref="oc-cf"/>
      </symbol>
      <symbol id="sm-2ea">
         <name>func_epilog_6</name>
         <value>0x95d0</value>
         <object_component_ref idref="oc-cf"/>
      </symbol>
      <symbol id="sm-2eb">
         <name>func_epilog_7</name>
         <value>0x95ce</value>
         <object_component_ref idref="oc-cf"/>
      </symbol>
      <symbol id="sm-2f6">
         <name>C$$EXIT</name>
         <value>0x960e</value>
         <object_component_ref idref="oc-a3"/>
      </symbol>
      <symbol id="sm-2f7">
         <name>abort</name>
         <value>0x960e</value>
         <object_component_ref idref="oc-a3"/>
      </symbol>
      <symbol id="sm-2f8">
         <name>__TI_exit</name>
         <value>0x1</value>
      </symbol>
      <symbol id="sm-300">
         <name>I_LSL</name>
         <value>0x93d4</value>
         <object_component_ref idref="oc-70"/>
      </symbol>
      <symbol id="sm-301">
         <name>I_LSL_3</name>
         <value>0x93f8</value>
         <object_component_ref idref="oc-70"/>
      </symbol>
      <symbol id="sm-302">
         <name>I_LSL_2</name>
         <value>0x93fa</value>
         <object_component_ref idref="oc-70"/>
      </symbol>
      <symbol id="sm-303">
         <name>I_LSL_1</name>
         <value>0x93fc</value>
         <object_component_ref idref="oc-70"/>
      </symbol>
      <symbol id="sm-304">
         <name>I_LSL_7</name>
         <value>0x93f0</value>
         <object_component_ref idref="oc-70"/>
      </symbol>
      <symbol id="sm-305">
         <name>I_LSL_6</name>
         <value>0x93f2</value>
         <object_component_ref idref="oc-70"/>
      </symbol>
      <symbol id="sm-306">
         <name>I_LSL_5</name>
         <value>0x93f4</value>
         <object_component_ref idref="oc-70"/>
      </symbol>
      <symbol id="sm-307">
         <name>I_LSL_4</name>
         <value>0x93f6</value>
         <object_component_ref idref="oc-70"/>
      </symbol>
      <symbol id="sm-308">
         <name>I_LSL_9</name>
         <value>0x93ec</value>
         <object_component_ref idref="oc-70"/>
      </symbol>
      <symbol id="sm-309">
         <name>I_LSL_8</name>
         <value>0x93ee</value>
         <object_component_ref idref="oc-70"/>
      </symbol>
      <symbol id="sm-30a">
         <name>I_LSL_12</name>
         <value>0x93e6</value>
         <object_component_ref idref="oc-70"/>
      </symbol>
      <symbol id="sm-30b">
         <name>I_LSL_13</name>
         <value>0x93e4</value>
         <object_component_ref idref="oc-70"/>
      </symbol>
      <symbol id="sm-30c">
         <name>I_LSL_10</name>
         <value>0x93ea</value>
         <object_component_ref idref="oc-70"/>
      </symbol>
      <symbol id="sm-30d">
         <name>I_LSL_11</name>
         <value>0x93e8</value>
         <object_component_ref idref="oc-70"/>
      </symbol>
      <symbol id="sm-30e">
         <name>I_LSL_14</name>
         <value>0x93e2</value>
         <object_component_ref idref="oc-70"/>
      </symbol>
      <symbol id="sm-30f">
         <name>I_LSL_15</name>
         <value>0x93e0</value>
         <object_component_ref idref="oc-70"/>
      </symbol>
      <symbol id="sm-317">
         <name>I_LSR</name>
         <value>0x9118</value>
         <object_component_ref idref="oc-74"/>
      </symbol>
      <symbol id="sm-318">
         <name>I_LSR_12</name>
         <value>0x9132</value>
         <object_component_ref idref="oc-74"/>
      </symbol>
      <symbol id="sm-319">
         <name>I_LSR_13</name>
         <value>0x912e</value>
         <object_component_ref idref="oc-74"/>
      </symbol>
      <symbol id="sm-31a">
         <name>I_LSR_10</name>
         <value>0x913a</value>
         <object_component_ref idref="oc-74"/>
      </symbol>
      <symbol id="sm-31b">
         <name>I_LSR_11</name>
         <value>0x9136</value>
         <object_component_ref idref="oc-74"/>
      </symbol>
      <symbol id="sm-31c">
         <name>I_LSR_14</name>
         <value>0x912a</value>
         <object_component_ref idref="oc-74"/>
      </symbol>
      <symbol id="sm-31d">
         <name>I_LSR_15</name>
         <value>0x9126</value>
         <object_component_ref idref="oc-74"/>
      </symbol>
      <symbol id="sm-31e">
         <name>I_LSR_3</name>
         <value>0x9156</value>
         <object_component_ref idref="oc-74"/>
      </symbol>
      <symbol id="sm-31f">
         <name>I_LSR_2</name>
         <value>0x915a</value>
         <object_component_ref idref="oc-74"/>
      </symbol>
      <symbol id="sm-320">
         <name>I_LSR_1</name>
         <value>0x915e</value>
         <object_component_ref idref="oc-74"/>
      </symbol>
      <symbol id="sm-321">
         <name>I_LSR_7</name>
         <value>0x9146</value>
         <object_component_ref idref="oc-74"/>
      </symbol>
      <symbol id="sm-322">
         <name>I_LSR_6</name>
         <value>0x914a</value>
         <object_component_ref idref="oc-74"/>
      </symbol>
      <symbol id="sm-323">
         <name>I_LSR_5</name>
         <value>0x914e</value>
         <object_component_ref idref="oc-74"/>
      </symbol>
      <symbol id="sm-324">
         <name>I_LSR_4</name>
         <value>0x9152</value>
         <object_component_ref idref="oc-74"/>
      </symbol>
      <symbol id="sm-325">
         <name>I_LSR_9</name>
         <value>0x913e</value>
         <object_component_ref idref="oc-74"/>
      </symbol>
      <symbol id="sm-326">
         <name>I_LSR_8</name>
         <value>0x9142</value>
         <object_component_ref idref="oc-74"/>
      </symbol>
      <symbol id="sm-330">
         <name>L_LSR</name>
         <value>0x95bc</value>
         <object_component_ref idref="oc-dd"/>
      </symbol>
      <symbol id="sm-343">
         <name>memset</name>
         <value>0x9594</value>
         <object_component_ref idref="oc-b3"/>
      </symbol>
      <symbol id="sm-34d">
         <name>__mpyi</name>
         <value>0x95a8</value>
         <object_component_ref idref="oc-83"/>
      </symbol>
      <symbol id="sm-357">
         <name>_system_pre_init</name>
         <value>0x960a</value>
         <object_component_ref idref="oc-a1"/>
      </symbol>
      <symbol id="sm-362">
         <name>strlen</name>
         <value>0x95de</value>
         <object_component_ref idref="oc-e0"/>
      </symbol>
      <symbol id="sm-36e">
         <name>_nop</name>
         <value>0x9612</value>
         <object_component_ref idref="oc-a0"/>
      </symbol>
      <symbol id="sm-36f">
         <name>_lock</name>
         <value>0x550</value>
         <object_component_ref idref="oc-8f"/>
      </symbol>
      <symbol id="sm-370">
         <name>_unlock</name>
         <value>0x552</value>
         <object_component_ref idref="oc-8f"/>
      </symbol>
      <symbol id="sm-378">
         <name>__TI_args_main</name>
         <value>0x1</value>
      </symbol>
      <symbol id="sm-380">
         <name>__TI_auto_init</name>
         <value>0x1</value>
      </symbol>
   </symbol_table>
   <title>Link successful</title>
</link_info>
