******************************************************************************
                  MSP430 Linker PC v4.2.1                      
******************************************************************************
>> Linked Fri Mar 27 11:30:48 2015

OUTPUT FILE NAME:   <L08-Life.out>
ENTRY POINT SYMBOL: "_c_int00"  address: 000092b0


MEMORY CONFIGURATION

         name            origin    length      used     unused   attr    fill
----------------------  --------  ---------  --------  --------  ----  --------
  SFR                   00000000   00000010  00000000  00000010  RWIX
  PERIPHERALS_8BIT      00000010   000000f0  00000000  000000f0  RWIX
  PERIPHERALS_16BIT     00000100   00000100  00000000  00000100  RWIX
  RAM                   00000200   00000400  000003aa  00000056  RWIX
  INFOD                 00001000   00000040  00000000  00000040  RWIX
  INFOC                 00001040   00000040  00000000  00000040  RWIX
  INFOB                 00001080   00000040  00000000  00000040  RWIX
  INFOA                 000010c0   00000040  00000000  00000040  RWIX
  FLASH                 00008000   00007fde  00002314  00005cca  RWIX
  INT00                 0000ffe0   00000002  00000000  00000002  RWIX
  INT01                 0000ffe2   00000002  00000000  00000002  RWIX
  INT02                 0000ffe4   00000002  00000002  00000000  RWIX
  INT03                 0000ffe6   00000002  00000002  00000000  RWIX
  INT04                 0000ffe8   00000002  00000000  00000002  RWIX
  INT05                 0000ffea   00000002  00000002  00000000  RWIX
  INT06                 0000ffec   00000002  00000002  00000000  RWIX
  INT07                 0000ffee   00000002  00000002  00000000  RWIX
  INT08                 0000fff0   00000002  00000002  00000000  RWIX
  INT09                 0000fff2   00000002  00000002  00000000  RWIX
  INT10                 0000fff4   00000002  00000002  00000000  RWIX
  INT11                 0000fff6   00000002  00000000  00000002  RWIX
  INT12                 0000fff8   00000002  00000002  00000000  RWIX
  INT13                 0000fffa   00000002  00000002  00000000  RWIX
  INT14                 0000fffc   00000002  00000002  00000000  RWIX
  RESET                 0000fffe   00000002  00000002  00000000  RWIX


SECTION ALLOCATION MAP

 output                                  attributes/
section   page    origin      length       input sections
--------  ----  ----------  ----------   ----------------
.cinit     0    00008000    00000000     UNINITIALIZED

.pinit     0    00008000    00000000     UNINITIALIZED

.bss       0    00000200    0000035a     UNINITIALIZED
                  00000200    0000033e     main.obj (.bss)
                  0000053e    0000000c     lifelib.obj (.bss)
                  0000054a    00000006     RBX430_lcd.obj (.bss)
                  00000550    00000004     rts430.lib : _lock.obj (.bss)
                  00000554    00000004                : boot.obj (.bss)
                  00000558    00000002     RBX430-1.obj (.bss)

.data      0    00000200    00000000     UNINITIALIZED

.stack     0    000005b0    00000050     UNINITIALIZED
                  000005b0    00000002     rts430.lib : boot.obj (.stack)
                  000005b2    0000004e     --HOLE--

.text      0    00008000    000013ca     
                  00008000    00000246     RBX430_lcd.obj (.text:lcd_point)
                  00008246    00000244     RBX430_lcd.obj (.text:my_printfi)
                  0000848a    00000222     lifelib.obj (.text:init_life)
                  000086ac    00000186     RBX430_lcd.obj (.text:lcd_init)
                  00008832    0000014a     main.obj (.text:main)
                  0000897c    00000132     lifelib.obj (.text:display_results)
                  00008aae    00000132     RBX430_lcd.obj (.text:lcd_putchar)
                  00008be0    00000130     main.obj (.text:living_neighbors)
                  00008d10    000000be     RBX430-1.obj (.text:RBX430_init)
                  00008dce    00000088     RBX430_lcd.obj (.text:lcd_rectangle)
                  00008e56    00000076     RBX430-1.obj (.text:ERROR2)
                  00008ecc    0000005e     RBX430_lcd.obj (.text:lcd_WD)
                  00008f2a    0000004c     rts430.lib : lsr16.obj (.text)
                  00008f76    0000004a     RBX430_lcd.obj (.text:lcd_WD2)
                  00008fc0    00000046     RBX430_lcd.obj (.text:DelayMs)
                  00009006    00000042     lifelib.obj (.text:WDT_ISR)
                  00009048    0000003c     main.obj (.text:draw_rle_pattern)
                  00009084    00000038     RBX430_lcd.obj (.text:ReadDataWord)
                  000090bc    00000034     RBX430_lcd.obj (.text:WriteDataWord)
                  000090f0    00000034     RBX430_lcd.obj (.text:lcd_set_x_y)
                  00009124    00000034     lifelib.obj (.text:port1_init)
                  00009158    00000030     RBX430_lcd.obj (.text:lcd_cursor)
                  00009188    0000002e     RBX430_lcd.obj (.text:lcd_set)
                  000091b6    0000002c     rts430.lib : asr16.obj (.text)
                  000091e2    0000002c                : lsl16.obj (.text)
                  0000920e    00000024     RBX430_lcd.obj (.text:lcd_printf)
                  00009232    00000022     lifelib.obj (.text:ISR_trap)
                  00009254    00000020     RBX430_lcd.obj (.text:ReadData)
                  00009274    0000001e     RBX430_lcd.obj (.text:WriteCmd)
                  00009292    0000001e     RBX430_lcd.obj (.text:WriteData)
                  000092b0    0000001e     rts430.lib : boot.obj (.text:_c_int00_noinit_noexit)
                  000092ce    0000001e     main.obj (.text:copy_row)
                  000092ec    0000001e     RBX430_lcd.obj (.text:lcd_mode)
                  0000930a    00000016     rts430.lib : div16u.obj (.text)
                  00009320    00000016     lifelib.obj (.text:watchdog_init)
                  00009336    00000014     RBX430_lcd.obj (.text:lcd_backlight)
                  0000934a    00000014     rts430.lib : memset.obj (.text:memset)
                  0000935e    00000014                : mult16.obj (.text)
                  00009372    00000012                : lsr32.obj (.text:l_lsr)
                  00009384    00000010                : epilog.obj (.text)
                  00009394    0000000e                : strlen.obj (.text:strlen)
                  000093a2    0000000c     lifelib.obj (.text:Port_1_ISR)
                  000093ae    0000000a     RBX430_lcd.obj (.text:lcd_clear)
                  000093b8    00000008     RBX430-1.obj (.text:ADC10_ISR)
                  000093c0    00000004     rts430.lib : pre_init.obj (.text:_system_pre_init)
                  000093c4    00000004                : exit.obj (.text:abort)
                  000093c8    00000002                : _lock.obj (.text:_nop)

.const     0    000093ca    00000f4a     
                  000093ca    0000072a     lifelib.obj (.const:.string:jon_arbuckle)
                  00009af4    000001e0     RBX430_lcd.obj (.const:cs)
                  00009cd4    00000125     lifelib.obj (.const:.string:beacon_maker)
                  00009df9    00000001     --HOLE-- [fill = 0]
                  00009dfa    000000a2     RBX430_lcd.obj (.const:.string:dv3)
                  00009e9c    0000009a     lifelib.obj (.const:.string:pulsar)
                  00009f36    00000081     lifelib.obj (.const:.string:gosper_glider_gun)
                  00009fb7    00000001     --HOLE-- [fill = 0]
                  00009fb8    0000006a     lifelib.obj (.const:.string:bird)
                  0000a022    0000004f     lifelib.obj (.const:.string:loafer)
                  0000a071    00000001     --HOLE-- [fill = 0]
                  0000a072    0000003e     lifelib.obj (.const:.string:hexapole)
                  0000a0b0    0000003a     lifelib.obj (.const:.string:by_flop)
                  0000a0ea    00000034     lifelib.obj (.const:.string:hwss)
                  0000a11e    0000002f     lifelib.obj (.const:.string:loaf)
                  0000a14d    00000001     --HOLE-- [fill = 0]
                  0000a14e    0000002f     lifelib.obj (.const:.string:lwss)
                  0000a17d    00000001     --HOLE-- [fill = 0]
                  0000a17e    0000002c     lifelib.obj (.const:.string)
                  0000a1aa    0000002c     RBX430_lcd.obj (.const:dv$3)
                  0000a1d6    0000002b     lifelib.obj (.const:.string:beacon)
                  0000a201    00000001     --HOLE-- [fill = 0]
                  0000a202    0000002a     lifelib.obj (.const:.string:beehive)
                  0000a22c    00000027     lifelib.obj (.const:.string:boat)
                  0000a253    00000001     --HOLE-- [fill = 0]
                  0000a254    00000027     lifelib.obj (.const:.string:glider)
                  0000a27b    00000001     --HOLE-- [fill = 0]
                  0000a27c    00000024     lifelib.obj (.const:.string:toad)
                  0000a2a0    00000023     lifelib.obj (.const:.string:block)
                  0000a2c3    00000001     --HOLE-- [fill = 0]
                  0000a2c4    00000020     lifelib.obj (.const:.string:blinker)
                  0000a2e4    00000011     RBX430_lcd.obj (.const:.string:lHexChar$1)
                  0000a2f5    00000001     --HOLE-- [fill = 0]
                  0000a2f6    00000011     RBX430_lcd.obj (.const:.string:uHexChar$2)
                  0000a307    00000001     --HOLE-- [fill = 0]
                  0000a308    00000006     RBX430_lcd.obj (.const:px_off)
                  0000a30e    00000006     RBX430_lcd.obj (.const:px_on)

PORT1      0    0000ffe4    00000002     
                  0000ffe4    00000002     lifelib.obj (.int02)

PORT2      0    0000ffe6    00000002     
                  0000ffe6    00000002     lifelib.obj (.int03)

ADC10      0    0000ffea    00000002     
                  0000ffea    00000002     RBX430-1.obj (.int05)

USCIAB0TX 
*          0    0000ffec    00000002     
                  0000ffec    00000002     lifelib.obj (.int06)

USCIAB0RX 
*          0    0000ffee    00000002     
                  0000ffee    00000002     lifelib.obj (.int07)

TIMERA1    0    0000fff0    00000002     
                  0000fff0    00000002     lifelib.obj (.int08)

TIMERA0    0    0000fff2    00000002     
                  0000fff2    00000002     lifelib.obj (.int09)

WDT        0    0000fff4    00000002     
                  0000fff4    00000002     lifelib.obj (.int10)

TIMERB1    0    0000fff8    00000002     
                  0000fff8    00000002     lifelib.obj (.int12)

TIMERB0    0    0000fffa    00000002     
                  0000fffa    00000002     lifelib.obj (.int13)

NMI        0    0000fffc    00000002     
                  0000fffc    00000002     lifelib.obj (.int14)

.reset     0    0000fffe    00000002     
                  0000fffe    00000002     rts430.lib : boot.obj (.reset)


GLOBAL SYMBOLS: SORTED ALPHABETICALLY BY Name 

address    name
--------   ----
00000200   .bss
00000200   .data
00008000   .text
0000004a   ADC10AE0
0000004b   ADC10AE1
000001b0   ADC10CTL0
000001b2   ADC10CTL1
00000048   ADC10DTC0
00000049   ADC10DTC1
000001b4   ADC10MEM
000001bc   ADC10SA
000093b8   ADC10_ISR
00000057   BCSCTL1
00000058   BCSCTL2
00000053   BCSCTL3
000093c4   C$$EXIT
000010fb   CALBC1_12MHZ
000010f9   CALBC1_16MHZ
000010ff   CALBC1_1MHZ
000010fd   CALBC1_8MHZ
000010fa   CALDCO_12MHZ
000010f8   CALDCO_16MHZ
000010fe   CALDCO_1MHZ
000010fc   CALDCO_8MHZ
00000056   DCOCTL
00008e56   ERROR2
00000128   FCTL1
0000012a   FCTL2
0000012c   FCTL3
00000000   IE1
00000001   IE2
00000002   IFG1
00000003   IFG2
00009232   ISR_trap
000091b6   I_ASR
000091de   I_ASR_1
000091cc   I_ASR_10
000091ca   I_ASR_11
000091c8   I_ASR_12
000091c6   I_ASR_13
000091c4   I_ASR_14
000091c2   I_ASR_15
000091dc   I_ASR_2
000091da   I_ASR_3
000091d8   I_ASR_4
000091d6   I_ASR_5
000091d4   I_ASR_6
000091d2   I_ASR_7
000091d0   I_ASR_8
000091ce   I_ASR_9
000091e2   I_LSL
0000920a   I_LSL_1
000091f8   I_LSL_10
000091f6   I_LSL_11
000091f4   I_LSL_12
000091f2   I_LSL_13
000091f0   I_LSL_14
000091ee   I_LSL_15
00009208   I_LSL_2
00009206   I_LSL_3
00009204   I_LSL_4
00009202   I_LSL_5
00009200   I_LSL_6
000091fe   I_LSL_7
000091fc   I_LSL_8
000091fa   I_LSL_9
00008f2a   I_LSR
00008f70   I_LSR_1
00008f4c   I_LSR_10
00008f48   I_LSR_11
00008f44   I_LSR_12
00008f40   I_LSR_13
00008f3c   I_LSR_14
00008f38   I_LSR_15
00008f6c   I_LSR_2
00008f68   I_LSR_3
00008f64   I_LSR_4
00008f60   I_LSR_5
00008f5c   I_LSR_6
00008f58   I_LSR_7
00008f54   I_LSR_8
00008f50   I_LSR_9
00009372   L_LSR
000000c0   OA0CTL0
000000c1   OA0CTL1
000000c2   OA1CTL0
000000c3   OA1CTL1
00000022   P1DIR
00000025   P1IE
00000024   P1IES
00000023   P1IFG
00000020   P1IN
00000021   P1OUT
00000027   P1REN
00000026   P1SEL
0000002a   P2DIR
0000002d   P2IE
0000002c   P2IES
0000002b   P2IFG
00000028   P2IN
00000029   P2OUT
0000002f   P2REN
0000002e   P2SEL
0000001a   P3DIR
00000018   P3IN
00000019   P3OUT
00000010   P3REN
0000001b   P3SEL
0000001e   P4DIR
0000001c   P4IN
0000001d   P4OUT
00000011   P4REN
0000001f   P4SEL
000093a2   Port_1_ISR
00008d10   RBX430_init
00000172   TACCR0
00000174   TACCR1
00000176   TACCR2
00000162   TACCTL0
00000164   TACCTL1
00000166   TACCTL2
00000160   TACTL
0000012e   TAIV
00000170   TAR
00000192   TBCCR0
00000194   TBCCR1
00000196   TBCCR2
00000182   TBCCTL0
00000184   TBCCTL1
00000186   TBCCTL2
00000180   TBCTL
0000011e   TBIV
00000190   TBR
0000005d   UCA0ABCTL
00000062   UCA0BR0
00000063   UCA0BR1
00000060   UCA0CTL0
00000061   UCA0CTL1
0000005f   UCA0IRRCTL
0000005e   UCA0IRTCTL
00000064   UCA0MCTL
00000066   UCA0RXBUF
00000065   UCA0STAT
00000067   UCA0TXBUF
0000006a   UCB0BR0
0000006b   UCB0BR1
00000068   UCB0CTL0
00000069   UCB0CTL1
0000006c   UCB0I2CIE
00000118   UCB0I2COA
0000011a   UCB0I2CSA
0000006e   UCB0RXBUF
0000006d   UCB0STAT
0000006f   UCB0TXBUF
00000120   WDTCTL
00009006   WDT_ISR
00000600   __STACK_END
00000050   __STACK_SIZE
00000001   __TI_args_main
00000001   __TI_auto_init
00000554   __TI_cleanup_ptr
00000556   __TI_dtors_ptr
00000001   __TI_exit
0000ffe4   __TI_int02
0000ffe6   __TI_int03
0000ffea   __TI_int05
0000ffec   __TI_int06
0000ffee   __TI_int07
0000fff0   __TI_int08
0000fff2   __TI_int09
0000fff4   __TI_int10
0000fff8   __TI_int12
0000fffa   __TI_int13
0000fffc   __TI_int14
ffffffff   __binit__
00000200   __bss__
ffffffff   __c_args__
ffffffff   __cinit__
00000200   __data__
0000930a   __divu
00000200   __edata__
0000055a   __end__
000093ca   __etext__
0000935e   __mpyi
ffffffff   __pinit__
0000930a   __remu
00008000   __text__
000092b0   _c_int00
000092b0   _c_int00_noinit_noexit
00000550   _lock
000093c8   _nop
0000fffe   _reset_vector
000005b0   _stack
000093c0   _system_pre_init
00000552   _unlock
000093c4   abort
0000a1d6   beacon
00009cd4   beacon_maker
0000a202   beehive
ffffffff   binit
00009fb8   bird
0000a2c4   blinker
0000a2a0   block
0000a22c   boat
0000a0b0   by_flop
ffffffff   cinit
000092ce   copy_row
00009af4   cs
0000897c   display_results
00009048   draw_rle_pattern
00009dfa   dv3
00000200   edata
0000055a   end
000093ca   etext
00009390   func_epilog_1
0000938e   func_epilog_2
0000938c   func_epilog_3
0000938a   func_epilog_4
00009388   func_epilog_5
00009386   func_epilog_6
00009384   func_epilog_7
0000a254   glider
00009f36   gosper_glider_gun
0000a072   hexapole
0000a0ea   hwss
00000558   i2c_fSCL
0000848a   init_life
000093ca   jon_arbuckle
00008ecc   lcd_WD
00008f76   lcd_WD2
00009336   lcd_backlight
000093ae   lcd_clear
00009158   lcd_cursor
000086ac   lcd_init
000092ec   lcd_mode
00008000   lcd_point
0000920e   lcd_printf
00008aae   lcd_putchar
00008dce   lcd_rectangle
00009188   lcd_set
000090f0   lcd_set_x_y
00000200   life
0000052a   life_cr
00000534   life_nr
00000520   life_pr
00008be0   living_neighbors
0000a11e   loaf
0000a022   loafer
0000a14e   lwss
00008832   main
0000934a   memset
ffffffff   pinit
00009124   port1_init
00009e9c   pulsar
0000a308   px_off
0000a30e   px_on
0000053e   seconds
00009394   strlen
00000540   switches
0000a27c   toad
00009320   watchdog_init


GLOBAL SYMBOLS: SORTED BY Symbol Address 

address    name
--------   ----
00000000   IE1
00000001   IE2
00000001   __TI_args_main
00000001   __TI_auto_init
00000001   __TI_exit
00000002   IFG1
00000003   IFG2
00000010   P3REN
00000011   P4REN
00000018   P3IN
00000019   P3OUT
0000001a   P3DIR
0000001b   P3SEL
0000001c   P4IN
0000001d   P4OUT
0000001e   P4DIR
0000001f   P4SEL
00000020   P1IN
00000021   P1OUT
00000022   P1DIR
00000023   P1IFG
00000024   P1IES
00000025   P1IE
00000026   P1SEL
00000027   P1REN
00000028   P2IN
00000029   P2OUT
0000002a   P2DIR
0000002b   P2IFG
0000002c   P2IES
0000002d   P2IE
0000002e   P2SEL
0000002f   P2REN
00000048   ADC10DTC0
00000049   ADC10DTC1
0000004a   ADC10AE0
0000004b   ADC10AE1
00000050   __STACK_SIZE
00000053   BCSCTL3
00000056   DCOCTL
00000057   BCSCTL1
00000058   BCSCTL2
0000005d   UCA0ABCTL
0000005e   UCA0IRTCTL
0000005f   UCA0IRRCTL
00000060   UCA0CTL0
00000061   UCA0CTL1
00000062   UCA0BR0
00000063   UCA0BR1
00000064   UCA0MCTL
00000065   UCA0STAT
00000066   UCA0RXBUF
00000067   UCA0TXBUF
00000068   UCB0CTL0
00000069   UCB0CTL1
0000006a   UCB0BR0
0000006b   UCB0BR1
0000006c   UCB0I2CIE
0000006d   UCB0STAT
0000006e   UCB0RXBUF
0000006f   UCB0TXBUF
000000c0   OA0CTL0
000000c1   OA0CTL1
000000c2   OA1CTL0
000000c3   OA1CTL1
00000118   UCB0I2COA
0000011a   UCB0I2CSA
0000011e   TBIV
00000120   WDTCTL
00000128   FCTL1
0000012a   FCTL2
0000012c   FCTL3
0000012e   TAIV
00000160   TACTL
00000162   TACCTL0
00000164   TACCTL1
00000166   TACCTL2
00000170   TAR
00000172   TACCR0
00000174   TACCR1
00000176   TACCR2
00000180   TBCTL
00000182   TBCCTL0
00000184   TBCCTL1
00000186   TBCCTL2
00000190   TBR
00000192   TBCCR0
00000194   TBCCR1
00000196   TBCCR2
000001b0   ADC10CTL0
000001b2   ADC10CTL1
000001b4   ADC10MEM
000001bc   ADC10SA
00000200   .bss
00000200   .data
00000200   __bss__
00000200   __data__
00000200   __edata__
00000200   edata
00000200   life
00000520   life_pr
0000052a   life_cr
00000534   life_nr
0000053e   seconds
00000540   switches
00000550   _lock
00000552   _unlock
00000554   __TI_cleanup_ptr
00000556   __TI_dtors_ptr
00000558   i2c_fSCL
0000055a   __end__
0000055a   end
000005b0   _stack
00000600   __STACK_END
000010f8   CALDCO_16MHZ
000010f9   CALBC1_16MHZ
000010fa   CALDCO_12MHZ
000010fb   CALBC1_12MHZ
000010fc   CALDCO_8MHZ
000010fd   CALBC1_8MHZ
000010fe   CALDCO_1MHZ
000010ff   CALBC1_1MHZ
00008000   .text
00008000   __text__
00008000   lcd_point
0000848a   init_life
000086ac   lcd_init
00008832   main
0000897c   display_results
00008aae   lcd_putchar
00008be0   living_neighbors
00008d10   RBX430_init
00008dce   lcd_rectangle
00008e56   ERROR2
00008ecc   lcd_WD
00008f2a   I_LSR
00008f38   I_LSR_15
00008f3c   I_LSR_14
00008f40   I_LSR_13
00008f44   I_LSR_12
00008f48   I_LSR_11
00008f4c   I_LSR_10
00008f50   I_LSR_9
00008f54   I_LSR_8
00008f58   I_LSR_7
00008f5c   I_LSR_6
00008f60   I_LSR_5
00008f64   I_LSR_4
00008f68   I_LSR_3
00008f6c   I_LSR_2
00008f70   I_LSR_1
00008f76   lcd_WD2
00009006   WDT_ISR
00009048   draw_rle_pattern
000090f0   lcd_set_x_y
00009124   port1_init
00009158   lcd_cursor
00009188   lcd_set
000091b6   I_ASR
000091c2   I_ASR_15
000091c4   I_ASR_14
000091c6   I_ASR_13
000091c8   I_ASR_12
000091ca   I_ASR_11
000091cc   I_ASR_10
000091ce   I_ASR_9
000091d0   I_ASR_8
000091d2   I_ASR_7
000091d4   I_ASR_6
000091d6   I_ASR_5
000091d8   I_ASR_4
000091da   I_ASR_3
000091dc   I_ASR_2
000091de   I_ASR_1
000091e2   I_LSL
000091ee   I_LSL_15
000091f0   I_LSL_14
000091f2   I_LSL_13
000091f4   I_LSL_12
000091f6   I_LSL_11
000091f8   I_LSL_10
000091fa   I_LSL_9
000091fc   I_LSL_8
000091fe   I_LSL_7
00009200   I_LSL_6
00009202   I_LSL_5
00009204   I_LSL_4
00009206   I_LSL_3
00009208   I_LSL_2
0000920a   I_LSL_1
0000920e   lcd_printf
00009232   ISR_trap
000092b0   _c_int00
000092b0   _c_int00_noinit_noexit
000092ce   copy_row
000092ec   lcd_mode
0000930a   __divu
0000930a   __remu
00009320   watchdog_init
00009336   lcd_backlight
0000934a   memset
0000935e   __mpyi
00009372   L_LSR
00009384   func_epilog_7
00009386   func_epilog_6
00009388   func_epilog_5
0000938a   func_epilog_4
0000938c   func_epilog_3
0000938e   func_epilog_2
00009390   func_epilog_1
00009394   strlen
000093a2   Port_1_ISR
000093ae   lcd_clear
000093b8   ADC10_ISR
000093c0   _system_pre_init
000093c4   C$$EXIT
000093c4   abort
000093c8   _nop
000093ca   __etext__
000093ca   etext
000093ca   jon_arbuckle
00009af4   cs
00009cd4   beacon_maker
00009dfa   dv3
00009e9c   pulsar
00009f36   gosper_glider_gun
00009fb8   bird
0000a022   loafer
0000a072   hexapole
0000a0b0   by_flop
0000a0ea   hwss
0000a11e   loaf
0000a14e   lwss
0000a1d6   beacon
0000a202   beehive
0000a22c   boat
0000a254   glider
0000a27c   toad
0000a2a0   block
0000a2c4   blinker
0000a308   px_off
0000a30e   px_on
0000ffe4   __TI_int02
0000ffe6   __TI_int03
0000ffea   __TI_int05
0000ffec   __TI_int06
0000ffee   __TI_int07
0000fff0   __TI_int08
0000fff2   __TI_int09
0000fff4   __TI_int10
0000fff8   __TI_int12
0000fffa   __TI_int13
0000fffc   __TI_int14
0000fffe   _reset_vector
ffffffff   __binit__
ffffffff   __c_args__
ffffffff   __cinit__
ffffffff   __pinit__
ffffffff   binit
ffffffff   cinit
ffffffff   pinit

[261 symbols]
