******************************************************************************
                  MSP430 Linker PC v4.2.1                      
******************************************************************************
>> Linked Fri Mar 27 14:37:00 2015

OUTPUT FILE NAME:   <L08-Life.out>
ENTRY POINT SYMBOL: "_c_int00"  address: 0000928c


MEMORY CONFIGURATION

         name            origin    length      used     unused   attr    fill
----------------------  --------  ---------  --------  --------  ----  --------
  SFR                   00000000   00000010  00000000  00000010  RWIX
  PERIPHERALS_8BIT      00000010   000000f0  00000000  000000f0  RWIX
  PERIPHERALS_16BIT     00000100   00000100  00000000  00000100  RWIX
  RAM                   00000200   00000400  000003aa  00000056  RWIX
  INFOD                 00001000   00000040  00000000  00000040  RWIX
  INFOC                 00001040   00000040  00000000  00000040  RWIX
  INFOB                 00001080   00000040  00000000  00000040  RWIX
  INFOA                 000010c0   00000040  00000000  00000040  RWIX
  FLASH                 00008000   00007fde  0000230a  00005cd4  RWIX
  INT00                 0000ffe0   00000002  00000000  00000002  RWIX
  INT01                 0000ffe2   00000002  00000000  00000002  RWIX
  INT02                 0000ffe4   00000002  00000002  00000000  RWIX
  INT03                 0000ffe6   00000002  00000002  00000000  RWIX
  INT04                 0000ffe8   00000002  00000000  00000002  RWIX
  INT05                 0000ffea   00000002  00000002  00000000  RWIX
  INT06                 0000ffec   00000002  00000002  00000000  RWIX
  INT07                 0000ffee   00000002  00000002  00000000  RWIX
  INT08                 0000fff0   00000002  00000002  00000000  RWIX
  INT09                 0000fff2   00000002  00000002  00000000  RWIX
  INT10                 0000fff4   00000002  00000002  00000000  RWIX
  INT11                 0000fff6   00000002  00000000  00000002  RWIX
  INT12                 0000fff8   00000002  00000002  00000000  RWIX
  INT13                 0000fffa   00000002  00000002  00000000  RWIX
  INT14                 0000fffc   00000002  00000002  00000000  RWIX
  RESET                 0000fffe   00000002  00000002  00000000  RWIX


SECTION ALLOCATION MAP

 output                                  attributes/
section   page    origin      length       input sections
--------  ----  ----------  ----------   ----------------
.cinit     0    00008000    00000000     UNINITIALIZED

.pinit     0    00008000    00000000     UNINITIALIZED

.bss       0    00000200    0000035a     UNINITIALIZED
                  00000200    0000033e     main.obj (.bss)
                  0000053e    0000000c     lifelib.obj (.bss)
                  0000054a    00000006     RBX430_lcd.obj (.bss)
                  00000550    00000004     rts430.lib : _lock.obj (.bss)
                  00000554    00000004                : boot.obj (.bss)
                  00000558    00000002     RBX430-1.obj (.bss)

.data      0    00000200    00000000     UNINITIALIZED

.stack     0    000005b0    00000050     UNINITIALIZED
                  000005b0    00000002     rts430.lib : boot.obj (.stack)
                  000005b2    0000004e     --HOLE--

.text      0    00008000    000013c0     
                  00008000    00000246     RBX430_lcd.obj (.text:lcd_point)
                  00008246    00000244     RBX430_lcd.obj (.text:my_printfi)
                  0000848a    00000222     lifelib.obj (.text:init_life)
                  000086ac    00000186     RBX430_lcd.obj (.text:lcd_init)
                  00008832    00000132     lifelib.obj (.text:display_results)
                  00008964    00000132     RBX430_lcd.obj (.text:lcd_putchar)
                  00008a96    00000130     main.obj (.text:living_neighbors)
                  00008bc6    0000012a     main.obj (.text:main)
                  00008cf0    000000be     RBX430-1.obj (.text:RBX430_init)
                  00008dae    00000088     RBX430_lcd.obj (.text:lcd_rectangle)
                  00008e36    00000076     RBX430-1.obj (.text:ERROR2)
                  00008eac    0000005e     RBX430_lcd.obj (.text:lcd_WD)
                  00008f0a    0000004c     rts430.lib : lsr16.obj (.text)
                  00008f56    0000004a     RBX430_lcd.obj (.text:lcd_WD2)
                  00008fa0    00000046     RBX430_lcd.obj (.text:DelayMs)
                  00008fe6    00000042     lifelib.obj (.text:WDT_ISR)
                  00009028    00000038     RBX430_lcd.obj (.text:ReadDataWord)
                  00009060    00000038     main.obj (.text:draw_rle_pattern)
                  00009098    00000034     RBX430_lcd.obj (.text:WriteDataWord)
                  000090cc    00000034     RBX430_lcd.obj (.text:lcd_set_x_y)
                  00009100    00000034     lifelib.obj (.text:port1_init)
                  00009134    00000030     RBX430_lcd.obj (.text:lcd_cursor)
                  00009164    0000002e     RBX430_lcd.obj (.text:lcd_set)
                  00009192    0000002c     rts430.lib : asr16.obj (.text)
                  000091be    0000002c                : lsl16.obj (.text)
                  000091ea    00000024     RBX430_lcd.obj (.text:lcd_printf)
                  0000920e    00000022     lifelib.obj (.text:ISR_trap)
                  00009230    00000020     RBX430_lcd.obj (.text:ReadData)
                  00009250    0000001e     RBX430_lcd.obj (.text:WriteCmd)
                  0000926e    0000001e     RBX430_lcd.obj (.text:WriteData)
                  0000928c    0000001e     rts430.lib : boot.obj (.text:_c_int00_noinit_noexit)
                  000092aa    0000001e     main.obj (.text:copy_row)
                  000092c8    0000001e     RBX430_lcd.obj (.text:lcd_mode)
                  000092e6    0000001a     main.obj (.text:clear_row)
                  00009300    00000016     rts430.lib : div16u.obj (.text)
                  00009316    00000016     lifelib.obj (.text:watchdog_init)
                  0000932c    00000014     RBX430_lcd.obj (.text:lcd_backlight)
                  00009340    00000014     rts430.lib : memset.obj (.text:memset)
                  00009354    00000014                : mult16.obj (.text)
                  00009368    00000012                : lsr32.obj (.text:l_lsr)
                  0000937a    00000010                : epilog.obj (.text)
                  0000938a    0000000e                : strlen.obj (.text:strlen)
                  00009398    0000000c     lifelib.obj (.text:Port_1_ISR)
                  000093a4    0000000a     RBX430_lcd.obj (.text:lcd_clear)
                  000093ae    00000008     RBX430-1.obj (.text:ADC10_ISR)
                  000093b6    00000004     rts430.lib : pre_init.obj (.text:_system_pre_init)
                  000093ba    00000004                : exit.obj (.text:abort)
                  000093be    00000002                : _lock.obj (.text:_nop)

.const     0    000093c0    00000f4a     
                  000093c0    0000072a     lifelib.obj (.const:.string:jon_arbuckle)
                  00009aea    000001e0     RBX430_lcd.obj (.const:cs)
                  00009cca    00000125     lifelib.obj (.const:.string:beacon_maker)
                  00009def    00000001     --HOLE-- [fill = 0]
                  00009df0    000000a2     RBX430_lcd.obj (.const:.string:dv3)
                  00009e92    0000009a     lifelib.obj (.const:.string:pulsar)
                  00009f2c    00000081     lifelib.obj (.const:.string:gosper_glider_gun)
                  00009fad    00000001     --HOLE-- [fill = 0]
                  00009fae    0000006a     lifelib.obj (.const:.string:bird)
                  0000a018    0000004f     lifelib.obj (.const:.string:loafer)
                  0000a067    00000001     --HOLE-- [fill = 0]
                  0000a068    0000003e     lifelib.obj (.const:.string:hexapole)
                  0000a0a6    0000003a     lifelib.obj (.const:.string:by_flop)
                  0000a0e0    00000034     lifelib.obj (.const:.string:hwss)
                  0000a114    0000002f     lifelib.obj (.const:.string:loaf)
                  0000a143    00000001     --HOLE-- [fill = 0]
                  0000a144    0000002f     lifelib.obj (.const:.string:lwss)
                  0000a173    00000001     --HOLE-- [fill = 0]
                  0000a174    0000002c     lifelib.obj (.const:.string)
                  0000a1a0    0000002c     RBX430_lcd.obj (.const:dv$3)
                  0000a1cc    0000002b     lifelib.obj (.const:.string:beacon)
                  0000a1f7    00000001     --HOLE-- [fill = 0]
                  0000a1f8    0000002a     lifelib.obj (.const:.string:beehive)
                  0000a222    00000027     lifelib.obj (.const:.string:boat)
                  0000a249    00000001     --HOLE-- [fill = 0]
                  0000a24a    00000027     lifelib.obj (.const:.string:glider)
                  0000a271    00000001     --HOLE-- [fill = 0]
                  0000a272    00000024     lifelib.obj (.const:.string:toad)
                  0000a296    00000023     lifelib.obj (.const:.string:block)
                  0000a2b9    00000001     --HOLE-- [fill = 0]
                  0000a2ba    00000020     lifelib.obj (.const:.string:blinker)
                  0000a2da    00000011     RBX430_lcd.obj (.const:.string:lHexChar$1)
                  0000a2eb    00000001     --HOLE-- [fill = 0]
                  0000a2ec    00000011     RBX430_lcd.obj (.const:.string:uHexChar$2)
                  0000a2fd    00000001     --HOLE-- [fill = 0]
                  0000a2fe    00000006     RBX430_lcd.obj (.const:px_off)
                  0000a304    00000006     RBX430_lcd.obj (.const:px_on)

PORT1      0    0000ffe4    00000002     
                  0000ffe4    00000002     lifelib.obj (.int02)

PORT2      0    0000ffe6    00000002     
                  0000ffe6    00000002     lifelib.obj (.int03)

ADC10      0    0000ffea    00000002     
                  0000ffea    00000002     RBX430-1.obj (.int05)

USCIAB0TX 
*          0    0000ffec    00000002     
                  0000ffec    00000002     lifelib.obj (.int06)

USCIAB0RX 
*          0    0000ffee    00000002     
                  0000ffee    00000002     lifelib.obj (.int07)

TIMERA1    0    0000fff0    00000002     
                  0000fff0    00000002     lifelib.obj (.int08)

TIMERA0    0    0000fff2    00000002     
                  0000fff2    00000002     lifelib.obj (.int09)

WDT        0    0000fff4    00000002     
                  0000fff4    00000002     lifelib.obj (.int10)

TIMERB1    0    0000fff8    00000002     
                  0000fff8    00000002     lifelib.obj (.int12)

TIMERB0    0    0000fffa    00000002     
                  0000fffa    00000002     lifelib.obj (.int13)

NMI        0    0000fffc    00000002     
                  0000fffc    00000002     lifelib.obj (.int14)

.reset     0    0000fffe    00000002     
                  0000fffe    00000002     rts430.lib : boot.obj (.reset)


GLOBAL SYMBOLS: SORTED ALPHABETICALLY BY Name 

address    name
--------   ----
00000200   .bss
00000200   .data
00008000   .text
0000004a   ADC10AE0
0000004b   ADC10AE1
000001b0   ADC10CTL0
000001b2   ADC10CTL1
00000048   ADC10DTC0
00000049   ADC10DTC1
000001b4   ADC10MEM
000001bc   ADC10SA
000093ae   ADC10_ISR
00000057   BCSCTL1
00000058   BCSCTL2
00000053   BCSCTL3
000093ba   C$$EXIT
000010fb   CALBC1_12MHZ
000010f9   CALBC1_16MHZ
000010ff   CALBC1_1MHZ
000010fd   CALBC1_8MHZ
000010fa   CALDCO_12MHZ
000010f8   CALDCO_16MHZ
000010fe   CALDCO_1MHZ
000010fc   CALDCO_8MHZ
00000056   DCOCTL
00008e36   ERROR2
00000128   FCTL1
0000012a   FCTL2
0000012c   FCTL3
00000000   IE1
00000001   IE2
00000002   IFG1
00000003   IFG2
0000920e   ISR_trap
00009192   I_ASR
000091ba   I_ASR_1
000091a8   I_ASR_10
000091a6   I_ASR_11
000091a4   I_ASR_12
000091a2   I_ASR_13
000091a0   I_ASR_14
0000919e   I_ASR_15
000091b8   I_ASR_2
000091b6   I_ASR_3
000091b4   I_ASR_4
000091b2   I_ASR_5
000091b0   I_ASR_6
000091ae   I_ASR_7
000091ac   I_ASR_8
000091aa   I_ASR_9
000091be   I_LSL
000091e6   I_LSL_1
000091d4   I_LSL_10
000091d2   I_LSL_11
000091d0   I_LSL_12
000091ce   I_LSL_13
000091cc   I_LSL_14
000091ca   I_LSL_15
000091e4   I_LSL_2
000091e2   I_LSL_3
000091e0   I_LSL_4
000091de   I_LSL_5
000091dc   I_LSL_6
000091da   I_LSL_7
000091d8   I_LSL_8
000091d6   I_LSL_9
00008f0a   I_LSR
00008f50   I_LSR_1
00008f2c   I_LSR_10
00008f28   I_LSR_11
00008f24   I_LSR_12
00008f20   I_LSR_13
00008f1c   I_LSR_14
00008f18   I_LSR_15
00008f4c   I_LSR_2
00008f48   I_LSR_3
00008f44   I_LSR_4
00008f40   I_LSR_5
00008f3c   I_LSR_6
00008f38   I_LSR_7
00008f34   I_LSR_8
00008f30   I_LSR_9
00009368   L_LSR
000000c0   OA0CTL0
000000c1   OA0CTL1
000000c2   OA1CTL0
000000c3   OA1CTL1
00000022   P1DIR
00000025   P1IE
00000024   P1IES
00000023   P1IFG
00000020   P1IN
00000021   P1OUT
00000027   P1REN
00000026   P1SEL
0000002a   P2DIR
0000002d   P2IE
0000002c   P2IES
0000002b   P2IFG
00000028   P2IN
00000029   P2OUT
0000002f   P2REN
0000002e   P2SEL
0000001a   P3DIR
00000018   P3IN
00000019   P3OUT
00000010   P3REN
0000001b   P3SEL
0000001e   P4DIR
0000001c   P4IN
0000001d   P4OUT
00000011   P4REN
0000001f   P4SEL
00009398   Port_1_ISR
00008cf0   RBX430_init
00000172   TACCR0
00000174   TACCR1
00000176   TACCR2
00000162   TACCTL0
00000164   TACCTL1
00000166   TACCTL2
00000160   TACTL
0000012e   TAIV
00000170   TAR
00000192   TBCCR0
00000194   TBCCR1
00000196   TBCCR2
00000182   TBCCTL0
00000184   TBCCTL1
00000186   TBCCTL2
00000180   TBCTL
0000011e   TBIV
00000190   TBR
0000005d   UCA0ABCTL
00000062   UCA0BR0
00000063   UCA0BR1
00000060   UCA0CTL0
00000061   UCA0CTL1
0000005f   UCA0IRRCTL
0000005e   UCA0IRTCTL
00000064   UCA0MCTL
00000066   UCA0RXBUF
00000065   UCA0STAT
00000067   UCA0TXBUF
0000006a   UCB0BR0
0000006b   UCB0BR1
00000068   UCB0CTL0
00000069   UCB0CTL1
0000006c   UCB0I2CIE
00000118   UCB0I2COA
0000011a   UCB0I2CSA
0000006e   UCB0RXBUF
0000006d   UCB0STAT
0000006f   UCB0TXBUF
00000120   WDTCTL
00008fe6   WDT_ISR
00000600   __STACK_END
00000050   __STACK_SIZE
00000001   __TI_args_main
00000001   __TI_auto_init
00000554   __TI_cleanup_ptr
00000556   __TI_dtors_ptr
00000001   __TI_exit
0000ffe4   __TI_int02
0000ffe6   __TI_int03
0000ffea   __TI_int05
0000ffec   __TI_int06
0000ffee   __TI_int07
0000fff0   __TI_int08
0000fff2   __TI_int09
0000fff4   __TI_int10
0000fff8   __TI_int12
0000fffa   __TI_int13
0000fffc   __TI_int14
ffffffff   __binit__
00000200   __bss__
ffffffff   __c_args__
ffffffff   __cinit__
00000200   __data__
00009300   __divu
00000200   __edata__
0000055a   __end__
000093c0   __etext__
00009354   __mpyi
ffffffff   __pinit__
00009300   __remu
00008000   __text__
0000928c   _c_int00
0000928c   _c_int00_noinit_noexit
00000550   _lock
000093be   _nop
0000fffe   _reset_vector
000005b0   _stack
000093b6   _system_pre_init
00000552   _unlock
000093ba   abort
0000a1cc   beacon
00009cca   beacon_maker
0000a1f8   beehive
ffffffff   binit
00009fae   bird
0000a2ba   blinker
0000a296   block
0000a222   boat
0000a0a6   by_flop
ffffffff   cinit
000092e6   clear_row
000092aa   copy_row
00009aea   cs
00008832   display_results
00009060   draw_rle_pattern
00009df0   dv3
00000200   edata
0000055a   end
000093c0   etext
00009386   func_epilog_1
00009384   func_epilog_2
00009382   func_epilog_3
00009380   func_epilog_4
0000937e   func_epilog_5
0000937c   func_epilog_6
0000937a   func_epilog_7
0000a24a   glider
00009f2c   gosper_glider_gun
0000a068   hexapole
0000a0e0   hwss
00000558   i2c_fSCL
0000848a   init_life
000093c0   jon_arbuckle
00008eac   lcd_WD
00008f56   lcd_WD2
0000932c   lcd_backlight
000093a4   lcd_clear
00009134   lcd_cursor
000086ac   lcd_init
000092c8   lcd_mode
00008000   lcd_point
000091ea   lcd_printf
00008964   lcd_putchar
00008dae   lcd_rectangle
00009164   lcd_set
000090cc   lcd_set_x_y
00000200   life
0000052a   life_cr
00000534   life_nr
00000520   life_pr
00008a96   living_neighbors
0000a114   loaf
0000a018   loafer
0000a144   lwss
00008bc6   main
00009340   memset
ffffffff   pinit
00009100   port1_init
00009e92   pulsar
0000a2fe   px_off
0000a304   px_on
0000053e   seconds
0000938a   strlen
00000540   switches
0000a272   toad
00009316   watchdog_init


GLOBAL SYMBOLS: SORTED BY Symbol Address 

address    name
--------   ----
00000000   IE1
00000001   IE2
00000001   __TI_args_main
00000001   __TI_auto_init
00000001   __TI_exit
00000002   IFG1
00000003   IFG2
00000010   P3REN
00000011   P4REN
00000018   P3IN
00000019   P3OUT
0000001a   P3DIR
0000001b   P3SEL
0000001c   P4IN
0000001d   P4OUT
0000001e   P4DIR
0000001f   P4SEL
00000020   P1IN
00000021   P1OUT
00000022   P1DIR
00000023   P1IFG
00000024   P1IES
00000025   P1IE
00000026   P1SEL
00000027   P1REN
00000028   P2IN
00000029   P2OUT
0000002a   P2DIR
0000002b   P2IFG
0000002c   P2IES
0000002d   P2IE
0000002e   P2SEL
0000002f   P2REN
00000048   ADC10DTC0
00000049   ADC10DTC1
0000004a   ADC10AE0
0000004b   ADC10AE1
00000050   __STACK_SIZE
00000053   BCSCTL3
00000056   DCOCTL
00000057   BCSCTL1
00000058   BCSCTL2
0000005d   UCA0ABCTL
0000005e   UCA0IRTCTL
0000005f   UCA0IRRCTL
00000060   UCA0CTL0
00000061   UCA0CTL1
00000062   UCA0BR0
00000063   UCA0BR1
00000064   UCA0MCTL
00000065   UCA0STAT
00000066   UCA0RXBUF
00000067   UCA0TXBUF
00000068   UCB0CTL0
00000069   UCB0CTL1
0000006a   UCB0BR0
0000006b   UCB0BR1
0000006c   UCB0I2CIE
0000006d   UCB0STAT
0000006e   UCB0RXBUF
0000006f   UCB0TXBUF
000000c0   OA0CTL0
000000c1   OA0CTL1
000000c2   OA1CTL0
000000c3   OA1CTL1
00000118   UCB0I2COA
0000011a   UCB0I2CSA
0000011e   TBIV
00000120   WDTCTL
00000128   FCTL1
0000012a   FCTL2
0000012c   FCTL3
0000012e   TAIV
00000160   TACTL
00000162   TACCTL0
00000164   TACCTL1
00000166   TACCTL2
00000170   TAR
00000172   TACCR0
00000174   TACCR1
00000176   TACCR2
00000180   TBCTL
00000182   TBCCTL0
00000184   TBCCTL1
00000186   TBCCTL2
00000190   TBR
00000192   TBCCR0
00000194   TBCCR1
00000196   TBCCR2
000001b0   ADC10CTL0
000001b2   ADC10CTL1
000001b4   ADC10MEM
000001bc   ADC10SA
00000200   .bss
00000200   .data
00000200   __bss__
00000200   __data__
00000200   __edata__
00000200   edata
00000200   life
00000520   life_pr
0000052a   life_cr
00000534   life_nr
0000053e   seconds
00000540   switches
00000550   _lock
00000552   _unlock
00000554   __TI_cleanup_ptr
00000556   __TI_dtors_ptr
00000558   i2c_fSCL
0000055a   __end__
0000055a   end
000005b0   _stack
00000600   __STACK_END
000010f8   CALDCO_16MHZ
000010f9   CALBC1_16MHZ
000010fa   CALDCO_12MHZ
000010fb   CALBC1_12MHZ
000010fc   CALDCO_8MHZ
000010fd   CALBC1_8MHZ
000010fe   CALDCO_1MHZ
000010ff   CALBC1_1MHZ
00008000   .text
00008000   __text__
00008000   lcd_point
0000848a   init_life
000086ac   lcd_init
00008832   display_results
00008964   lcd_putchar
00008a96   living_neighbors
00008bc6   main
00008cf0   RBX430_init
00008dae   lcd_rectangle
00008e36   ERROR2
00008eac   lcd_WD
00008f0a   I_LSR
00008f18   I_LSR_15
00008f1c   I_LSR_14
00008f20   I_LSR_13
00008f24   I_LSR_12
00008f28   I_LSR_11
00008f2c   I_LSR_10
00008f30   I_LSR_9
00008f34   I_LSR_8
00008f38   I_LSR_7
00008f3c   I_LSR_6
00008f40   I_LSR_5
00008f44   I_LSR_4
00008f48   I_LSR_3
00008f4c   I_LSR_2
00008f50   I_LSR_1
00008f56   lcd_WD2
00008fe6   WDT_ISR
00009060   draw_rle_pattern
000090cc   lcd_set_x_y
00009100   port1_init
00009134   lcd_cursor
00009164   lcd_set
00009192   I_ASR
0000919e   I_ASR_15
000091a0   I_ASR_14
000091a2   I_ASR_13
000091a4   I_ASR_12
000091a6   I_ASR_11
000091a8   I_ASR_10
000091aa   I_ASR_9
000091ac   I_ASR_8
000091ae   I_ASR_7
000091b0   I_ASR_6
000091b2   I_ASR_5
000091b4   I_ASR_4
000091b6   I_ASR_3
000091b8   I_ASR_2
000091ba   I_ASR_1
000091be   I_LSL
000091ca   I_LSL_15
000091cc   I_LSL_14
000091ce   I_LSL_13
000091d0   I_LSL_12
000091d2   I_LSL_11
000091d4   I_LSL_10
000091d6   I_LSL_9
000091d8   I_LSL_8
000091da   I_LSL_7
000091dc   I_LSL_6
000091de   I_LSL_5
000091e0   I_LSL_4
000091e2   I_LSL_3
000091e4   I_LSL_2
000091e6   I_LSL_1
000091ea   lcd_printf
0000920e   ISR_trap
0000928c   _c_int00
0000928c   _c_int00_noinit_noexit
000092aa   copy_row
000092c8   lcd_mode
000092e6   clear_row
00009300   __divu
00009300   __remu
00009316   watchdog_init
0000932c   lcd_backlight
00009340   memset
00009354   __mpyi
00009368   L_LSR
0000937a   func_epilog_7
0000937c   func_epilog_6
0000937e   func_epilog_5
00009380   func_epilog_4
00009382   func_epilog_3
00009384   func_epilog_2
00009386   func_epilog_1
0000938a   strlen
00009398   Port_1_ISR
000093a4   lcd_clear
000093ae   ADC10_ISR
000093b6   _system_pre_init
000093ba   C$$EXIT
000093ba   abort
000093be   _nop
000093c0   __etext__
000093c0   etext
000093c0   jon_arbuckle
00009aea   cs
00009cca   beacon_maker
00009df0   dv3
00009e92   pulsar
00009f2c   gosper_glider_gun
00009fae   bird
0000a018   loafer
0000a068   hexapole
0000a0a6   by_flop
0000a0e0   hwss
0000a114   loaf
0000a144   lwss
0000a1cc   beacon
0000a1f8   beehive
0000a222   boat
0000a24a   glider
0000a272   toad
0000a296   block
0000a2ba   blinker
0000a2fe   px_off
0000a304   px_on
0000ffe4   __TI_int02
0000ffe6   __TI_int03
0000ffea   __TI_int05
0000ffec   __TI_int06
0000ffee   __TI_int07
0000fff0   __TI_int08
0000fff2   __TI_int09
0000fff4   __TI_int10
0000fff8   __TI_int12
0000fffa   __TI_int13
0000fffc   __TI_int14
0000fffe   _reset_vector
ffffffff   __binit__
ffffffff   __c_args__
ffffffff   __cinit__
ffffffff   __pinit__
ffffffff   binit
ffffffff   cinit
ffffffff   pinit

[262 symbols]
