******************************************************************************
                  MSP430 Linker PC v4.2.1                      
******************************************************************************
>> Linked Mon Mar 30 13:33:05 2015

OUTPUT FILE NAME:   <L08-Life.out>
ENTRY POINT SYMBOL: "_c_int00"  address: 000094fe


MEMORY CONFIGURATION

         name            origin    length      used     unused   attr    fill
----------------------  --------  ---------  --------  --------  ----  --------
  SFR                   00000000   00000010  00000000  00000010  RWIX
  PERIPHERALS_8BIT      00000010   000000f0  00000000  000000f0  RWIX
  PERIPHERALS_16BIT     00000100   00000100  00000000  00000100  RWIX
  RAM                   00000200   00000400  000003ea  00000016  RWIX
  INFOD                 00001000   00000040  00000000  00000040  RWIX
  INFOC                 00001040   00000040  00000000  00000040  RWIX
  INFOB                 00001080   00000040  00000000  00000040  RWIX
  INFOA                 000010c0   00000040  00000000  00000040  RWIX
  FLASH                 00008000   00007fde  00001e2e  000061b0  RWIX
  INT00                 0000ffe0   00000002  00000000  00000002  RWIX
  INT01                 0000ffe2   00000002  00000000  00000002  RWIX
  INT02                 0000ffe4   00000002  00000002  00000000  RWIX
  INT03                 0000ffe6   00000002  00000002  00000000  RWIX
  INT04                 0000ffe8   00000002  00000000  00000002  RWIX
  INT05                 0000ffea   00000002  00000002  00000000  RWIX
  INT06                 0000ffec   00000002  00000002  00000000  RWIX
  INT07                 0000ffee   00000002  00000002  00000000  RWIX
  INT08                 0000fff0   00000002  00000002  00000000  RWIX
  INT09                 0000fff2   00000002  00000002  00000000  RWIX
  INT10                 0000fff4   00000002  00000002  00000000  RWIX
  INT11                 0000fff6   00000002  00000000  00000002  RWIX
  INT12                 0000fff8   00000002  00000002  00000000  RWIX
  INT13                 0000fffa   00000002  00000002  00000000  RWIX
  INT14                 0000fffc   00000002  00000002  00000000  RWIX
  RESET                 0000fffe   00000002  00000002  00000000  RWIX


SECTION ALLOCATION MAP

 output                                  attributes/
section   page    origin      length       input sections
--------  ----  ----------  ----------   ----------------
.cinit     0    00008000    00000000     UNINITIALIZED

.pinit     0    00008000    00000000     UNINITIALIZED

.bss       0    00000200    0000039a     UNINITIALIZED
                  00000200    0000037e     main.obj (.bss)
                  0000057e    0000000c     lifelib.obj (.bss)
                  0000058a    00000006     RBX430_lcd.obj (.bss)
                  00000590    00000004     rts430.lib : _lock.obj (.bss)
                  00000594    00000004                : boot.obj (.bss)
                  00000598    00000002     RBX430-1.obj (.bss)

.data      0    00000200    00000000     UNINITIALIZED

.stack     0    000005b0    00000050     UNINITIALIZED
                  000005b0    00000002     rts430.lib : boot.obj (.stack)
                  000005b2    0000004e     --HOLE--

.text      0    00008000    0000160e     
                  00008000    00000246     RBX430_lcd.obj (.text:lcd_point)
                  00008246    00000244     RBX430_lcd.obj (.text:my_printfi)
                  0000848a    00000226     lifelib.obj (.text:init_life)
                  000086b0    00000186     RBX430_lcd.obj (.text:lcd_init)
                  00008836    00000154     main.obj (.text:draw_rle_pattern)
                  0000898a    0000014c     main.obj (.text:do_bit)
                  00008ad6    00000132     lifelib.obj (.text:display_results)
                  00008c08    00000132     RBX430_lcd.obj (.text:lcd_putchar)
                  00008d3a    00000108     main.obj (.text:main)
                  00008e42    000000be     RBX430-1.obj (.text:RBX430_init)
                  00008f00    00000088     RBX430_lcd.obj (.text:lcd_rectangle)
                  00008f88    00000082     main.obj (.text:do_row)
                  0000900a    0000007a     main.obj (.text:count_neighbors)
                  00009084    00000076     RBX430-1.obj (.text:ERROR2)
                  000090fa    0000005e     RBX430_lcd.obj (.text:lcd_WD)
                  00009158    0000005e     main.obj (.text:set_pixel)
                  000091b6    0000004c     rts430.lib : lsr16.obj (.text)
                  00009202    0000004a     RBX430_lcd.obj (.text:lcd_WD2)
                  0000924c    00000046     RBX430_lcd.obj (.text:DelayMs)
                  00009292    00000042     lifelib.obj (.text:WDT_ISR)
                  000092d4    00000038     RBX430_lcd.obj (.text:ReadDataWord)
                  0000930c    00000034     RBX430_lcd.obj (.text:WriteDataWord)
                  00009340    00000034     RBX430_lcd.obj (.text:lcd_set_x_y)
                  00009374    00000034     lifelib.obj (.text:port1_init)
                  000093a8    00000030     RBX430_lcd.obj (.text:lcd_cursor)
                  000093d8    0000002e     RBX430_lcd.obj (.text:lcd_set)
                  00009406    0000002c     rts430.lib : lsl16.obj (.text)
                  00009432    0000002a     main.obj (.text:read_number)
                  0000945c    00000024     RBX430_lcd.obj (.text:lcd_printf)
                  00009480    00000022     lifelib.obj (.text:ISR_trap)
                  000094a2    00000020     RBX430_lcd.obj (.text:ReadData)
                  000094c2    0000001e     RBX430_lcd.obj (.text:WriteCmd)
                  000094e0    0000001e     RBX430_lcd.obj (.text:WriteData)
                  000094fe    0000001e     rts430.lib : boot.obj (.text:_c_int00_noinit_noexit)
                  0000951c    0000001e     RBX430_lcd.obj (.text:lcd_mode)
                  0000953a    00000016     rts430.lib : div16u.obj (.text)
                  00009550    00000016     lifelib.obj (.text:watchdog_init)
                  00009566    00000014     main.obj (.text:isdigit)
                  0000957a    00000014     RBX430_lcd.obj (.text:lcd_backlight)
                  0000958e    00000014     rts430.lib : memset.obj (.text:memset)
                  000095a2    00000014                : mult16.obj (.text)
                  000095b6    00000012                : lsr32.obj (.text:l_lsr)
                  000095c8    00000010                : epilog.obj (.text)
                  000095d8    0000000e                : strlen.obj (.text:strlen)
                  000095e6    0000000c     lifelib.obj (.text:Port_1_ISR)
                  000095f2    0000000a     RBX430_lcd.obj (.text:lcd_clear)
                  000095fc    00000008     RBX430-1.obj (.text:ADC10_ISR)
                  00009604    00000004     rts430.lib : pre_init.obj (.text:_system_pre_init)
                  00009608    00000004                : exit.obj (.text:abort)
                  0000960c    00000002                : _lock.obj (.text:_nop)

.const     0    0000960e    00000820     
                  0000960e    000001e0     RBX430_lcd.obj (.const:cs)
                  000097ee    00000125     lifelib.obj (.const:.string:beacon_maker)
                  00009913    00000001     --HOLE-- [fill = 0]
                  00009914    000000a2     RBX430_lcd.obj (.const:.string:dv3)
                  000099b6    0000009a     lifelib.obj (.const:.string:pulsar)
                  00009a50    00000081     lifelib.obj (.const:.string:gosper_glider_gun)
                  00009ad1    00000001     --HOLE-- [fill = 0]
                  00009ad2    0000006a     lifelib.obj (.const:.string:bird)
                  00009b3c    0000004f     lifelib.obj (.const:.string:loafer)
                  00009b8b    00000001     --HOLE-- [fill = 0]
                  00009b8c    0000003e     lifelib.obj (.const:.string:hexapole)
                  00009bca    0000003a     lifelib.obj (.const:.string:by_flop)
                  00009c04    00000034     lifelib.obj (.const:.string:hwss)
                  00009c38    0000002f     lifelib.obj (.const:.string:loaf)
                  00009c67    00000001     --HOLE-- [fill = 0]
                  00009c68    0000002f     lifelib.obj (.const:.string:lwss)
                  00009c97    00000001     --HOLE-- [fill = 0]
                  00009c98    0000002c     lifelib.obj (.const:.string)
                  00009cc4    0000002c     RBX430_lcd.obj (.const:dv$3)
                  00009cf0    0000002b     lifelib.obj (.const:.string:beacon)
                  00009d1b    00000001     --HOLE-- [fill = 0]
                  00009d1c    0000002a     lifelib.obj (.const:.string:beehive)
                  00009d46    00000027     lifelib.obj (.const:.string:boat)
                  00009d6d    00000001     --HOLE-- [fill = 0]
                  00009d6e    00000027     lifelib.obj (.const:.string:glider)
                  00009d95    00000001     --HOLE-- [fill = 0]
                  00009d96    00000024     lifelib.obj (.const:.string:toad)
                  00009dba    00000023     lifelib.obj (.const:.string:block)
                  00009ddd    00000001     --HOLE-- [fill = 0]
                  00009dde    00000020     lifelib.obj (.const:.string:blinker)
                  00009dfe    00000011     RBX430_lcd.obj (.const:.string:lHexChar$1)
                  00009e0f    00000001     --HOLE-- [fill = 0]
                  00009e10    00000011     RBX430_lcd.obj (.const:.string:uHexChar$2)
                  00009e21    00000001     --HOLE-- [fill = 0]
                  00009e22    00000006     RBX430_lcd.obj (.const:px_off)
                  00009e28    00000006     RBX430_lcd.obj (.const:px_on)

PORT1      0    0000ffe4    00000002     
                  0000ffe4    00000002     lifelib.obj (.int02)

PORT2      0    0000ffe6    00000002     
                  0000ffe6    00000002     lifelib.obj (.int03)

ADC10      0    0000ffea    00000002     
                  0000ffea    00000002     RBX430-1.obj (.int05)

USCIAB0TX 
*          0    0000ffec    00000002     
                  0000ffec    00000002     lifelib.obj (.int06)

USCIAB0RX 
*          0    0000ffee    00000002     
                  0000ffee    00000002     lifelib.obj (.int07)

TIMERA1    0    0000fff0    00000002     
                  0000fff0    00000002     lifelib.obj (.int08)

TIMERA0    0    0000fff2    00000002     
                  0000fff2    00000002     lifelib.obj (.int09)

WDT        0    0000fff4    00000002     
                  0000fff4    00000002     lifelib.obj (.int10)

TIMERB1    0    0000fff8    00000002     
                  0000fff8    00000002     lifelib.obj (.int12)

TIMERB0    0    0000fffa    00000002     
                  0000fffa    00000002     lifelib.obj (.int13)

NMI        0    0000fffc    00000002     
                  0000fffc    00000002     lifelib.obj (.int14)

.reset     0    0000fffe    00000002     
                  0000fffe    00000002     rts430.lib : boot.obj (.reset)


GLOBAL SYMBOLS: SORTED ALPHABETICALLY BY Name 

address    name
--------   ----
00000200   .bss
00000200   .data
00008000   .text
0000004a   ADC10AE0
0000004b   ADC10AE1
000001b0   ADC10CTL0
000001b2   ADC10CTL1
00000048   ADC10DTC0
00000049   ADC10DTC1
000001b4   ADC10MEM
000001bc   ADC10SA
000095fc   ADC10_ISR
00000057   BCSCTL1
00000058   BCSCTL2
00000053   BCSCTL3
00009608   C$$EXIT
000010fb   CALBC1_12MHZ
000010f9   CALBC1_16MHZ
000010ff   CALBC1_1MHZ
000010fd   CALBC1_8MHZ
000010fa   CALDCO_12MHZ
000010f8   CALDCO_16MHZ
000010fe   CALDCO_1MHZ
000010fc   CALDCO_8MHZ
00000056   DCOCTL
00009084   ERROR2
00000128   FCTL1
0000012a   FCTL2
0000012c   FCTL3
00000000   IE1
00000001   IE2
00000002   IFG1
00000003   IFG2
00009480   ISR_trap
00009406   I_LSL
0000942e   I_LSL_1
0000941c   I_LSL_10
0000941a   I_LSL_11
00009418   I_LSL_12
00009416   I_LSL_13
00009414   I_LSL_14
00009412   I_LSL_15
0000942c   I_LSL_2
0000942a   I_LSL_3
00009428   I_LSL_4
00009426   I_LSL_5
00009424   I_LSL_6
00009422   I_LSL_7
00009420   I_LSL_8
0000941e   I_LSL_9
000091b6   I_LSR
000091fc   I_LSR_1
000091d8   I_LSR_10
000091d4   I_LSR_11
000091d0   I_LSR_12
000091cc   I_LSR_13
000091c8   I_LSR_14
000091c4   I_LSR_15
000091f8   I_LSR_2
000091f4   I_LSR_3
000091f0   I_LSR_4
000091ec   I_LSR_5
000091e8   I_LSR_6
000091e4   I_LSR_7
000091e0   I_LSR_8
000091dc   I_LSR_9
000095b6   L_LSR
000000c0   OA0CTL0
000000c1   OA0CTL1
000000c2   OA1CTL0
000000c3   OA1CTL1
00000022   P1DIR
00000025   P1IE
00000024   P1IES
00000023   P1IFG
00000020   P1IN
00000021   P1OUT
00000027   P1REN
00000026   P1SEL
0000002a   P2DIR
0000002d   P2IE
0000002c   P2IES
0000002b   P2IFG
00000028   P2IN
00000029   P2OUT
0000002f   P2REN
0000002e   P2SEL
0000001a   P3DIR
00000018   P3IN
00000019   P3OUT
00000010   P3REN
0000001b   P3SEL
0000001e   P4DIR
0000001c   P4IN
0000001d   P4OUT
00000011   P4REN
0000001f   P4SEL
000095e6   Port_1_ISR
00008e42   RBX430_init
00000172   TACCR0
00000174   TACCR1
00000176   TACCR2
00000162   TACCTL0
00000164   TACCTL1
00000166   TACCTL2
00000160   TACTL
0000012e   TAIV
00000170   TAR
00000192   TBCCR0
00000194   TBCCR1
00000196   TBCCR2
00000182   TBCCTL0
00000184   TBCCTL1
00000186   TBCCTL2
00000180   TBCTL
0000011e   TBIV
00000190   TBR
0000005d   UCA0ABCTL
00000062   UCA0BR0
00000063   UCA0BR1
00000060   UCA0CTL0
00000061   UCA0CTL1
0000005f   UCA0IRRCTL
0000005e   UCA0IRTCTL
00000064   UCA0MCTL
00000066   UCA0RXBUF
00000065   UCA0STAT
00000067   UCA0TXBUF
0000006a   UCB0BR0
0000006b   UCB0BR1
00000068   UCB0CTL0
00000069   UCB0CTL1
0000006c   UCB0I2CIE
00000118   UCB0I2COA
0000011a   UCB0I2CSA
0000006e   UCB0RXBUF
0000006d   UCB0STAT
0000006f   UCB0TXBUF
00000120   WDTCTL
00009292   WDT_ISR
00000600   __STACK_END
00000050   __STACK_SIZE
00000001   __TI_args_main
00000001   __TI_auto_init
00000594   __TI_cleanup_ptr
00000596   __TI_dtors_ptr
00000001   __TI_exit
0000ffe4   __TI_int02
0000ffe6   __TI_int03
0000ffea   __TI_int05
0000ffec   __TI_int06
0000ffee   __TI_int07
0000fff0   __TI_int08
0000fff2   __TI_int09
0000fff4   __TI_int10
0000fff8   __TI_int12
0000fffa   __TI_int13
0000fffc   __TI_int14
ffffffff   __binit__
00000200   __bss__
ffffffff   __c_args__
ffffffff   __cinit__
00000200   __data__
0000953a   __divu
00000200   __edata__
0000059a   __end__
0000960e   __etext__
000095a2   __mpyi
ffffffff   __pinit__
0000953a   __remu
00008000   __text__
000094fe   _c_int00
000094fe   _c_int00_noinit_noexit
00000590   _lock
0000960c   _nop
0000fffe   _reset_vector
000005b0   _stack
00009604   _system_pre_init
00000592   _unlock
00009608   abort
00009cf0   beacon
000097ee   beacon_maker
00009d1c   beehive
ffffffff   binit
00009ad2   bird
00009dde   blinker
00009dba   block
0000057a   block_16
00009d46   boat
00009bca   by_flop
ffffffff   cinit
00000570   coli
00000574   colj
0000900a   count_neighbors
0000960e   cs
00000520   current_row
00008ad6   display_results
0000898a   do_bit
00008f88   do_row
00008836   draw_rle_pattern
00009914   dv3
00000200   edata
0000059a   end
0000960e   etext
000095d4   func_epilog_1
000095d2   func_epilog_2
000095d0   func_epilog_3
000095ce   func_epilog_4
000095cc   func_epilog_5
000095ca   func_epilog_6
000095c8   func_epilog_7
00009d6e   glider
00009a50   gosper_glider_gun
00009b8c   hexapole
00009c04   hwss
00000598   i2c_fSCL
0000848a   init_life
00009566   isdigit
000090fa   lcd_WD
00009202   lcd_WD2
0000957a   lcd_backlight
000095f2   lcd_clear
000093a8   lcd_cursor
000086b0   lcd_init
0000951c   lcd_mode
00008000   lcd_point
0000945c   lcd_printf
00008c08   lcd_putchar
00008f00   lcd_rectangle
000093d8   lcd_set
00009340   lcd_set_x_y
00000200   life
00009c38   loaf
00009b3c   loafer
00009c68   lwss
00008d3a   main
0000958e   memset
00000576   neighbors
00000578   only_neighbors
ffffffff   pinit
00009374   port1_init
0000057c   position
000099b6   pulsar
00009e22   px_off
00009e28   px_on
00009432   read_number
0000056e   rowi
00000572   rowj
0000057e   seconds
00009158   set_pixel
000095d8   strlen
00000580   switches
00009d96   toad
00009550   watchdog_init


GLOBAL SYMBOLS: SORTED BY Symbol Address 

address    name
--------   ----
00000000   IE1
00000001   IE2
00000001   __TI_args_main
00000001   __TI_auto_init
00000001   __TI_exit
00000002   IFG1
00000003   IFG2
00000010   P3REN
00000011   P4REN
00000018   P3IN
00000019   P3OUT
0000001a   P3DIR
0000001b   P3SEL
0000001c   P4IN
0000001d   P4OUT
0000001e   P4DIR
0000001f   P4SEL
00000020   P1IN
00000021   P1OUT
00000022   P1DIR
00000023   P1IFG
00000024   P1IES
00000025   P1IE
00000026   P1SEL
00000027   P1REN
00000028   P2IN
00000029   P2OUT
0000002a   P2DIR
0000002b   P2IFG
0000002c   P2IES
0000002d   P2IE
0000002e   P2SEL
0000002f   P2REN
00000048   ADC10DTC0
00000049   ADC10DTC1
0000004a   ADC10AE0
0000004b   ADC10AE1
00000050   __STACK_SIZE
00000053   BCSCTL3
00000056   DCOCTL
00000057   BCSCTL1
00000058   BCSCTL2
0000005d   UCA0ABCTL
0000005e   UCA0IRTCTL
0000005f   UCA0IRRCTL
00000060   UCA0CTL0
00000061   UCA0CTL1
00000062   UCA0BR0
00000063   UCA0BR1
00000064   UCA0MCTL
00000065   UCA0STAT
00000066   UCA0RXBUF
00000067   UCA0TXBUF
00000068   UCB0CTL0
00000069   UCB0CTL1
0000006a   UCB0BR0
0000006b   UCB0BR1
0000006c   UCB0I2CIE
0000006d   UCB0STAT
0000006e   UCB0RXBUF
0000006f   UCB0TXBUF
000000c0   OA0CTL0
000000c1   OA0CTL1
000000c2   OA1CTL0
000000c3   OA1CTL1
00000118   UCB0I2COA
0000011a   UCB0I2CSA
0000011e   TBIV
00000120   WDTCTL
00000128   FCTL1
0000012a   FCTL2
0000012c   FCTL3
0000012e   TAIV
00000160   TACTL
00000162   TACCTL0
00000164   TACCTL1
00000166   TACCTL2
00000170   TAR
00000172   TACCR0
00000174   TACCR1
00000176   TACCR2
00000180   TBCTL
00000182   TBCCTL0
00000184   TBCCTL1
00000186   TBCCTL2
00000190   TBR
00000192   TBCCR0
00000194   TBCCR1
00000196   TBCCR2
000001b0   ADC10CTL0
000001b2   ADC10CTL1
000001b4   ADC10MEM
000001bc   ADC10SA
00000200   .bss
00000200   .data
00000200   __bss__
00000200   __data__
00000200   __edata__
00000200   edata
00000200   life
00000520   current_row
0000056e   rowi
00000570   coli
00000572   rowj
00000574   colj
00000576   neighbors
00000578   only_neighbors
0000057a   block_16
0000057c   position
0000057e   seconds
00000580   switches
00000590   _lock
00000592   _unlock
00000594   __TI_cleanup_ptr
00000596   __TI_dtors_ptr
00000598   i2c_fSCL
0000059a   __end__
0000059a   end
000005b0   _stack
00000600   __STACK_END
000010f8   CALDCO_16MHZ
000010f9   CALBC1_16MHZ
000010fa   CALDCO_12MHZ
000010fb   CALBC1_12MHZ
000010fc   CALDCO_8MHZ
000010fd   CALBC1_8MHZ
000010fe   CALDCO_1MHZ
000010ff   CALBC1_1MHZ
00008000   .text
00008000   __text__
00008000   lcd_point
0000848a   init_life
000086b0   lcd_init
00008836   draw_rle_pattern
0000898a   do_bit
00008ad6   display_results
00008c08   lcd_putchar
00008d3a   main
00008e42   RBX430_init
00008f00   lcd_rectangle
00008f88   do_row
0000900a   count_neighbors
00009084   ERROR2
000090fa   lcd_WD
00009158   set_pixel
000091b6   I_LSR
000091c4   I_LSR_15
000091c8   I_LSR_14
000091cc   I_LSR_13
000091d0   I_LSR_12
000091d4   I_LSR_11
000091d8   I_LSR_10
000091dc   I_LSR_9
000091e0   I_LSR_8
000091e4   I_LSR_7
000091e8   I_LSR_6
000091ec   I_LSR_5
000091f0   I_LSR_4
000091f4   I_LSR_3
000091f8   I_LSR_2
000091fc   I_LSR_1
00009202   lcd_WD2
00009292   WDT_ISR
00009340   lcd_set_x_y
00009374   port1_init
000093a8   lcd_cursor
000093d8   lcd_set
00009406   I_LSL
00009412   I_LSL_15
00009414   I_LSL_14
00009416   I_LSL_13
00009418   I_LSL_12
0000941a   I_LSL_11
0000941c   I_LSL_10
0000941e   I_LSL_9
00009420   I_LSL_8
00009422   I_LSL_7
00009424   I_LSL_6
00009426   I_LSL_5
00009428   I_LSL_4
0000942a   I_LSL_3
0000942c   I_LSL_2
0000942e   I_LSL_1
00009432   read_number
0000945c   lcd_printf
00009480   ISR_trap
000094fe   _c_int00
000094fe   _c_int00_noinit_noexit
0000951c   lcd_mode
0000953a   __divu
0000953a   __remu
00009550   watchdog_init
00009566   isdigit
0000957a   lcd_backlight
0000958e   memset
000095a2   __mpyi
000095b6   L_LSR
000095c8   func_epilog_7
000095ca   func_epilog_6
000095cc   func_epilog_5
000095ce   func_epilog_4
000095d0   func_epilog_3
000095d2   func_epilog_2
000095d4   func_epilog_1
000095d8   strlen
000095e6   Port_1_ISR
000095f2   lcd_clear
000095fc   ADC10_ISR
00009604   _system_pre_init
00009608   C$$EXIT
00009608   abort
0000960c   _nop
0000960e   __etext__
0000960e   cs
0000960e   etext
000097ee   beacon_maker
00009914   dv3
000099b6   pulsar
00009a50   gosper_glider_gun
00009ad2   bird
00009b3c   loafer
00009b8c   hexapole
00009bca   by_flop
00009c04   hwss
00009c38   loaf
00009c68   lwss
00009cf0   beacon
00009d1c   beehive
00009d46   boat
00009d6e   glider
00009d96   toad
00009dba   block
00009dde   blinker
00009e22   px_off
00009e28   px_on
0000ffe4   __TI_int02
0000ffe6   __TI_int03
0000ffea   __TI_int05
0000ffec   __TI_int06
0000ffee   __TI_int07
0000fff0   __TI_int08
0000fff2   __TI_int09
0000fff4   __TI_int10
0000fff8   __TI_int12
0000fffa   __TI_int13
0000fffc   __TI_int14
0000fffe   _reset_vector
ffffffff   __binit__
ffffffff   __c_args__
ffffffff   __cinit__
ffffffff   __pinit__
ffffffff   binit
ffffffff   cinit
ffffffff   pinit

[254 symbols]
