******************************************************************************
                  MSP430 Linker PC v4.2.1                      
******************************************************************************
>> Linked Mon Mar 30 23:06:04 2015

OUTPUT FILE NAME:   <L08-Life.out>
ENTRY POINT SYMBOL: "_c_int00"  address: 0000947c


MEMORY CONFIGURATION

         name            origin    length      used     unused   attr    fill
----------------------  --------  ---------  --------  --------  ----  --------
  SFR                   00000000   00000010  00000000  00000010  RWIX
  PERIPHERALS_8BIT      00000010   000000f0  00000000  000000f0  RWIX
  PERIPHERALS_16BIT     00000100   00000100  00000000  00000100  RWIX
  RAM                   00000200   00000400  000003b0  00000050  RWIX
  INFOD                 00001000   00000040  00000000  00000040  RWIX
  INFOC                 00001040   00000040  00000000  00000040  RWIX
  INFOB                 00001080   00000040  00000000  00000040  RWIX
  INFOA                 000010c0   00000040  00000000  00000040  RWIX
  FLASH                 00008000   00007fde  00001dac  00006232  RWIX
  INT00                 0000ffe0   00000002  00000000  00000002  RWIX
  INT01                 0000ffe2   00000002  00000000  00000002  RWIX
  INT02                 0000ffe4   00000002  00000002  00000000  RWIX
  INT03                 0000ffe6   00000002  00000002  00000000  RWIX
  INT04                 0000ffe8   00000002  00000000  00000002  RWIX
  INT05                 0000ffea   00000002  00000002  00000000  RWIX
  INT06                 0000ffec   00000002  00000002  00000000  RWIX
  INT07                 0000ffee   00000002  00000002  00000000  RWIX
  INT08                 0000fff0   00000002  00000002  00000000  RWIX
  INT09                 0000fff2   00000002  00000002  00000000  RWIX
  INT10                 0000fff4   00000002  00000002  00000000  RWIX
  INT11                 0000fff6   00000002  00000000  00000002  RWIX
  INT12                 0000fff8   00000002  00000002  00000000  RWIX
  INT13                 0000fffa   00000002  00000002  00000000  RWIX
  INT14                 0000fffc   00000002  00000002  00000000  RWIX
  RESET                 0000fffe   00000002  00000002  00000000  RWIX


SECTION ALLOCATION MAP

 output                                  attributes/
section   page    origin      length       input sections
--------  ----  ----------  ----------   ----------------
.cinit     0    00008000    00000000     UNINITIALIZED

.pinit     0    00008000    00000000     UNINITIALIZED

.bss       0    00000200    00000360     UNINITIALIZED
                  00000200    00000344     main.obj (.bss)
                  00000544    0000000c     lifelib.obj (.bss)
                  00000550    00000006     RBX430_lcd.obj (.bss)
                  00000556    00000004     rts430.lib : _lock.obj (.bss)
                  0000055a    00000004                : boot.obj (.bss)
                  0000055e    00000002     RBX430-1.obj (.bss)

.data      0    00000200    00000000     UNINITIALIZED

.stack     0    000005b0    00000050     UNINITIALIZED
                  000005b0    00000002     rts430.lib : boot.obj (.stack)
                  000005b2    0000004e     --HOLE--

.text      0    00008000    0000158c     
                  00008000    000002ea     main.obj (.text:main)
                  000082ea    00000246     RBX430_lcd.obj (.text:lcd_point)
                  00008530    00000244     RBX430_lcd.obj (.text:my_printfi)
                  00008774    00000226     lifelib.obj (.text:init_life)
                  0000899a    00000186     RBX430_lcd.obj (.text:lcd_init)
                  00008b20    00000158     main.obj (.text:draw_rle_pattern)
                  00008c78    00000132     lifelib.obj (.text:display_results)
                  00008daa    00000132     RBX430_lcd.obj (.text:lcd_putchar)
                  00008edc    000000be     RBX430-1.obj (.text:RBX430_init)
                  00008f9a    00000088     RBX430_lcd.obj (.text:lcd_rectangle)
                  00009022    00000076     RBX430-1.obj (.text:ERROR2)
                  00009098    0000005e     RBX430_lcd.obj (.text:lcd_WD)
                  000090f6    0000004c     rts430.lib : lsr16.obj (.text)
                  00009142    0000004a     RBX430_lcd.obj (.text:lcd_WD2)
                  0000918c    00000046     RBX430_lcd.obj (.text:DelayMs)
                  000091d2    00000042     lifelib.obj (.text:WDT_ISR)
                  00009214    0000003e     main.obj (.text:set_pixel)
                  00009252    00000038     RBX430_lcd.obj (.text:ReadDataWord)
                  0000928a    00000034     RBX430_lcd.obj (.text:WriteDataWord)
                  000092be    00000034     RBX430_lcd.obj (.text:lcd_set_x_y)
                  000092f2    00000034     lifelib.obj (.text:port1_init)
                  00009326    00000030     RBX430_lcd.obj (.text:lcd_cursor)
                  00009356    0000002e     RBX430_lcd.obj (.text:lcd_set)
                  00009384    0000002c     rts430.lib : lsl16.obj (.text)
                  000093b0    0000002a     main.obj (.text:read_number)
                  000093da    00000024     RBX430_lcd.obj (.text:lcd_printf)
                  000093fe    00000022     lifelib.obj (.text:ISR_trap)
                  00009420    00000020     RBX430_lcd.obj (.text:ReadData)
                  00009440    0000001e     RBX430_lcd.obj (.text:WriteCmd)
                  0000945e    0000001e     RBX430_lcd.obj (.text:WriteData)
                  0000947c    0000001e     rts430.lib : boot.obj (.text:_c_int00_noinit_noexit)
                  0000949a    0000001e     RBX430_lcd.obj (.text:lcd_mode)
                  000094b8    00000016     rts430.lib : div16u.obj (.text)
                  000094ce    00000016     lifelib.obj (.text:watchdog_init)
                  000094e4    00000014     main.obj (.text:isdigit)
                  000094f8    00000014     RBX430_lcd.obj (.text:lcd_backlight)
                  0000950c    00000014     rts430.lib : memset.obj (.text:memset)
                  00009520    00000014                : mult16.obj (.text)
                  00009534    00000012                : lsr32.obj (.text:l_lsr)
                  00009546    00000010                : epilog.obj (.text)
                  00009556    0000000e                : strlen.obj (.text:strlen)
                  00009564    0000000c     lifelib.obj (.text:Port_1_ISR)
                  00009570    0000000a     RBX430_lcd.obj (.text:lcd_clear)
                  0000957a    00000008     RBX430-1.obj (.text:ADC10_ISR)
                  00009582    00000004     rts430.lib : pre_init.obj (.text:_system_pre_init)
                  00009586    00000004                : exit.obj (.text:abort)
                  0000958a    00000002                : _lock.obj (.text:_nop)

.const     0    0000958c    00000820     
                  0000958c    000001e0     RBX430_lcd.obj (.const:cs)
                  0000976c    00000125     lifelib.obj (.const:.string:beacon_maker)
                  00009891    00000001     --HOLE-- [fill = 0]
                  00009892    000000a2     RBX430_lcd.obj (.const:.string:dv3)
                  00009934    0000009a     lifelib.obj (.const:.string:pulsar)
                  000099ce    00000081     lifelib.obj (.const:.string:gosper_glider_gun)
                  00009a4f    00000001     --HOLE-- [fill = 0]
                  00009a50    0000006a     lifelib.obj (.const:.string:bird)
                  00009aba    0000004f     lifelib.obj (.const:.string:loafer)
                  00009b09    00000001     --HOLE-- [fill = 0]
                  00009b0a    0000003e     lifelib.obj (.const:.string:hexapole)
                  00009b48    0000003a     lifelib.obj (.const:.string:by_flop)
                  00009b82    00000034     lifelib.obj (.const:.string:hwss)
                  00009bb6    0000002f     lifelib.obj (.const:.string:loaf)
                  00009be5    00000001     --HOLE-- [fill = 0]
                  00009be6    0000002f     lifelib.obj (.const:.string:lwss)
                  00009c15    00000001     --HOLE-- [fill = 0]
                  00009c16    0000002c     lifelib.obj (.const:.string)
                  00009c42    0000002c     RBX430_lcd.obj (.const:dv$3)
                  00009c6e    0000002b     lifelib.obj (.const:.string:beacon)
                  00009c99    00000001     --HOLE-- [fill = 0]
                  00009c9a    0000002a     lifelib.obj (.const:.string:beehive)
                  00009cc4    00000027     lifelib.obj (.const:.string:boat)
                  00009ceb    00000001     --HOLE-- [fill = 0]
                  00009cec    00000027     lifelib.obj (.const:.string:glider)
                  00009d13    00000001     --HOLE-- [fill = 0]
                  00009d14    00000024     lifelib.obj (.const:.string:toad)
                  00009d38    00000023     lifelib.obj (.const:.string:block)
                  00009d5b    00000001     --HOLE-- [fill = 0]
                  00009d5c    00000020     lifelib.obj (.const:.string:blinker)
                  00009d7c    00000011     RBX430_lcd.obj (.const:.string:lHexChar$1)
                  00009d8d    00000001     --HOLE-- [fill = 0]
                  00009d8e    00000011     RBX430_lcd.obj (.const:.string:uHexChar$2)
                  00009d9f    00000001     --HOLE-- [fill = 0]
                  00009da0    00000006     RBX430_lcd.obj (.const:px_off)
                  00009da6    00000006     RBX430_lcd.obj (.const:px_on)

PORT1      0    0000ffe4    00000002     
                  0000ffe4    00000002     lifelib.obj (.int02)

PORT2      0    0000ffe6    00000002     
                  0000ffe6    00000002     lifelib.obj (.int03)

ADC10      0    0000ffea    00000002     
                  0000ffea    00000002     RBX430-1.obj (.int05)

USCIAB0TX 
*          0    0000ffec    00000002     
                  0000ffec    00000002     lifelib.obj (.int06)

USCIAB0RX 
*          0    0000ffee    00000002     
                  0000ffee    00000002     lifelib.obj (.int07)

TIMERA1    0    0000fff0    00000002     
                  0000fff0    00000002     lifelib.obj (.int08)

TIMERA0    0    0000fff2    00000002     
                  0000fff2    00000002     lifelib.obj (.int09)

WDT        0    0000fff4    00000002     
                  0000fff4    00000002     lifelib.obj (.int10)

TIMERB1    0    0000fff8    00000002     
                  0000fff8    00000002     lifelib.obj (.int12)

TIMERB0    0    0000fffa    00000002     
                  0000fffa    00000002     lifelib.obj (.int13)

NMI        0    0000fffc    00000002     
                  0000fffc    00000002     lifelib.obj (.int14)

.reset     0    0000fffe    00000002     
                  0000fffe    00000002     rts430.lib : boot.obj (.reset)


GLOBAL SYMBOLS: SORTED ALPHABETICALLY BY Name 

address    name
--------   ----
00000200   .bss
00000200   .data
00008000   .text
0000004a   ADC10AE0
0000004b   ADC10AE1
000001b0   ADC10CTL0
000001b2   ADC10CTL1
00000048   ADC10DTC0
00000049   ADC10DTC1
000001b4   ADC10MEM
000001bc   ADC10SA
0000957a   ADC10_ISR
00000057   BCSCTL1
00000058   BCSCTL2
00000053   BCSCTL3
00009586   C$$EXIT
000010fb   CALBC1_12MHZ
000010f9   CALBC1_16MHZ
000010ff   CALBC1_1MHZ
000010fd   CALBC1_8MHZ
000010fa   CALDCO_12MHZ
000010f8   CALDCO_16MHZ
000010fe   CALDCO_1MHZ
000010fc   CALDCO_8MHZ
00000056   DCOCTL
00009022   ERROR2
00000128   FCTL1
0000012a   FCTL2
0000012c   FCTL3
00000000   IE1
00000001   IE2
00000002   IFG1
00000003   IFG2
000093fe   ISR_trap
00009384   I_LSL
000093ac   I_LSL_1
0000939a   I_LSL_10
00009398   I_LSL_11
00009396   I_LSL_12
00009394   I_LSL_13
00009392   I_LSL_14
00009390   I_LSL_15
000093aa   I_LSL_2
000093a8   I_LSL_3
000093a6   I_LSL_4
000093a4   I_LSL_5
000093a2   I_LSL_6
000093a0   I_LSL_7
0000939e   I_LSL_8
0000939c   I_LSL_9
000090f6   I_LSR
0000913c   I_LSR_1
00009118   I_LSR_10
00009114   I_LSR_11
00009110   I_LSR_12
0000910c   I_LSR_13
00009108   I_LSR_14
00009104   I_LSR_15
00009138   I_LSR_2
00009134   I_LSR_3
00009130   I_LSR_4
0000912c   I_LSR_5
00009128   I_LSR_6
00009124   I_LSR_7
00009120   I_LSR_8
0000911c   I_LSR_9
00009534   L_LSR
000000c0   OA0CTL0
000000c1   OA0CTL1
000000c2   OA1CTL0
000000c3   OA1CTL1
00000022   P1DIR
00000025   P1IE
00000024   P1IES
00000023   P1IFG
00000020   P1IN
00000021   P1OUT
00000027   P1REN
00000026   P1SEL
0000002a   P2DIR
0000002d   P2IE
0000002c   P2IES
0000002b   P2IFG
00000028   P2IN
00000029   P2OUT
0000002f   P2REN
0000002e   P2SEL
0000001a   P3DIR
00000018   P3IN
00000019   P3OUT
00000010   P3REN
0000001b   P3SEL
0000001e   P4DIR
0000001c   P4IN
0000001d   P4OUT
00000011   P4REN
0000001f   P4SEL
00009564   Port_1_ISR
00008edc   RBX430_init
00000172   TACCR0
00000174   TACCR1
00000176   TACCR2
00000162   TACCTL0
00000164   TACCTL1
00000166   TACCTL2
00000160   TACTL
0000012e   TAIV
00000170   TAR
00000192   TBCCR0
00000194   TBCCR1
00000196   TBCCR2
00000182   TBCCTL0
00000184   TBCCTL1
00000186   TBCCTL2
00000180   TBCTL
0000011e   TBIV
00000190   TBR
0000005d   UCA0ABCTL
00000062   UCA0BR0
00000063   UCA0BR1
00000060   UCA0CTL0
00000061   UCA0CTL1
0000005f   UCA0IRRCTL
0000005e   UCA0IRTCTL
00000064   UCA0MCTL
00000066   UCA0RXBUF
00000065   UCA0STAT
00000067   UCA0TXBUF
0000006a   UCB0BR0
0000006b   UCB0BR1
00000068   UCB0CTL0
00000069   UCB0CTL1
0000006c   UCB0I2CIE
00000118   UCB0I2COA
0000011a   UCB0I2CSA
0000006e   UCB0RXBUF
0000006d   UCB0STAT
0000006f   UCB0TXBUF
00000120   WDTCTL
000091d2   WDT_ISR
00000600   __STACK_END
00000050   __STACK_SIZE
00000001   __TI_args_main
00000001   __TI_auto_init
0000055a   __TI_cleanup_ptr
0000055c   __TI_dtors_ptr
00000001   __TI_exit
0000ffe4   __TI_int02
0000ffe6   __TI_int03
0000ffea   __TI_int05
0000ffec   __TI_int06
0000ffee   __TI_int07
0000fff0   __TI_int08
0000fff2   __TI_int09
0000fff4   __TI_int10
0000fff8   __TI_int12
0000fffa   __TI_int13
0000fffc   __TI_int14
ffffffff   __binit__
00000200   __bss__
ffffffff   __c_args__
ffffffff   __cinit__
00000200   __data__
000094b8   __divu
00000200   __edata__
00000560   __end__
0000958c   __etext__
00009520   __mpyi
ffffffff   __pinit__
000094b8   __remu
00008000   __text__
0000947c   _c_int00
0000947c   _c_int00_noinit_noexit
00000556   _lock
0000958a   _nop
0000fffe   _reset_vector
000005b0   _stack
00009582   _system_pre_init
00000558   _unlock
00009586   abort
00009c6e   beacon
0000976c   beacon_maker
00009c9a   beehive
ffffffff   binit
00009a50   bird
0000053f   bit_value
00009d5c   blinker
00009d38   block
00009cc4   boat
00000538   bottom_row
00009b48   by_flop
ffffffff   cinit
00000521   col
00000542   col_index
0000958c   cs
00008c78   display_results
00008b20   draw_rle_pattern
00009892   dv3
00000200   edata
00000560   end
0000958c   etext
00009552   func_epilog_1
00009550   func_epilog_2
0000954e   func_epilog_3
0000954c   func_epilog_4
0000954a   func_epilog_5
00009548   func_epilog_6
00009546   func_epilog_7
00009cec   glider
000099ce   gosper_glider_gun
00009b0a   hexapole
00009b82   hwss
0000055e   i2c_fSCL
00008774   init_life
000094e4   isdigit
00009098   lcd_WD
00009142   lcd_WD2
000094f8   lcd_backlight
00009570   lcd_clear
00009326   lcd_cursor
0000899a   lcd_init
0000949a   lcd_mode
000082ea   lcd_point
000093da   lcd_printf
00008daa   lcd_putchar
00008f9a   lcd_rectangle
00009356   lcd_set
000092be   lcd_set_x_y
0000053c   left_three
00000200   life
00009bb6   loaf
00009aba   loafer
00009be6   lwss
00008000   main
0000950c   memset
0000052e   middle_row
0000053d   middle_three
00000540   neighbors
0000053a   new_row
ffffffff   pinit
000092f2   port1_init
00000522   position
00009934   pulsar
00009da0   px_off
00009da6   px_on
000093b0   read_number
0000053e   right_three
00000520   row
00000544   seconds
00009214   set_pixel
00009556   strlen
00000546   switches
00009d14   toad
00000524   top_row
000094ce   watchdog_init


GLOBAL SYMBOLS: SORTED BY Symbol Address 

address    name
--------   ----
00000000   IE1
00000001   IE2
00000001   __TI_args_main
00000001   __TI_auto_init
00000001   __TI_exit
00000002   IFG1
00000003   IFG2
00000010   P3REN
00000011   P4REN
00000018   P3IN
00000019   P3OUT
0000001a   P3DIR
0000001b   P3SEL
0000001c   P4IN
0000001d   P4OUT
0000001e   P4DIR
0000001f   P4SEL
00000020   P1IN
00000021   P1OUT
00000022   P1DIR
00000023   P1IFG
00000024   P1IES
00000025   P1IE
00000026   P1SEL
00000027   P1REN
00000028   P2IN
00000029   P2OUT
0000002a   P2DIR
0000002b   P2IFG
0000002c   P2IES
0000002d   P2IE
0000002e   P2SEL
0000002f   P2REN
00000048   ADC10DTC0
00000049   ADC10DTC1
0000004a   ADC10AE0
0000004b   ADC10AE1
00000050   __STACK_SIZE
00000053   BCSCTL3
00000056   DCOCTL
00000057   BCSCTL1
00000058   BCSCTL2
0000005d   UCA0ABCTL
0000005e   UCA0IRTCTL
0000005f   UCA0IRRCTL
00000060   UCA0CTL0
00000061   UCA0CTL1
00000062   UCA0BR0
00000063   UCA0BR1
00000064   UCA0MCTL
00000065   UCA0STAT
00000066   UCA0RXBUF
00000067   UCA0TXBUF
00000068   UCB0CTL0
00000069   UCB0CTL1
0000006a   UCB0BR0
0000006b   UCB0BR1
0000006c   UCB0I2CIE
0000006d   UCB0STAT
0000006e   UCB0RXBUF
0000006f   UCB0TXBUF
000000c0   OA0CTL0
000000c1   OA0CTL1
000000c2   OA1CTL0
000000c3   OA1CTL1
00000118   UCB0I2COA
0000011a   UCB0I2CSA
0000011e   TBIV
00000120   WDTCTL
00000128   FCTL1
0000012a   FCTL2
0000012c   FCTL3
0000012e   TAIV
00000160   TACTL
00000162   TACCTL0
00000164   TACCTL1
00000166   TACCTL2
00000170   TAR
00000172   TACCR0
00000174   TACCR1
00000176   TACCR2
00000180   TBCTL
00000182   TBCCTL0
00000184   TBCCTL1
00000186   TBCCTL2
00000190   TBR
00000192   TBCCR0
00000194   TBCCR1
00000196   TBCCR2
000001b0   ADC10CTL0
000001b2   ADC10CTL1
000001b4   ADC10MEM
000001bc   ADC10SA
00000200   .bss
00000200   .data
00000200   __bss__
00000200   __data__
00000200   __edata__
00000200   edata
00000200   life
00000520   row
00000521   col
00000522   position
00000524   top_row
0000052e   middle_row
00000538   bottom_row
0000053a   new_row
0000053c   left_three
0000053d   middle_three
0000053e   right_three
0000053f   bit_value
00000540   neighbors
00000542   col_index
00000544   seconds
00000546   switches
00000556   _lock
00000558   _unlock
0000055a   __TI_cleanup_ptr
0000055c   __TI_dtors_ptr
0000055e   i2c_fSCL
00000560   __end__
00000560   end
000005b0   _stack
00000600   __STACK_END
000010f8   CALDCO_16MHZ
000010f9   CALBC1_16MHZ
000010fa   CALDCO_12MHZ
000010fb   CALBC1_12MHZ
000010fc   CALDCO_8MHZ
000010fd   CALBC1_8MHZ
000010fe   CALDCO_1MHZ
000010ff   CALBC1_1MHZ
00008000   .text
00008000   __text__
00008000   main
000082ea   lcd_point
00008774   init_life
0000899a   lcd_init
00008b20   draw_rle_pattern
00008c78   display_results
00008daa   lcd_putchar
00008edc   RBX430_init
00008f9a   lcd_rectangle
00009022   ERROR2
00009098   lcd_WD
000090f6   I_LSR
00009104   I_LSR_15
00009108   I_LSR_14
0000910c   I_LSR_13
00009110   I_LSR_12
00009114   I_LSR_11
00009118   I_LSR_10
0000911c   I_LSR_9
00009120   I_LSR_8
00009124   I_LSR_7
00009128   I_LSR_6
0000912c   I_LSR_5
00009130   I_LSR_4
00009134   I_LSR_3
00009138   I_LSR_2
0000913c   I_LSR_1
00009142   lcd_WD2
000091d2   WDT_ISR
00009214   set_pixel
000092be   lcd_set_x_y
000092f2   port1_init
00009326   lcd_cursor
00009356   lcd_set
00009384   I_LSL
00009390   I_LSL_15
00009392   I_LSL_14
00009394   I_LSL_13
00009396   I_LSL_12
00009398   I_LSL_11
0000939a   I_LSL_10
0000939c   I_LSL_9
0000939e   I_LSL_8
000093a0   I_LSL_7
000093a2   I_LSL_6
000093a4   I_LSL_5
000093a6   I_LSL_4
000093a8   I_LSL_3
000093aa   I_LSL_2
000093ac   I_LSL_1
000093b0   read_number
000093da   lcd_printf
000093fe   ISR_trap
0000947c   _c_int00
0000947c   _c_int00_noinit_noexit
0000949a   lcd_mode
000094b8   __divu
000094b8   __remu
000094ce   watchdog_init
000094e4   isdigit
000094f8   lcd_backlight
0000950c   memset
00009520   __mpyi
00009534   L_LSR
00009546   func_epilog_7
00009548   func_epilog_6
0000954a   func_epilog_5
0000954c   func_epilog_4
0000954e   func_epilog_3
00009550   func_epilog_2
00009552   func_epilog_1
00009556   strlen
00009564   Port_1_ISR
00009570   lcd_clear
0000957a   ADC10_ISR
00009582   _system_pre_init
00009586   C$$EXIT
00009586   abort
0000958a   _nop
0000958c   __etext__
0000958c   cs
0000958c   etext
0000976c   beacon_maker
00009892   dv3
00009934   pulsar
000099ce   gosper_glider_gun
00009a50   bird
00009aba   loafer
00009b0a   hexapole
00009b48   by_flop
00009b82   hwss
00009bb6   loaf
00009be6   lwss
00009c6e   beacon
00009c9a   beehive
00009cc4   boat
00009cec   glider
00009d14   toad
00009d38   block
00009d5c   blinker
00009da0   px_off
00009da6   px_on
0000ffe4   __TI_int02
0000ffe6   __TI_int03
0000ffea   __TI_int05
0000ffec   __TI_int06
0000ffee   __TI_int07
0000fff0   __TI_int08
0000fff2   __TI_int09
0000fff4   __TI_int10
0000fff8   __TI_int12
0000fffa   __TI_int13
0000fffc   __TI_int14
0000fffe   _reset_vector
ffffffff   __binit__
ffffffff   __c_args__
ffffffff   __cinit__
ffffffff   __pinit__
ffffffff   binit
ffffffff   cinit
ffffffff   pinit

[255 symbols]
