******************************************************************************
                  MSP430 Linker PC v4.2.1                      
******************************************************************************
>> Linked Wed Jan 21 16:40:52 2015

OUTPUT FILE NAME:   <L01-data_types.out>
ENTRY POINT SYMBOL: "_c_int00"  address: 0000e384


MEMORY CONFIGURATION

         name            origin    length      used     unused   attr    fill
----------------------  --------  ---------  --------  --------  ----  --------
  SFR                   00000000   00000010  00000000  00000010  RWIX
  PERIPHERALS_8BIT      00000010   000000f0  00000000  000000f0  RWIX
  PERIPHERALS_16BIT     00000100   00000100  00000000  00000100  RWIX
  RAM                   00000200   00000200  000000bc  00000144  RWIX
  INFOD                 00001000   00000040  00000000  00000040  RWIX
  INFOC                 00001040   00000040  00000000  00000040  RWIX
  INFOB                 00001080   00000040  00000000  00000040  RWIX
  INFOA                 000010c0   00000040  00000000  00000040  RWIX
  FLASH                 0000c000   00003fe0  0000287c  00001764  RWIX
  INT00                 0000ffe0   00000002  00000000  00000002  RWIX
  INT01                 0000ffe2   00000002  00000000  00000002  RWIX
  INT02                 0000ffe4   00000002  00000002  00000000  RWIX
  INT03                 0000ffe6   00000002  00000002  00000000  RWIX
  INT04                 0000ffe8   00000002  00000000  00000002  RWIX
  INT05                 0000ffea   00000002  00000002  00000000  RWIX
  INT06                 0000ffec   00000002  00000002  00000000  RWIX
  INT07                 0000ffee   00000002  00000002  00000000  RWIX
  INT08                 0000fff0   00000002  00000002  00000000  RWIX
  INT09                 0000fff2   00000002  00000002  00000000  RWIX
  INT10                 0000fff4   00000002  00000002  00000000  RWIX
  INT11                 0000fff6   00000002  00000002  00000000  RWIX
  INT12                 0000fff8   00000002  00000002  00000000  RWIX
  INT13                 0000fffa   00000002  00000002  00000000  RWIX
  INT14                 0000fffc   00000002  00000002  00000000  RWIX
  RESET                 0000fffe   00000002  00000002  00000000  RWIX


SECTION ALLOCATION MAP

 output                                  attributes/
section   page    origin      length       input sections
--------  ----  ----------  ----------   ----------------
.pinit     0    0000c000    00000000     UNINITIALIZED

.bss       0    00000200    0000006c     UNINITIALIZED
                  00000200    0000005c     lab01Lib.obj (.bss)
                  0000025c    00000008     lab01.obj (.bss)
                  00000264    00000004     rts430.lib : _lock.obj (.bss)
                  00000268    00000004                : boot.obj (.bss)

.data      0    00000200    00000000     UNINITIALIZED

.stack     0    000003b0    00000050     UNINITIALIZED
                  000003b0    00000002     rts430.lib : boot.obj (.stack)
                  000003b2    0000004e     --HOLE--

.text      0    0000c000    0000253e     
                  0000c000    00000406     lab01.obj (.text:main)
                  0000c406    000003b2     rts430.lib : llmath.obj (.text:__divull)
                  0000c7b8    00000212                : _printfi.obj (.text:_setfield)
                  0000c9ca    000001de                : _printfi.obj (.text:__TI_printfi)
                  0000cba8    000001a6                : _printfi.obj (.text:_pproc_fge)
                  0000cd4e    00000172                : _printfi.obj (.text:ecvt)
                  0000cec0    0000016a                : _printfi.obj (.text:fcvt)
                  0000d02a    00000168                : _printfi.obj (.text:_getarg_diouxp)
                  0000d192    00000154                : _printfi.obj (.text:_pconv_e)
                  0000d2e6    0000013e                : _printfi.obj (.text:_pproc_diouxp)
                  0000d424    00000130                : fs_add.obj (.text)
                  0000d554    00000114                : mult64.obj (.text:__mpyll)
                  0000d668    00000106                : _printfi.obj (.text:_ltostr)
                  0000d76e    000000fe                : _printfi.obj (.text:_pproc_fwp)
                  0000d86c    000000fc                : _printfi.obj (.text:_pconv_g)
                  0000d968    000000c2                : fs_mpy.obj (.text)
                  0000da2a    000000ac                : _printfi.obj (.text:_pproc_str)
                  0000dad6    000000a4     lab01Lib.obj (.text:lab01_init)
                  0000db7a    0000009a     rts430.lib : fs_div.obj (.text)
                  0000dc14    00000090                : _printfi.obj (.text:_mcpy)
                  0000dca4    0000008a                : _printfi.obj (.text:_div)
                  0000dd2e    00000086                : _printfi.obj (.text:_ecpy)
                  0000ddb4    00000084                : ltoa.obj (.text:ltoa)
                  0000de38    0000007e                : fs_tol.obj (.text)
                  0000deb6    00000074                : _printfi.obj (.text:_pconv_f)
                  0000df2a    0000005c                : lsr32.obj (.text:l_lsr_const)
                  0000df86    00000058                : div32u.obj (.text)
                  0000dfde    00000054                : atoi.obj (.text:atoi)
                  0000e032    0000004e                : _printfi.obj (.text:_fcpy)
                  0000e080    0000004a                : llmath.obj (.text:__lsrll)
                  0000e0ca    0000004a                : fs_cmp.obj (.text)
                  0000e114    0000004a                : fs_ltof.obj (.text)
                  0000e15e    00000048                : llmath.obj (.text:__lslll)
                  0000e1a6    00000048                : autoinit.obj (.text:_auto_init)
                  0000e1ee    00000046                : fs_tou.obj (.text)
                  0000e234    00000044                : _printfi.obj (.text:_pproc_fflags)
                  0000e278    00000040                : div32s.obj (.text)
                  0000e2b8    0000003c                : xfdtest.obj (.text:_FDtest)
                  0000e2f4    00000038                : sprintf.obj (.text:sprintf)
                  0000e32c    0000002c                : asr16.obj (.text)
                  0000e358    0000002c                : lsl16.obj (.text)
                  0000e384    00000026                : boot.obj (.text:_c_int00_noexit)
                  0000e3aa    00000026                : mult32.obj (.text)
                  0000e3d0    00000022                : mult1632.obj (.text:__mpyul)
                  0000e3f2    0000001c                : memccpy.obj (.text:memccpy)
                  0000e40e    0000001a     lab01Lib.obj (.text:WDT_ISR)
                  0000e428    0000001a     rts430.lib : sprintf.obj (.text:_outs)
                  0000e442    00000016                : div16u.obj (.text)
                  0000e458    00000014                : xfdclass.obj (.text:_FDclass)
                  0000e46c    00000014                : memset.obj (.text:memset)
                  0000e480    00000014                : mult16.obj (.text)
                  0000e494    00000012                : sprintf.obj (.text:_outc)
                  0000e4a6    00000012                : lsr32.obj (.text:l_lsr)
                  0000e4b8    00000012                : memcpy.obj (.text:memcpy)
                  0000e4ca    00000012     lab01Lib.obj (.text:print)
                  0000e4dc    00000010     rts430.lib : epilog.obj (.text)
                  0000e4ec    0000000e                : strlen.obj (.text:strlen)
                  0000e4fa    0000000c     lab01Lib.obj (.text:putchar)
                  0000e506    0000000c     rts430.lib : toupper.obj (.text:toupper)
                  0000e512    0000000a                : abs.obj (.text:abs)
                  0000e51c    0000000a                : fs_neg.obj (.text)
                  0000e526    00000008     lab01Lib.obj (.text:ADC10_ISR)
                  0000e52e    00000006     rts430.lib : isr_trap.obj (.text:__TI_ISR_TRAP)
                  0000e534    00000004                : pre_init.obj (.text:_system_pre_init)
                  0000e538    00000004                : exit.obj (.text:abort)
                  0000e53c    00000002                : _lock.obj (.text:_nop)

.const     0    0000e53e    00000316     
                  0000e53e    000001da     lab01.obj (.const:.string)
                  0000e718    00000102     rts430.lib : ctype.obj (.const:.string:_ctypes_)
                  0000e81a    00000024                : _printfi.obj (.const:.string)
                  0000e83e    00000016     lab01Lib.obj (.const:.string)

.cinit     0    0000e854    00000028     
                  0000e854    00000015     lab01Lib.obj (.cinit)
                  0000e869    00000001     --HOLE-- [fill = 0]
                  0000e86a    00000010     lab01.obj (.cinit)
                  0000e87a    00000002     --HOLE-- [fill = 0]

PORT1      0    0000ffe4    00000002     
                  0000ffe4    00000002     rts430.lib : int02.obj (.int02)

PORT2      0    0000ffe6    00000002     
                  0000ffe6    00000002     rts430.lib : int03.obj (.int03)

ADC10      0    0000ffea    00000002     
                  0000ffea    00000002     lab01Lib.obj (.int05)

USCIAB0TX 
*          0    0000ffec    00000002     
                  0000ffec    00000002     rts430.lib : int06.obj (.int06)

USCIAB0RX 
*          0    0000ffee    00000002     
                  0000ffee    00000002     rts430.lib : int07.obj (.int07)

TIMER0_A1 
*          0    0000fff0    00000002     
                  0000fff0    00000002     rts430.lib : int08.obj (.int08)

TIMER0_A0 
*          0    0000fff2    00000002     
                  0000fff2    00000002     rts430.lib : int09.obj (.int09)

WDT        0    0000fff4    00000002     
                  0000fff4    00000002     lab01Lib.obj (.int10)

COMPARATORA 
*          0    0000fff6    00000002     
                  0000fff6    00000002     rts430.lib : int11.obj (.int11)

TIMER1_A1 
*          0    0000fff8    00000002     
                  0000fff8    00000002     rts430.lib : int12.obj (.int12)

TIMER1_A0 
*          0    0000fffa    00000002     
                  0000fffa    00000002     rts430.lib : int13.obj (.int13)

NMI        0    0000fffc    00000002     
                  0000fffc    00000002     rts430.lib : int14.obj (.int14)

.reset     0    0000fffe    00000002     
                  0000fffe    00000002     rts430.lib : boot.obj (.reset)


GLOBAL SYMBOLS: SORTED ALPHABETICALLY BY Name 

address    name
--------   ----
00000200   .bss
00000200   .data
0000c000   .text
0000004a   ADC10AE0
000001b0   ADC10CTL0
000001b2   ADC10CTL1
00000048   ADC10DTC0
00000049   ADC10DTC1
000001b4   ADC10MEM
000001bc   ADC10SA
0000e526   ADC10_ISR
00000057   BCSCTL1
00000058   BCSCTL2
00000053   BCSCTL3
00000260   BPS
0000e538   C$$EXIT
00000059   CACTL1
0000005a   CACTL2
000010fb   CALBC1_12MHZ
000010f9   CALBC1_16MHZ
000010ff   CALBC1_1MHZ
000010fd   CALBC1_8MHZ
000010fa   CALDCO_12MHZ
000010f8   CALDCO_16MHZ
000010fe   CALDCO_1MHZ
000010fc   CALDCO_8MHZ
0000005b   CAPD
00000056   DCOCTL
00000128   FCTL1
0000012a   FCTL2
0000012c   FCTL3
00000000   IE1
00000001   IE2
00000002   IFG1
00000003   IFG2
0000e32c   I_ASR
0000e354   I_ASR_1
0000e342   I_ASR_10
0000e340   I_ASR_11
0000e33e   I_ASR_12
0000e33c   I_ASR_13
0000e33a   I_ASR_14
0000e338   I_ASR_15
0000e352   I_ASR_2
0000e350   I_ASR_3
0000e34e   I_ASR_4
0000e34c   I_ASR_5
0000e34a   I_ASR_6
0000e348   I_ASR_7
0000e346   I_ASR_8
0000e344   I_ASR_9
0000e358   I_LSL
0000e380   I_LSL_1
0000e36e   I_LSL_10
0000e36c   I_LSL_11
0000e36a   I_LSL_12
0000e368   I_LSL_13
0000e366   I_LSL_14
0000e364   I_LSL_15
0000e37e   I_LSL_2
0000e37c   I_LSL_3
0000e37a   I_LSL_4
0000e378   I_LSL_5
0000e376   I_LSL_6
0000e374   I_LSL_7
0000e372   I_LSL_8
0000e370   I_LSL_9
0000e4a6   L_LSR
0000df7e   L_LSR_1
0000df48   L_LSR_10
0000df42   L_LSR_11
0000df3c   L_LSR_12
0000df36   L_LSR_13
0000df30   L_LSR_14
0000df2a   L_LSR_15
0000df78   L_LSR_2
0000df72   L_LSR_3
0000df6c   L_LSR_4
0000df66   L_LSR_5
0000df60   L_LSR_6
0000df5a   L_LSR_7
0000df54   L_LSR_8
0000df4e   L_LSR_9
0000025c   MCLK_HZ
00000022   P1DIR
00000025   P1IE
00000024   P1IES
00000023   P1IFG
00000020   P1IN
00000021   P1OUT
00000027   P1REN
00000026   P1SEL
00000041   P1SEL2
0000002a   P2DIR
0000002d   P2IE
0000002c   P2IES
0000002b   P2IFG
00000028   P2IN
00000029   P2OUT
0000002f   P2REN
0000002e   P2SEL
00000042   P2SEL2
0000001a   P3DIR
00000018   P3IN
00000019   P3OUT
00000010   P3REN
0000001b   P3SEL
00000043   P3SEL2
00000172   TA0CCR0
00000174   TA0CCR1
00000176   TA0CCR2
00000162   TA0CCTL0
00000164   TA0CCTL1
00000166   TA0CCTL2
00000160   TA0CTL
0000012e   TA0IV
00000170   TA0R
00000192   TA1CCR0
00000194   TA1CCR1
00000196   TA1CCR2
00000182   TA1CCTL0
00000184   TA1CCTL1
00000186   TA1CCTL2
00000180   TA1CTL
0000011e   TA1IV
00000190   TA1R
0000005d   UCA0ABCTL
00000062   UCA0BR0
00000063   UCA0BR1
00000060   UCA0CTL0
00000061   UCA0CTL1
0000005f   UCA0IRRCTL
0000005e   UCA0IRTCTL
00000064   UCA0MCTL
00000066   UCA0RXBUF
00000065   UCA0STAT
00000067   UCA0TXBUF
0000006a   UCB0BR0
0000006b   UCB0BR1
00000068   UCB0CTL0
00000069   UCB0CTL1
0000006c   UCB0I2CIE
00000118   UCB0I2COA
0000011a   UCB0I2CSA
0000006e   UCB0RXBUF
0000006d   UCB0STAT
0000006f   UCB0TXBUF
00000120   WDTCTL
0000e40e   WDT_ISR
00000200   WDT_Sec_Cnt
0000e458   _FDclass
0000e2b8   _FDtest
00000400   __STACK_END
00000050   __STACK_SIZE
0000e52e   __TI_ISR_TRAP
00000001   __TI_args_main
00000001   __TI_auto_init
00000268   __TI_cleanup_ptr
0000026a   __TI_dtors_ptr
00000001   __TI_exit
0000ffe4   __TI_int02
0000ffe6   __TI_int03
0000ffea   __TI_int05
0000ffec   __TI_int06
0000ffee   __TI_int07
0000fff0   __TI_int08
0000fff2   __TI_int09
0000fff4   __TI_int10
0000fff6   __TI_int11
0000fff8   __TI_int12
0000fffa   __TI_int13
0000fffc   __TI_int14
0000c9ca   __TI_printfi
ffffffff   __binit__
00000200   __bss__
ffffffff   __c_args__
0000e854   __cinit__
00000200   __data__
0000e278   __divli
0000e442   __divu
0000df86   __divul
0000c406   __divull
00000200   __edata__
0000026c   __end__
0000e53e   __etext__
0000d42a   __fs_add
0000e0ca   __fs_cmp
0000db7a   __fs_div
0000e114   __fs_ltof
0000d968   __fs_mpy
0000e51c   __fs_neg
0000d424   __fs_sub
0000de38   __fs_tol
0000e1ee   __fs_tou
0000e15e   __lslll
0000e080   __lsrll
0000e480   __mpyi
0000e3aa   __mpyl
0000d554   __mpyll
0000e3d0   __mpyul
ffffffff   __pinit__
0000e278   __remli
0000e442   __remu
0000df86   __remul
0000c000   __text__
0000e1a6   _auto_init
0000e384   _c_int00
0000e384   _c_int00_noexit
0000e718   _ctypes_
00000264   _lock
0000e53c   _nop
0000fffe   _reset_vector
000003b0   _stack
0000e534   _system_pre_init
00000266   _unlock
0000e538   abort
0000e512   abs
0000dfde   atoi
00000204   baud_rate_20_bits
ffffffff   binit
0000020a   buffer
0000e854   cinit
00000208   count
00000200   edata
0000026c   end
0000e53e   etext
0000e4e8   func_epilog_1
0000e4e6   func_epilog_2
0000e4e4   func_epilog_3
0000e4e2   func_epilog_4
0000e4e0   func_epilog_5
0000e4de   func_epilog_6
0000e4dc   func_epilog_7
0000dad6   lab01_init
0000ddb4   ltoa
0000c000   main
0000e3f2   memccpy
0000e4b8   memcpy
0000e46c   memset
ffffffff   pinit
0000e4ca   print
0000e4fa   putchar
0000e2f4   sprintf
0000e4ec   strlen
00000202   tics
0000e506   toupper


GLOBAL SYMBOLS: SORTED BY Symbol Address 

address    name
--------   ----
00000000   IE1
00000001   IE2
00000001   __TI_args_main
00000001   __TI_auto_init
00000001   __TI_exit
00000002   IFG1
00000003   IFG2
00000010   P3REN
00000018   P3IN
00000019   P3OUT
0000001a   P3DIR
0000001b   P3SEL
00000020   P1IN
00000021   P1OUT
00000022   P1DIR
00000023   P1IFG
00000024   P1IES
00000025   P1IE
00000026   P1SEL
00000027   P1REN
00000028   P2IN
00000029   P2OUT
0000002a   P2DIR
0000002b   P2IFG
0000002c   P2IES
0000002d   P2IE
0000002e   P2SEL
0000002f   P2REN
00000041   P1SEL2
00000042   P2SEL2
00000043   P3SEL2
00000048   ADC10DTC0
00000049   ADC10DTC1
0000004a   ADC10AE0
00000050   __STACK_SIZE
00000053   BCSCTL3
00000056   DCOCTL
00000057   BCSCTL1
00000058   BCSCTL2
00000059   CACTL1
0000005a   CACTL2
0000005b   CAPD
0000005d   UCA0ABCTL
0000005e   UCA0IRTCTL
0000005f   UCA0IRRCTL
00000060   UCA0CTL0
00000061   UCA0CTL1
00000062   UCA0BR0
00000063   UCA0BR1
00000064   UCA0MCTL
00000065   UCA0STAT
00000066   UCA0RXBUF
00000067   UCA0TXBUF
00000068   UCB0CTL0
00000069   UCB0CTL1
0000006a   UCB0BR0
0000006b   UCB0BR1
0000006c   UCB0I2CIE
0000006d   UCB0STAT
0000006e   UCB0RXBUF
0000006f   UCB0TXBUF
00000118   UCB0I2COA
0000011a   UCB0I2CSA
0000011e   TA1IV
00000120   WDTCTL
00000128   FCTL1
0000012a   FCTL2
0000012c   FCTL3
0000012e   TA0IV
00000160   TA0CTL
00000162   TA0CCTL0
00000164   TA0CCTL1
00000166   TA0CCTL2
00000170   TA0R
00000172   TA0CCR0
00000174   TA0CCR1
00000176   TA0CCR2
00000180   TA1CTL
00000182   TA1CCTL0
00000184   TA1CCTL1
00000186   TA1CCTL2
00000190   TA1R
00000192   TA1CCR0
00000194   TA1CCR1
00000196   TA1CCR2
000001b0   ADC10CTL0
000001b2   ADC10CTL1
000001b4   ADC10MEM
000001bc   ADC10SA
00000200   .bss
00000200   .data
00000200   WDT_Sec_Cnt
00000200   __bss__
00000200   __data__
00000200   __edata__
00000200   edata
00000202   tics
00000204   baud_rate_20_bits
00000208   count
0000020a   buffer
0000025c   MCLK_HZ
00000260   BPS
00000264   _lock
00000266   _unlock
00000268   __TI_cleanup_ptr
0000026a   __TI_dtors_ptr
0000026c   __end__
0000026c   end
000003b0   _stack
00000400   __STACK_END
000010f8   CALDCO_16MHZ
000010f9   CALBC1_16MHZ
000010fa   CALDCO_12MHZ
000010fb   CALBC1_12MHZ
000010fc   CALDCO_8MHZ
000010fd   CALBC1_8MHZ
000010fe   CALDCO_1MHZ
000010ff   CALBC1_1MHZ
0000c000   .text
0000c000   __text__
0000c000   main
0000c406   __divull
0000c9ca   __TI_printfi
0000d424   __fs_sub
0000d42a   __fs_add
0000d554   __mpyll
0000d968   __fs_mpy
0000dad6   lab01_init
0000db7a   __fs_div
0000ddb4   ltoa
0000de38   __fs_tol
0000df2a   L_LSR_15
0000df30   L_LSR_14
0000df36   L_LSR_13
0000df3c   L_LSR_12
0000df42   L_LSR_11
0000df48   L_LSR_10
0000df4e   L_LSR_9
0000df54   L_LSR_8
0000df5a   L_LSR_7
0000df60   L_LSR_6
0000df66   L_LSR_5
0000df6c   L_LSR_4
0000df72   L_LSR_3
0000df78   L_LSR_2
0000df7e   L_LSR_1
0000df86   __divul
0000df86   __remul
0000dfde   atoi
0000e080   __lsrll
0000e0ca   __fs_cmp
0000e114   __fs_ltof
0000e15e   __lslll
0000e1a6   _auto_init
0000e1ee   __fs_tou
0000e278   __divli
0000e278   __remli
0000e2b8   _FDtest
0000e2f4   sprintf
0000e32c   I_ASR
0000e338   I_ASR_15
0000e33a   I_ASR_14
0000e33c   I_ASR_13
0000e33e   I_ASR_12
0000e340   I_ASR_11
0000e342   I_ASR_10
0000e344   I_ASR_9
0000e346   I_ASR_8
0000e348   I_ASR_7
0000e34a   I_ASR_6
0000e34c   I_ASR_5
0000e34e   I_ASR_4
0000e350   I_ASR_3
0000e352   I_ASR_2
0000e354   I_ASR_1
0000e358   I_LSL
0000e364   I_LSL_15
0000e366   I_LSL_14
0000e368   I_LSL_13
0000e36a   I_LSL_12
0000e36c   I_LSL_11
0000e36e   I_LSL_10
0000e370   I_LSL_9
0000e372   I_LSL_8
0000e374   I_LSL_7
0000e376   I_LSL_6
0000e378   I_LSL_5
0000e37a   I_LSL_4
0000e37c   I_LSL_3
0000e37e   I_LSL_2
0000e380   I_LSL_1
0000e384   _c_int00
0000e384   _c_int00_noexit
0000e3aa   __mpyl
0000e3d0   __mpyul
0000e3f2   memccpy
0000e40e   WDT_ISR
0000e442   __divu
0000e442   __remu
0000e458   _FDclass
0000e46c   memset
0000e480   __mpyi
0000e4a6   L_LSR
0000e4b8   memcpy
0000e4ca   print
0000e4dc   func_epilog_7
0000e4de   func_epilog_6
0000e4e0   func_epilog_5
0000e4e2   func_epilog_4
0000e4e4   func_epilog_3
0000e4e6   func_epilog_2
0000e4e8   func_epilog_1
0000e4ec   strlen
0000e4fa   putchar
0000e506   toupper
0000e512   abs
0000e51c   __fs_neg
0000e526   ADC10_ISR
0000e52e   __TI_ISR_TRAP
0000e534   _system_pre_init
0000e538   C$$EXIT
0000e538   abort
0000e53c   _nop
0000e53e   __etext__
0000e53e   etext
0000e718   _ctypes_
0000e854   __cinit__
0000e854   cinit
0000ffe4   __TI_int02
0000ffe6   __TI_int03
0000ffea   __TI_int05
0000ffec   __TI_int06
0000ffee   __TI_int07
0000fff0   __TI_int08
0000fff2   __TI_int09
0000fff4   __TI_int10
0000fff6   __TI_int11
0000fff8   __TI_int12
0000fffa   __TI_int13
0000fffc   __TI_int14
0000fffe   _reset_vector
ffffffff   __binit__
ffffffff   __c_args__
ffffffff   __pinit__
ffffffff   binit
ffffffff   pinit

[246 symbols]
