<?xml version="1.0"?>
<link_info>
   <banner>MSP430 Linker PC v4.2.1</banner>
   <copyright>Copyright (c) 2003-2013 Texas Instruments Incorporated</copyright>
   <link_time>0x54c1795e</link_time>
   <link_errors>0x0</link_errors>
   <output_file>L01-data_types.out</output_file>
   <entry_point>
      <name>_c_int00</name>
      <address>0xe640</address>
   </entry_point>
   <input_file_list>
      <input_file id="fl-2">
         <path>.\</path>
         <kind>object</kind>
         <file>lab01Lib.obj</file>
         <name>lab01Lib.obj</name>
      </input_file>
      <input_file id="fl-3">
         <path>.\</path>
         <kind>object</kind>
         <file>lab01.obj</file>
         <name>lab01.obj</name>
      </input_file>
      <input_file id="fl-1d">
         <path>C:\ti\ccsv5\tools\compiler\msp430_4.2.1\lib\</path>
         <kind>archive</kind>
         <file>rts430.lib</file>
         <name>asr16.obj</name>
      </input_file>
      <input_file id="fl-1e">
         <path>C:\ti\ccsv5\tools\compiler\msp430_4.2.1\lib\</path>
         <kind>archive</kind>
         <file>rts430.lib</file>
         <name>boot.obj</name>
      </input_file>
      <input_file id="fl-1f">
         <path>C:\ti\ccsv5\tools\compiler\msp430_4.2.1\lib\</path>
         <kind>archive</kind>
         <file>rts430.lib</file>
         <name>copy_decompress_none.obj</name>
      </input_file>
      <input_file id="fl-20">
         <path>C:\ti\ccsv5\tools\compiler\msp430_4.2.1\lib\</path>
         <kind>archive</kind>
         <file>rts430.lib</file>
         <name>copy_decompress_rle.obj</name>
      </input_file>
      <input_file id="fl-21">
         <path>C:\ti\ccsv5\tools\compiler\msp430_4.2.1\lib\</path>
         <kind>archive</kind>
         <file>rts430.lib</file>
         <name>copy_zero_init.obj</name>
      </input_file>
      <input_file id="fl-22">
         <path>C:\ti\ccsv5\tools\compiler\msp430_4.2.1\lib\</path>
         <kind>archive</kind>
         <file>rts430.lib</file>
         <name>div32u.obj</name>
      </input_file>
      <input_file id="fl-23">
         <path>C:\ti\ccsv5\tools\compiler\msp430_4.2.1\lib\</path>
         <kind>archive</kind>
         <file>rts430.lib</file>
         <name>epilog.obj</name>
      </input_file>
      <input_file id="fl-24">
         <path>C:\ti\ccsv5\tools\compiler\msp430_4.2.1\lib\</path>
         <kind>archive</kind>
         <file>rts430.lib</file>
         <name>exit.obj</name>
      </input_file>
      <input_file id="fl-25">
         <path>C:\ti\ccsv5\tools\compiler\msp430_4.2.1\lib\</path>
         <kind>archive</kind>
         <file>rts430.lib</file>
         <name>fs_add.obj</name>
      </input_file>
      <input_file id="fl-26">
         <path>C:\ti\ccsv5\tools\compiler\msp430_4.2.1\lib\</path>
         <kind>archive</kind>
         <file>rts430.lib</file>
         <name>fs_cmp.obj</name>
      </input_file>
      <input_file id="fl-27">
         <path>C:\ti\ccsv5\tools\compiler\msp430_4.2.1\lib\</path>
         <kind>archive</kind>
         <file>rts430.lib</file>
         <name>fs_ltof.obj</name>
      </input_file>
      <input_file id="fl-28">
         <path>C:\ti\ccsv5\tools\compiler\msp430_4.2.1\lib\</path>
         <kind>archive</kind>
         <file>rts430.lib</file>
         <name>fs_mpy.obj</name>
      </input_file>
      <input_file id="fl-29">
         <path>C:\ti\ccsv5\tools\compiler\msp430_4.2.1\lib\</path>
         <kind>archive</kind>
         <file>rts430.lib</file>
         <name>int02.obj</name>
      </input_file>
      <input_file id="fl-2a">
         <path>C:\ti\ccsv5\tools\compiler\msp430_4.2.1\lib\</path>
         <kind>archive</kind>
         <file>rts430.lib</file>
         <name>int03.obj</name>
      </input_file>
      <input_file id="fl-2b">
         <path>C:\ti\ccsv5\tools\compiler\msp430_4.2.1\lib\</path>
         <kind>archive</kind>
         <file>rts430.lib</file>
         <name>int06.obj</name>
      </input_file>
      <input_file id="fl-2c">
         <path>C:\ti\ccsv5\tools\compiler\msp430_4.2.1\lib\</path>
         <kind>archive</kind>
         <file>rts430.lib</file>
         <name>int07.obj</name>
      </input_file>
      <input_file id="fl-2d">
         <path>C:\ti\ccsv5\tools\compiler\msp430_4.2.1\lib\</path>
         <kind>archive</kind>
         <file>rts430.lib</file>
         <name>int08.obj</name>
      </input_file>
      <input_file id="fl-2e">
         <path>C:\ti\ccsv5\tools\compiler\msp430_4.2.1\lib\</path>
         <kind>archive</kind>
         <file>rts430.lib</file>
         <name>int09.obj</name>
      </input_file>
      <input_file id="fl-2f">
         <path>C:\ti\ccsv5\tools\compiler\msp430_4.2.1\lib\</path>
         <kind>archive</kind>
         <file>rts430.lib</file>
         <name>int11.obj</name>
      </input_file>
      <input_file id="fl-30">
         <path>C:\ti\ccsv5\tools\compiler\msp430_4.2.1\lib\</path>
         <kind>archive</kind>
         <file>rts430.lib</file>
         <name>int12.obj</name>
      </input_file>
      <input_file id="fl-31">
         <path>C:\ti\ccsv5\tools\compiler\msp430_4.2.1\lib\</path>
         <kind>archive</kind>
         <file>rts430.lib</file>
         <name>int13.obj</name>
      </input_file>
      <input_file id="fl-32">
         <path>C:\ti\ccsv5\tools\compiler\msp430_4.2.1\lib\</path>
         <kind>archive</kind>
         <file>rts430.lib</file>
         <name>int14.obj</name>
      </input_file>
      <input_file id="fl-33">
         <path>C:\ti\ccsv5\tools\compiler\msp430_4.2.1\lib\</path>
         <kind>archive</kind>
         <file>rts430.lib</file>
         <name>isr_trap.obj</name>
      </input_file>
      <input_file id="fl-34">
         <path>C:\ti\ccsv5\tools\compiler\msp430_4.2.1\lib\</path>
         <kind>archive</kind>
         <file>rts430.lib</file>
         <name>lsl16.obj</name>
      </input_file>
      <input_file id="fl-35">
         <path>C:\ti\ccsv5\tools\compiler\msp430_4.2.1\lib\</path>
         <kind>archive</kind>
         <file>rts430.lib</file>
         <name>lsr32.obj</name>
      </input_file>
      <input_file id="fl-36">
         <path>C:\ti\ccsv5\tools\compiler\msp430_4.2.1\lib\</path>
         <kind>archive</kind>
         <file>rts430.lib</file>
         <name>memcpy.obj</name>
      </input_file>
      <input_file id="fl-37">
         <path>C:\ti\ccsv5\tools\compiler\msp430_4.2.1\lib\</path>
         <kind>archive</kind>
         <file>rts430.lib</file>
         <name>pre_init.obj</name>
      </input_file>
      <input_file id="fl-38">
         <path>C:\ti\ccsv5\tools\compiler\msp430_4.2.1\lib\</path>
         <kind>archive</kind>
         <file>rts430.lib</file>
         <name>sprintf.obj</name>
      </input_file>
      <input_file id="fl-39">
         <path>C:\ti\ccsv5\tools\compiler\msp430_4.2.1\lib\</path>
         <kind>archive</kind>
         <file>rts430.lib</file>
         <name>_lock.obj</name>
      </input_file>
      <input_file id="fl-3a">
         <path>C:\ti\ccsv5\tools\compiler\msp430_4.2.1\lib\</path>
         <kind>archive</kind>
         <file>rts430.lib</file>
         <name>_printfi.obj</name>
      </input_file>
      <input_file id="fl-3b">
         <path>C:\ti\ccsv5\tools\compiler\msp430_4.2.1\lib\</path>
         <kind>archive</kind>
         <file>rts430.lib</file>
         <name>args_main.obj</name>
      </input_file>
      <input_file id="fl-3c">
         <path>C:\ti\ccsv5\tools\compiler\msp430_4.2.1\lib\</path>
         <kind>archive</kind>
         <file>rts430.lib</file>
         <name>atoi.obj</name>
      </input_file>
      <input_file id="fl-3d">
         <path>C:\ti\ccsv5\tools\compiler\msp430_4.2.1\lib\</path>
         <kind>archive</kind>
         <file>rts430.lib</file>
         <name>autoinit.obj</name>
      </input_file>
      <input_file id="fl-3e">
         <path>C:\ti\ccsv5\tools\compiler\msp430_4.2.1\lib\</path>
         <kind>archive</kind>
         <file>rts430.lib</file>
         <name>ctype.obj</name>
      </input_file>
      <input_file id="fl-3f">
         <path>C:\ti\ccsv5\tools\compiler\msp430_4.2.1\lib\</path>
         <kind>archive</kind>
         <file>rts430.lib</file>
         <name>div16u.obj</name>
      </input_file>
      <input_file id="fl-40">
         <path>C:\ti\ccsv5\tools\compiler\msp430_4.2.1\lib\</path>
         <kind>archive</kind>
         <file>rts430.lib</file>
         <name>fs_div.obj</name>
      </input_file>
      <input_file id="fl-41">
         <path>C:\ti\ccsv5\tools\compiler\msp430_4.2.1\lib\</path>
         <kind>archive</kind>
         <file>rts430.lib</file>
         <name>fs_neg.obj</name>
      </input_file>
      <input_file id="fl-42">
         <path>C:\ti\ccsv5\tools\compiler\msp430_4.2.1\lib\</path>
         <kind>archive</kind>
         <file>rts430.lib</file>
         <name>fs_tol.obj</name>
      </input_file>
      <input_file id="fl-43">
         <path>C:\ti\ccsv5\tools\compiler\msp430_4.2.1\lib\</path>
         <kind>archive</kind>
         <file>rts430.lib</file>
         <name>fs_tou.obj</name>
      </input_file>
      <input_file id="fl-44">
         <path>C:\ti\ccsv5\tools\compiler\msp430_4.2.1\lib\</path>
         <kind>archive</kind>
         <file>rts430.lib</file>
         <name>llmath.obj</name>
      </input_file>
      <input_file id="fl-45">
         <path>C:\ti\ccsv5\tools\compiler\msp430_4.2.1\lib\</path>
         <kind>archive</kind>
         <file>rts430.lib</file>
         <name>ltoa.obj</name>
      </input_file>
      <input_file id="fl-46">
         <path>C:\ti\ccsv5\tools\compiler\msp430_4.2.1\lib\</path>
         <kind>archive</kind>
         <file>rts430.lib</file>
         <name>memccpy.obj</name>
      </input_file>
      <input_file id="fl-47">
         <path>C:\ti\ccsv5\tools\compiler\msp430_4.2.1\lib\</path>
         <kind>archive</kind>
         <file>rts430.lib</file>
         <name>memset.obj</name>
      </input_file>
      <input_file id="fl-48">
         <path>C:\ti\ccsv5\tools\compiler\msp430_4.2.1\lib\</path>
         <kind>archive</kind>
         <file>rts430.lib</file>
         <name>mult16.obj</name>
      </input_file>
      <input_file id="fl-49">
         <path>C:\ti\ccsv5\tools\compiler\msp430_4.2.1\lib\</path>
         <kind>archive</kind>
         <file>rts430.lib</file>
         <name>mult64.obj</name>
      </input_file>
      <input_file id="fl-4a">
         <path>C:\ti\ccsv5\tools\compiler\msp430_4.2.1\lib\</path>
         <kind>archive</kind>
         <file>rts430.lib</file>
         <name>strlen.obj</name>
      </input_file>
      <input_file id="fl-4b">
         <path>C:\ti\ccsv5\tools\compiler\msp430_4.2.1\lib\</path>
         <kind>archive</kind>
         <file>rts430.lib</file>
         <name>toupper.obj</name>
      </input_file>
      <input_file id="fl-4c">
         <path>C:\ti\ccsv5\tools\compiler\msp430_4.2.1\lib\</path>
         <kind>archive</kind>
         <file>rts430.lib</file>
         <name>xfdclass.obj</name>
      </input_file>
      <input_file id="fl-4d">
         <path>C:\ti\ccsv5\tools\compiler\msp430_4.2.1\lib\</path>
         <kind>archive</kind>
         <file>rts430.lib</file>
         <name>xfdtest.obj</name>
      </input_file>
      <input_file id="fl-4e">
         <path>C:\ti\ccsv5\tools\compiler\msp430_4.2.1\lib\</path>
         <kind>archive</kind>
         <file>rts430.lib</file>
         <name>abs.obj</name>
      </input_file>
      <input_file id="fl-4f">
         <path>C:\ti\ccsv5\tools\compiler\msp430_4.2.1\lib\</path>
         <kind>archive</kind>
         <file>rts430.lib</file>
         <name>div32s.obj</name>
      </input_file>
      <input_file id="fl-50">
         <path>C:\ti\ccsv5\tools\compiler\msp430_4.2.1\lib\</path>
         <kind>archive</kind>
         <file>rts430.lib</file>
         <name>mult1632.obj</name>
      </input_file>
      <input_file id="fl-51">
         <path>C:\ti\ccsv5\tools\compiler\msp430_4.2.1\lib\</path>
         <kind>archive</kind>
         <file>rts430.lib</file>
         <name>mult32.obj</name>
      </input_file>
   </input_file_list>
   <object_component_list>
      <object_component id="oc-3b">
         <name>.bss</name>
         <uninitialized>true</uninitialized>
         <run_address>0x200</run_address>
         <size>0x5c</size>
         <input_file_ref idref="fl-2"/>
      </object_component>
      <object_component id="oc-42">
         <name>.bss</name>
         <uninitialized>true</uninitialized>
         <run_address>0x25c</run_address>
         <size>0x8</size>
         <input_file_ref idref="fl-3"/>
      </object_component>
      <object_component id="oc-4d">
         <name>.bss</name>
         <uninitialized>true</uninitialized>
         <run_address>0x268</run_address>
         <size>0x4</size>
         <input_file_ref idref="fl-1e"/>
      </object_component>
      <object_component id="oc-92">
         <name>.bss</name>
         <uninitialized>true</uninitialized>
         <run_address>0x264</run_address>
         <size>0x4</size>
         <input_file_ref idref="fl-39"/>
      </object_component>
      <object_component id="oc-4f">
         <name>.stack</name>
         <uninitialized>true</uninitialized>
         <run_address>0x3b0</run_address>
         <size>0x2</size>
         <input_file_ref idref="fl-1e"/>
      </object_component>
      <object_component id="oc-14f">
         <name>.stack</name>
         <uninitialized>true</uninitialized>
         <run_address>0x3b0</run_address>
         <size>0x0</size>
      </object_component>
      <object_component id="oc-f9">
         <name>.text:main</name>
         <load_address>0xc000</load_address>
         <run_address>0xc000</run_address>
         <size>0x6c2</size>
         <input_file_ref idref="fl-3"/>
      </object_component>
      <object_component id="oc-120">
         <name>.text:__divull</name>
         <load_address>0xc6c2</load_address>
         <run_address>0xc6c2</run_address>
         <size>0x3b2</size>
         <input_file_ref idref="fl-44"/>
      </object_component>
      <object_component id="oc-108">
         <name>.text:_setfield</name>
         <load_address>0xca74</load_address>
         <run_address>0xca74</run_address>
         <size>0x212</size>
         <input_file_ref idref="fl-3a"/>
      </object_component>
      <object_component id="oc-104">
         <name>.text:__TI_printfi</name>
         <load_address>0xcc86</load_address>
         <run_address>0xcc86</run_address>
         <size>0x1de</size>
         <input_file_ref idref="fl-3a"/>
      </object_component>
      <object_component id="oc-10d">
         <name>.text:_pproc_fge</name>
         <load_address>0xce64</load_address>
         <run_address>0xce64</run_address>
         <size>0x1a6</size>
         <input_file_ref idref="fl-3a"/>
      </object_component>
      <object_component id="oc-11a">
         <name>.text:ecvt</name>
         <load_address>0xd00a</load_address>
         <run_address>0xd00a</run_address>
         <size>0x172</size>
         <input_file_ref idref="fl-3a"/>
      </object_component>
      <object_component id="oc-11d">
         <name>.text:fcvt</name>
         <load_address>0xd17c</load_address>
         <run_address>0xd17c</run_address>
         <size>0x16a</size>
         <input_file_ref idref="fl-3a"/>
      </object_component>
      <object_component id="oc-110">
         <name>.text:_getarg_diouxp</name>
         <load_address>0xd2e6</load_address>
         <run_address>0xd2e6</run_address>
         <size>0x168</size>
         <input_file_ref idref="fl-3a"/>
      </object_component>
      <object_component id="oc-116">
         <name>.text:_pconv_e</name>
         <load_address>0xd44e</load_address>
         <run_address>0xd44e</run_address>
         <size>0x154</size>
         <input_file_ref idref="fl-3a"/>
      </object_component>
      <object_component id="oc-10c">
         <name>.text:_pproc_diouxp</name>
         <load_address>0xd5a2</load_address>
         <run_address>0xd5a2</run_address>
         <size>0x13e</size>
         <input_file_ref idref="fl-3a"/>
      </object_component>
      <object_component id="oc-6b">
         <name>.text</name>
         <load_address>0xd6e0</load_address>
         <run_address>0xd6e0</run_address>
         <size>0x130</size>
         <input_file_ref idref="fl-25"/>
      </object_component>
      <object_component id="oc-118">
         <name>.text:__mpyll</name>
         <load_address>0xd810</load_address>
         <run_address>0xd810</run_address>
         <size>0x114</size>
         <input_file_ref idref="fl-49"/>
      </object_component>
      <object_component id="oc-111">
         <name>.text:_ltostr</name>
         <load_address>0xd924</load_address>
         <run_address>0xd924</run_address>
         <size>0x106</size>
         <input_file_ref idref="fl-3a"/>
      </object_component>
      <object_component id="oc-107">
         <name>.text:_pproc_fwp</name>
         <load_address>0xda2a</load_address>
         <run_address>0xda2a</run_address>
         <size>0xfe</size>
         <input_file_ref idref="fl-3a"/>
      </object_component>
      <object_component id="oc-114">
         <name>.text:_pconv_g</name>
         <load_address>0xdb28</load_address>
         <run_address>0xdb28</run_address>
         <size>0xfc</size>
         <input_file_ref idref="fl-3a"/>
      </object_component>
      <object_component id="oc-77">
         <name>.text</name>
         <load_address>0xdc24</load_address>
         <run_address>0xdc24</run_address>
         <size>0xc2</size>
         <input_file_ref idref="fl-28"/>
      </object_component>
      <object_component id="oc-109">
         <name>.text:_pproc_str</name>
         <load_address>0xdce6</load_address>
         <run_address>0xdce6</run_address>
         <size>0xac</size>
         <input_file_ref idref="fl-3a"/>
      </object_component>
      <object_component id="oc-fd">
         <name>.text:lab01_init</name>
         <load_address>0xdd92</load_address>
         <run_address>0xdd92</run_address>
         <size>0xa4</size>
         <input_file_ref idref="fl-2"/>
      </object_component>
      <object_component id="oc-ae">
         <name>.text</name>
         <load_address>0xde36</load_address>
         <run_address>0xde36</run_address>
         <size>0x9a</size>
         <input_file_ref idref="fl-40"/>
      </object_component>
      <object_component id="oc-11c">
         <name>.text:_mcpy</name>
         <load_address>0xded0</load_address>
         <run_address>0xded0</run_address>
         <size>0x90</size>
         <input_file_ref idref="fl-3a"/>
      </object_component>
      <object_component id="oc-117">
         <name>.text:_div</name>
         <load_address>0xdf60</load_address>
         <run_address>0xdf60</run_address>
         <size>0x8a</size>
         <input_file_ref idref="fl-3a"/>
      </object_component>
      <object_component id="oc-11b">
         <name>.text:_ecpy</name>
         <load_address>0xdfea</load_address>
         <run_address>0xdfea</run_address>
         <size>0x86</size>
         <input_file_ref idref="fl-3a"/>
      </object_component>
      <object_component id="oc-122">
         <name>.text:ltoa</name>
         <load_address>0xe070</load_address>
         <run_address>0xe070</run_address>
         <size>0x84</size>
         <input_file_ref idref="fl-45"/>
      </object_component>
      <object_component id="oc-b6">
         <name>.text</name>
         <load_address>0xe0f4</load_address>
         <run_address>0xe0f4</run_address>
         <size>0x7e</size>
         <input_file_ref idref="fl-42"/>
      </object_component>
      <object_component id="oc-115">
         <name>.text:_pconv_f</name>
         <load_address>0xe172</load_address>
         <run_address>0xe172</run_address>
         <size>0x74</size>
         <input_file_ref idref="fl-3a"/>
      </object_component>
      <object_component id="oc-100">
         <name>.text:l_lsr_const</name>
         <load_address>0xe1e6</load_address>
         <run_address>0xe1e6</run_address>
         <size>0x5c</size>
         <input_file_ref idref="fl-35"/>
      </object_component>
      <object_component id="oc-60">
         <name>.text</name>
         <load_address>0xe242</load_address>
         <run_address>0xe242</run_address>
         <size>0x58</size>
         <input_file_ref idref="fl-22"/>
      </object_component>
      <object_component id="oc-10b">
         <name>.text:atoi</name>
         <load_address>0xe29a</load_address>
         <run_address>0xe29a</run_address>
         <size>0x54</size>
         <input_file_ref idref="fl-3c"/>
      </object_component>
      <object_component id="oc-11e">
         <name>.text:_fcpy</name>
         <load_address>0xe2ee</load_address>
         <run_address>0xe2ee</run_address>
         <size>0x4e</size>
         <input_file_ref idref="fl-3a"/>
      </object_component>
      <object_component id="oc-11f">
         <name>.text:__lsrll</name>
         <load_address>0xe33c</load_address>
         <run_address>0xe33c</run_address>
         <size>0x4a</size>
         <input_file_ref idref="fl-44"/>
      </object_component>
      <object_component id="oc-6f">
         <name>.text</name>
         <load_address>0xe386</load_address>
         <run_address>0xe386</run_address>
         <size>0x4a</size>
         <input_file_ref idref="fl-26"/>
      </object_component>
      <object_component id="oc-73">
         <name>.text</name>
         <load_address>0xe3d0</load_address>
         <run_address>0xe3d0</run_address>
         <size>0x4a</size>
         <input_file_ref idref="fl-27"/>
      </object_component>
      <object_component id="oc-123">
         <name>.text:__lslll</name>
         <load_address>0xe41a</load_address>
         <run_address>0xe41a</run_address>
         <size>0x48</size>
         <input_file_ref idref="fl-44"/>
      </object_component>
      <object_component id="oc-f8">
         <name>.text:_auto_init</name>
         <load_address>0xe462</load_address>
         <run_address>0xe462</run_address>
         <size>0x48</size>
         <input_file_ref idref="fl-3d"/>
      </object_component>
      <object_component id="oc-ba">
         <name>.text</name>
         <load_address>0xe4aa</load_address>
         <run_address>0xe4aa</run_address>
         <size>0x46</size>
         <input_file_ref idref="fl-43"/>
      </object_component>
      <object_component id="oc-106">
         <name>.text:_pproc_fflags</name>
         <load_address>0xe4f0</load_address>
         <run_address>0xe4f0</run_address>
         <size>0x44</size>
         <input_file_ref idref="fl-3a"/>
      </object_component>
      <object_component id="oc-e9">
         <name>.text</name>
         <load_address>0xe534</load_address>
         <run_address>0xe534</run_address>
         <size>0x40</size>
         <input_file_ref idref="fl-4f"/>
      </object_component>
      <object_component id="oc-119">
         <name>.text:_FDtest</name>
         <load_address>0xe574</load_address>
         <run_address>0xe574</run_address>
         <size>0x3c</size>
         <input_file_ref idref="fl-4d"/>
      </object_component>
      <object_component id="oc-ff">
         <name>.text:sprintf</name>
         <load_address>0xe5b0</load_address>
         <run_address>0xe5b0</run_address>
         <size>0x38</size>
         <input_file_ref idref="fl-38"/>
      </object_component>
      <object_component id="oc-49">
         <name>.text</name>
         <load_address>0xe5e8</load_address>
         <run_address>0xe5e8</run_address>
         <size>0x2c</size>
         <input_file_ref idref="fl-1d"/>
      </object_component>
      <object_component id="oc-7f">
         <name>.text</name>
         <load_address>0xe614</load_address>
         <run_address>0xe614</run_address>
         <size>0x2c</size>
         <input_file_ref idref="fl-34"/>
      </object_component>
      <object_component id="oc-3a">
         <name>.text:_c_int00_noexit</name>
         <load_address>0xe640</load_address>
         <run_address>0xe640</run_address>
         <size>0x26</size>
         <input_file_ref idref="fl-1e"/>
      </object_component>
      <object_component id="oc-f0">
         <name>.text</name>
         <load_address>0xe666</load_address>
         <run_address>0xe666</run_address>
         <size>0x26</size>
         <input_file_ref idref="fl-51"/>
      </object_component>
      <object_component id="oc-121">
         <name>.text:__mpyul</name>
         <load_address>0xe68c</load_address>
         <run_address>0xe68c</run_address>
         <size>0x22</size>
         <input_file_ref idref="fl-50"/>
      </object_component>
      <object_component id="oc-10e">
         <name>.text:memccpy</name>
         <load_address>0xe6ae</load_address>
         <run_address>0xe6ae</run_address>
         <size>0x1c</size>
         <input_file_ref idref="fl-46"/>
      </object_component>
      <object_component id="oc-f5">
         <name>.text:WDT_ISR</name>
         <load_address>0xe6ca</load_address>
         <run_address>0xe6ca</run_address>
         <size>0x1a</size>
         <input_file_ref idref="fl-2"/>
      </object_component>
      <object_component id="oc-102">
         <name>.text:_outs</name>
         <load_address>0xe6e4</load_address>
         <run_address>0xe6e4</run_address>
         <size>0x1a</size>
         <input_file_ref idref="fl-38"/>
      </object_component>
      <object_component id="oc-aa">
         <name>.text</name>
         <load_address>0xe6fe</load_address>
         <run_address>0xe6fe</run_address>
         <size>0x16</size>
         <input_file_ref idref="fl-3f"/>
      </object_component>
      <object_component id="oc-113">
         <name>.text:_FDclass</name>
         <load_address>0xe714</load_address>
         <run_address>0xe714</run_address>
         <size>0x14</size>
         <input_file_ref idref="fl-4c"/>
      </object_component>
      <object_component id="oc-10a">
         <name>.text:memset</name>
         <load_address>0xe728</load_address>
         <run_address>0xe728</run_address>
         <size>0x14</size>
         <input_file_ref idref="fl-47"/>
      </object_component>
      <object_component id="oc-ce">
         <name>.text</name>
         <load_address>0xe73c</load_address>
         <run_address>0xe73c</run_address>
         <size>0x14</size>
         <input_file_ref idref="fl-48"/>
      </object_component>
      <object_component id="oc-103">
         <name>.text:_outc</name>
         <load_address>0xe750</load_address>
         <run_address>0xe750</run_address>
         <size>0x12</size>
         <input_file_ref idref="fl-38"/>
      </object_component>
      <object_component id="oc-124">
         <name>.text:l_lsr</name>
         <load_address>0xe762</load_address>
         <run_address>0xe762</run_address>
         <size>0x12</size>
         <input_file_ref idref="fl-35"/>
      </object_component>
      <object_component id="oc-fb">
         <name>.text:memcpy</name>
         <load_address>0xe774</load_address>
         <run_address>0xe774</run_address>
         <size>0x12</size>
         <input_file_ref idref="fl-36"/>
      </object_component>
      <object_component id="oc-fe">
         <name>.text:print</name>
         <load_address>0xe786</load_address>
         <run_address>0xe786</run_address>
         <size>0x12</size>
         <input_file_ref idref="fl-2"/>
      </object_component>
      <object_component id="oc-fc">
         <name>.text</name>
         <load_address>0xe798</load_address>
         <run_address>0xe798</run_address>
         <size>0x10</size>
         <input_file_ref idref="fl-23"/>
      </object_component>
      <object_component id="oc-105">
         <name>.text:strlen</name>
         <load_address>0xe7a8</load_address>
         <run_address>0xe7a8</run_address>
         <size>0xe</size>
         <input_file_ref idref="fl-4a"/>
      </object_component>
      <object_component id="oc-101">
         <name>.text:putchar</name>
         <load_address>0xe7b6</load_address>
         <run_address>0xe7b6</run_address>
         <size>0xc</size>
         <input_file_ref idref="fl-2"/>
      </object_component>
      <object_component id="oc-112">
         <name>.text:toupper</name>
         <load_address>0xe7c2</load_address>
         <run_address>0xe7c2</run_address>
         <size>0xc</size>
         <input_file_ref idref="fl-4b"/>
      </object_component>
      <object_component id="oc-125">
         <name>.text:abs</name>
         <load_address>0xe7ce</load_address>
         <run_address>0xe7ce</run_address>
         <size>0xa</size>
         <input_file_ref idref="fl-4e"/>
      </object_component>
      <object_component id="oc-b2">
         <name>.text</name>
         <load_address>0xe7d8</load_address>
         <run_address>0xe7d8</run_address>
         <size>0xa</size>
         <input_file_ref idref="fl-41"/>
      </object_component>
      <object_component id="oc-f4">
         <name>.text:ADC10_ISR</name>
         <load_address>0xe7e2</load_address>
         <run_address>0xe7e2</run_address>
         <size>0x8</size>
         <input_file_ref idref="fl-2"/>
      </object_component>
      <object_component id="oc-7b">
         <name>.text:__TI_ISR_TRAP</name>
         <load_address>0xe7ea</load_address>
         <run_address>0xe7ea</run_address>
         <size>0x6</size>
         <input_file_ref idref="fl-33"/>
      </object_component>
      <object_component id="oc-f7">
         <name>.text:_system_pre_init</name>
         <load_address>0xe7f0</load_address>
         <run_address>0xe7f0</run_address>
         <size>0x4</size>
         <input_file_ref idref="fl-37"/>
      </object_component>
      <object_component id="oc-fa">
         <name>.text:abort</name>
         <load_address>0xe7f4</load_address>
         <run_address>0xe7f4</run_address>
         <size>0x4</size>
         <input_file_ref idref="fl-24"/>
      </object_component>
      <object_component id="oc-f6">
         <name>.text:_nop</name>
         <load_address>0xe7f8</load_address>
         <run_address>0xe7f8</run_address>
         <size>0x2</size>
         <input_file_ref idref="fl-39"/>
      </object_component>
      <object_component id="oc-3d">
         <name>.cinit</name>
         <load_address>0xebf4</load_address>
         <run_address>0xebf4</run_address>
         <size>0x15</size>
         <input_file_ref idref="fl-2"/>
      </object_component>
      <object_component id="oc-44">
         <name>.cinit</name>
         <load_address>0xec0a</load_address>
         <run_address>0xec0a</run_address>
         <size>0x10</size>
         <input_file_ref idref="fl-3"/>
      </object_component>
      <object_component id="oc-45">
         <name>.const:.string</name>
         <load_address>0xe7fa</load_address>
         <run_address>0xe7fa</run_address>
         <size>0x2be</size>
         <input_file_ref idref="fl-3"/>
      </object_component>
      <object_component id="oc-10f">
         <name>.const:.string:_ctypes_</name>
         <load_address>0xeab8</load_address>
         <run_address>0xeab8</run_address>
         <size>0x102</size>
         <input_file_ref idref="fl-3e"/>
      </object_component>
      <object_component id="oc-98">
         <name>.const:.string</name>
         <load_address>0xebba</load_address>
         <run_address>0xebba</run_address>
         <size>0x24</size>
         <input_file_ref idref="fl-3a"/>
      </object_component>
      <object_component id="oc-3e">
         <name>.const:.string</name>
         <load_address>0xebde</load_address>
         <run_address>0xebde</run_address>
         <size>0x16</size>
         <input_file_ref idref="fl-2"/>
      </object_component>
      <object_component id="oc-2e">
         <name>.int02</name>
         <load_address>0xffe4</load_address>
         <run_address>0xffe4</run_address>
         <size>0x2</size>
         <input_file_ref idref="fl-29"/>
      </object_component>
      <object_component id="oc-2f">
         <name>.int03</name>
         <load_address>0xffe6</load_address>
         <run_address>0xffe6</run_address>
         <size>0x2</size>
         <input_file_ref idref="fl-2a"/>
      </object_component>
      <object_component id="oc-30">
         <name>.int05</name>
         <load_address>0xffea</load_address>
         <run_address>0xffea</run_address>
         <size>0x2</size>
         <input_file_ref idref="fl-2"/>
      </object_component>
      <object_component id="oc-31">
         <name>.int06</name>
         <load_address>0xffec</load_address>
         <run_address>0xffec</run_address>
         <size>0x2</size>
         <input_file_ref idref="fl-2b"/>
      </object_component>
      <object_component id="oc-32">
         <name>.int07</name>
         <load_address>0xffee</load_address>
         <run_address>0xffee</run_address>
         <size>0x2</size>
         <input_file_ref idref="fl-2c"/>
      </object_component>
      <object_component id="oc-33">
         <name>.int08</name>
         <load_address>0xfff0</load_address>
         <run_address>0xfff0</run_address>
         <size>0x2</size>
         <input_file_ref idref="fl-2d"/>
      </object_component>
      <object_component id="oc-34">
         <name>.int09</name>
         <load_address>0xfff2</load_address>
         <run_address>0xfff2</run_address>
         <size>0x2</size>
         <input_file_ref idref="fl-2e"/>
      </object_component>
      <object_component id="oc-35">
         <name>.int10</name>
         <load_address>0xfff4</load_address>
         <run_address>0xfff4</run_address>
         <size>0x2</size>
         <input_file_ref idref="fl-2"/>
      </object_component>
      <object_component id="oc-36">
         <name>.int11</name>
         <load_address>0xfff6</load_address>
         <run_address>0xfff6</run_address>
         <size>0x2</size>
         <input_file_ref idref="fl-2f"/>
      </object_component>
      <object_component id="oc-37">
         <name>.int12</name>
         <load_address>0xfff8</load_address>
         <run_address>0xfff8</run_address>
         <size>0x2</size>
         <input_file_ref idref="fl-30"/>
      </object_component>
      <object_component id="oc-38">
         <name>.int13</name>
         <load_address>0xfffa</load_address>
         <run_address>0xfffa</run_address>
         <size>0x2</size>
         <input_file_ref idref="fl-31"/>
      </object_component>
      <object_component id="oc-39">
         <name>.int14</name>
         <load_address>0xfffc</load_address>
         <run_address>0xfffc</run_address>
         <size>0x2</size>
         <input_file_ref idref="fl-32"/>
      </object_component>
      <object_component id="oc-50">
         <name>.reset</name>
         <load_address>0xfffe</load_address>
         <run_address>0xfffe</run_address>
         <size>0x2</size>
         <input_file_ref idref="fl-1e"/>
      </object_component>
      <object_component id="oc-3c">
         <name>.debug_info</name>
         <load_address>0x0</load_address>
         <run_address>0x0</run_address>
         <size>0x670</size>
         <input_file_ref idref="fl-2"/>
      </object_component>
      <object_component id="oc-43">
         <name>.debug_info</name>
         <load_address>0x670</load_address>
         <run_address>0x670</run_address>
         <size>0x8a4</size>
         <input_file_ref idref="fl-3"/>
      </object_component>
      <object_component id="oc-4a">
         <name>.debug_info</name>
         <load_address>0xf14</load_address>
         <run_address>0xf14</run_address>
         <size>0xb4</size>
         <input_file_ref idref="fl-1d"/>
      </object_component>
      <object_component id="oc-4e">
         <name>.debug_info</name>
         <load_address>0xfc8</load_address>
         <run_address>0xfc8</run_address>
         <size>0x443</size>
         <input_file_ref idref="fl-1e"/>
      </object_component>
      <object_component id="oc-54">
         <name>.debug_info</name>
         <load_address>0x140b</load_address>
         <run_address>0x140b</run_address>
         <size>0x261</size>
         <input_file_ref idref="fl-1f"/>
      </object_component>
      <object_component id="oc-58">
         <name>.debug_info</name>
         <load_address>0x166c</load_address>
         <run_address>0x166c</run_address>
         <size>0x212</size>
         <input_file_ref idref="fl-20"/>
      </object_component>
      <object_component id="oc-5c">
         <name>.debug_info</name>
         <load_address>0x187e</load_address>
         <run_address>0x187e</run_address>
         <size>0x228</size>
         <input_file_ref idref="fl-21"/>
      </object_component>
      <object_component id="oc-61">
         <name>.debug_info</name>
         <load_address>0x1aa6</load_address>
         <run_address>0x1aa6</run_address>
         <size>0xb9</size>
         <input_file_ref idref="fl-22"/>
      </object_component>
      <object_component id="oc-64">
         <name>.debug_info</name>
         <load_address>0x1b5f</load_address>
         <run_address>0x1b5f</run_address>
         <size>0xc0</size>
         <input_file_ref idref="fl-23"/>
      </object_component>
      <object_component id="oc-67">
         <name>.debug_info</name>
         <load_address>0x1c1f</load_address>
         <run_address>0x1c1f</run_address>
         <size>0x28e</size>
         <input_file_ref idref="fl-24"/>
      </object_component>
      <object_component id="oc-6c">
         <name>.debug_info</name>
         <load_address>0x1ead</load_address>
         <run_address>0x1ead</run_address>
         <size>0xbb</size>
         <input_file_ref idref="fl-25"/>
      </object_component>
      <object_component id="oc-70">
         <name>.debug_info</name>
         <load_address>0x1f68</load_address>
         <run_address>0x1f68</run_address>
         <size>0xc7</size>
         <input_file_ref idref="fl-26"/>
      </object_component>
      <object_component id="oc-74">
         <name>.debug_info</name>
         <load_address>0x202f</load_address>
         <run_address>0x202f</run_address>
         <size>0xc4</size>
         <input_file_ref idref="fl-27"/>
      </object_component>
      <object_component id="oc-78">
         <name>.debug_info</name>
         <load_address>0x20f3</load_address>
         <run_address>0x20f3</run_address>
         <size>0xbb</size>
         <input_file_ref idref="fl-28"/>
      </object_component>
      <object_component id="oc-7c">
         <name>.debug_info</name>
         <load_address>0x21ae</load_address>
         <run_address>0x21ae</run_address>
         <size>0xb7</size>
         <input_file_ref idref="fl-33"/>
      </object_component>
      <object_component id="oc-80">
         <name>.debug_info</name>
         <load_address>0x2265</load_address>
         <run_address>0x2265</run_address>
         <size>0xb4</size>
         <input_file_ref idref="fl-34"/>
      </object_component>
      <object_component id="oc-83">
         <name>.debug_info</name>
         <load_address>0x2319</load_address>
         <run_address>0x2319</run_address>
         <size>0xe6</size>
         <input_file_ref idref="fl-35"/>
      </object_component>
      <object_component id="oc-86">
         <name>.debug_info</name>
         <load_address>0x23ff</load_address>
         <run_address>0x23ff</run_address>
         <size>0x2a5</size>
         <input_file_ref idref="fl-36"/>
      </object_component>
      <object_component id="oc-8a">
         <name>.debug_info</name>
         <load_address>0x26a4</load_address>
         <run_address>0x26a4</run_address>
         <size>0x220</size>
         <input_file_ref idref="fl-37"/>
      </object_component>
      <object_component id="oc-8e">
         <name>.debug_info</name>
         <load_address>0x28c4</load_address>
         <run_address>0x28c4</run_address>
         <size>0x492</size>
         <input_file_ref idref="fl-38"/>
      </object_component>
      <object_component id="oc-93">
         <name>.debug_info</name>
         <load_address>0x2d56</load_address>
         <run_address>0x2d56</run_address>
         <size>0x23c</size>
         <input_file_ref idref="fl-39"/>
      </object_component>
      <object_component id="oc-97">
         <name>.debug_info</name>
         <load_address>0x2f92</load_address>
         <run_address>0x2f92</run_address>
         <size>0x1de4</size>
         <input_file_ref idref="fl-3a"/>
      </object_component>
      <object_component id="oc-9c">
         <name>.debug_info</name>
         <load_address>0x4d76</load_address>
         <run_address>0x4d76</run_address>
         <size>0x26b</size>
         <input_file_ref idref="fl-3b"/>
      </object_component>
      <object_component id="oc-a0">
         <name>.debug_info</name>
         <load_address>0x4fe1</load_address>
         <run_address>0x4fe1</run_address>
         <size>0x287</size>
         <input_file_ref idref="fl-3c"/>
      </object_component>
      <object_component id="oc-a4">
         <name>.debug_info</name>
         <load_address>0x5268</load_address>
         <run_address>0x5268</run_address>
         <size>0x32c</size>
         <input_file_ref idref="fl-3d"/>
      </object_component>
      <object_component id="oc-a8">
         <name>.debug_info</name>
         <load_address>0x5594</load_address>
         <run_address>0x5594</run_address>
         <size>0x1eb</size>
         <input_file_ref idref="fl-3e"/>
      </object_component>
      <object_component id="oc-ab">
         <name>.debug_info</name>
         <load_address>0x577f</load_address>
         <run_address>0x577f</run_address>
         <size>0xb7</size>
         <input_file_ref idref="fl-3f"/>
      </object_component>
      <object_component id="oc-af">
         <name>.debug_info</name>
         <load_address>0x5836</load_address>
         <run_address>0x5836</run_address>
         <size>0xbb</size>
         <input_file_ref idref="fl-40"/>
      </object_component>
      <object_component id="oc-b3">
         <name>.debug_info</name>
         <load_address>0x58f1</load_address>
         <run_address>0x58f1</run_address>
         <size>0xbb</size>
         <input_file_ref idref="fl-41"/>
      </object_component>
      <object_component id="oc-b7">
         <name>.debug_info</name>
         <load_address>0x59ac</load_address>
         <run_address>0x59ac</run_address>
         <size>0xcd</size>
         <input_file_ref idref="fl-42"/>
      </object_component>
      <object_component id="oc-bb">
         <name>.debug_info</name>
         <load_address>0x5a79</load_address>
         <run_address>0x5a79</run_address>
         <size>0xc7</size>
         <input_file_ref idref="fl-43"/>
      </object_component>
      <object_component id="oc-be">
         <name>.debug_info</name>
         <load_address>0x5b40</load_address>
         <run_address>0x5b40</run_address>
         <size>0x56d</size>
         <input_file_ref idref="fl-44"/>
      </object_component>
      <object_component id="oc-c2">
         <name>.debug_info</name>
         <load_address>0x60ad</load_address>
         <run_address>0x60ad</run_address>
         <size>0x333</size>
         <input_file_ref idref="fl-45"/>
      </object_component>
      <object_component id="oc-c6">
         <name>.debug_info</name>
         <load_address>0x63e0</load_address>
         <run_address>0x63e0</run_address>
         <size>0x299</size>
         <input_file_ref idref="fl-46"/>
      </object_component>
      <object_component id="oc-ca">
         <name>.debug_info</name>
         <load_address>0x6679</load_address>
         <run_address>0x6679</run_address>
         <size>0x2c4</size>
         <input_file_ref idref="fl-47"/>
      </object_component>
      <object_component id="oc-cf">
         <name>.debug_info</name>
         <load_address>0x693d</load_address>
         <run_address>0x693d</run_address>
         <size>0xb7</size>
         <input_file_ref idref="fl-48"/>
      </object_component>
      <object_component id="oc-d2">
         <name>.debug_info</name>
         <load_address>0x69f4</load_address>
         <run_address>0x69f4</run_address>
         <size>0x13d</size>
         <input_file_ref idref="fl-49"/>
      </object_component>
      <object_component id="oc-d5">
         <name>.debug_info</name>
         <load_address>0x6b31</load_address>
         <run_address>0x6b31</run_address>
         <size>0x293</size>
         <input_file_ref idref="fl-4a"/>
      </object_component>
      <object_component id="oc-d9">
         <name>.debug_info</name>
         <load_address>0x6dc4</load_address>
         <run_address>0x6dc4</run_address>
         <size>0x24c</size>
         <input_file_ref idref="fl-4b"/>
      </object_component>
      <object_component id="oc-dd">
         <name>.debug_info</name>
         <load_address>0x7010</load_address>
         <run_address>0x7010</run_address>
         <size>0x25f</size>
         <input_file_ref idref="fl-4c"/>
      </object_component>
      <object_component id="oc-e1">
         <name>.debug_info</name>
         <load_address>0x726f</load_address>
         <run_address>0x726f</run_address>
         <size>0x242</size>
         <input_file_ref idref="fl-4d"/>
      </object_component>
      <object_component id="oc-e5">
         <name>.debug_info</name>
         <load_address>0x74b1</load_address>
         <run_address>0x74b1</run_address>
         <size>0x20d</size>
         <input_file_ref idref="fl-4e"/>
      </object_component>
      <object_component id="oc-ea">
         <name>.debug_info</name>
         <load_address>0x76be</load_address>
         <run_address>0x76be</run_address>
         <size>0xc7</size>
         <input_file_ref idref="fl-4f"/>
      </object_component>
      <object_component id="oc-ed">
         <name>.debug_info</name>
         <load_address>0x7785</load_address>
         <run_address>0x7785</run_address>
         <size>0xbb</size>
         <input_file_ref idref="fl-50"/>
      </object_component>
      <object_component id="oc-f1">
         <name>.debug_info</name>
         <load_address>0x7840</load_address>
         <run_address>0x7840</run_address>
         <size>0xb7</size>
         <input_file_ref idref="fl-51"/>
      </object_component>
      <object_component id="oc-150">
         <name>.debug_info</name>
         <load_address>0x78f7</load_address>
         <run_address>0x78f7</run_address>
         <size>0x6a</size>
      </object_component>
      <object_component id="oc-3f">
         <name>.debug_frame</name>
         <load_address>0x0</load_address>
         <run_address>0x0</run_address>
         <size>0xa5</size>
         <input_file_ref idref="fl-2"/>
      </object_component>
      <object_component id="oc-46">
         <name>.debug_frame</name>
         <load_address>0xa5</load_address>
         <run_address>0xa5</run_address>
         <size>0x68</size>
         <input_file_ref idref="fl-3"/>
      </object_component>
      <object_component id="oc-51">
         <name>.debug_frame</name>
         <load_address>0x10d</load_address>
         <run_address>0x10d</run_address>
         <size>0x42</size>
         <input_file_ref idref="fl-1e"/>
      </object_component>
      <object_component id="oc-55">
         <name>.debug_frame</name>
         <load_address>0x14f</load_address>
         <run_address>0x14f</run_address>
         <size>0x32</size>
         <input_file_ref idref="fl-1f"/>
      </object_component>
      <object_component id="oc-59">
         <name>.debug_frame</name>
         <load_address>0x181</load_address>
         <run_address>0x181</run_address>
         <size>0x32</size>
         <input_file_ref idref="fl-20"/>
      </object_component>
      <object_component id="oc-5d">
         <name>.debug_frame</name>
         <load_address>0x1b3</load_address>
         <run_address>0x1b3</run_address>
         <size>0x32</size>
         <input_file_ref idref="fl-21"/>
      </object_component>
      <object_component id="oc-68">
         <name>.debug_frame</name>
         <load_address>0x1e5</load_address>
         <run_address>0x1e5</run_address>
         <size>0x47</size>
         <input_file_ref idref="fl-24"/>
      </object_component>
      <object_component id="oc-87">
         <name>.debug_frame</name>
         <load_address>0x22c</load_address>
         <run_address>0x22c</run_address>
         <size>0x47</size>
         <input_file_ref idref="fl-36"/>
      </object_component>
      <object_component id="oc-8b">
         <name>.debug_frame</name>
         <load_address>0x273</load_address>
         <run_address>0x273</run_address>
         <size>0x47</size>
         <input_file_ref idref="fl-37"/>
      </object_component>
      <object_component id="oc-8f">
         <name>.debug_frame</name>
         <load_address>0x2ba</load_address>
         <run_address>0x2ba</run_address>
         <size>0x81</size>
         <input_file_ref idref="fl-38"/>
      </object_component>
      <object_component id="oc-94">
         <name>.debug_frame</name>
         <load_address>0x33b</load_address>
         <run_address>0x33b</run_address>
         <size>0x47</size>
         <input_file_ref idref="fl-39"/>
      </object_component>
      <object_component id="oc-99">
         <name>.debug_frame</name>
         <load_address>0x382</load_address>
         <run_address>0x382</run_address>
         <size>0x43a</size>
         <input_file_ref idref="fl-3a"/>
      </object_component>
      <object_component id="oc-9d">
         <name>.debug_frame</name>
         <load_address>0x7bc</load_address>
         <run_address>0x7bc</run_address>
         <size>0x32</size>
         <input_file_ref idref="fl-3b"/>
      </object_component>
      <object_component id="oc-a1">
         <name>.debug_frame</name>
         <load_address>0x7ee</load_address>
         <run_address>0x7ee</run_address>
         <size>0x50</size>
         <input_file_ref idref="fl-3c"/>
      </object_component>
      <object_component id="oc-a5">
         <name>.debug_frame</name>
         <load_address>0x83e</load_address>
         <run_address>0x83e</run_address>
         <size>0x51</size>
         <input_file_ref idref="fl-3d"/>
      </object_component>
      <object_component id="oc-bf">
         <name>.debug_frame</name>
         <load_address>0x88f</load_address>
         <run_address>0x88f</run_address>
         <size>0xfd</size>
         <input_file_ref idref="fl-44"/>
      </object_component>
      <object_component id="oc-c3">
         <name>.debug_frame</name>
         <load_address>0x98c</load_address>
         <run_address>0x98c</run_address>
         <size>0x66</size>
         <input_file_ref idref="fl-45"/>
      </object_component>
      <object_component id="oc-c7">
         <name>.debug_frame</name>
         <load_address>0x9f2</load_address>
         <run_address>0x9f2</run_address>
         <size>0x47</size>
         <input_file_ref idref="fl-46"/>
      </object_component>
      <object_component id="oc-cb">
         <name>.debug_frame</name>
         <load_address>0xa39</load_address>
         <run_address>0xa39</run_address>
         <size>0x47</size>
         <input_file_ref idref="fl-47"/>
      </object_component>
      <object_component id="oc-d6">
         <name>.debug_frame</name>
         <load_address>0xa80</load_address>
         <run_address>0xa80</run_address>
         <size>0x47</size>
         <input_file_ref idref="fl-4a"/>
      </object_component>
      <object_component id="oc-da">
         <name>.debug_frame</name>
         <load_address>0xac7</load_address>
         <run_address>0xac7</run_address>
         <size>0x47</size>
         <input_file_ref idref="fl-4b"/>
      </object_component>
      <object_component id="oc-de">
         <name>.debug_frame</name>
         <load_address>0xb0e</load_address>
         <run_address>0xb0e</run_address>
         <size>0x4d</size>
         <input_file_ref idref="fl-4c"/>
      </object_component>
      <object_component id="oc-e2">
         <name>.debug_frame</name>
         <load_address>0xb5b</load_address>
         <run_address>0xb5b</run_address>
         <size>0x47</size>
         <input_file_ref idref="fl-4d"/>
      </object_component>
      <object_component id="oc-e6">
         <name>.debug_frame</name>
         <load_address>0xba2</load_address>
         <run_address>0xba2</run_address>
         <size>0x47</size>
         <input_file_ref idref="fl-4e"/>
      </object_component>
      <object_component id="oc-40">
         <name>.debug_line</name>
         <load_address>0x0</load_address>
         <run_address>0x0</run_address>
         <size>0xc8</size>
         <input_file_ref idref="fl-2"/>
      </object_component>
      <object_component id="oc-47">
         <name>.debug_line</name>
         <load_address>0xc8</load_address>
         <run_address>0xc8</run_address>
         <size>0x89</size>
         <input_file_ref idref="fl-3"/>
      </object_component>
      <object_component id="oc-4b">
         <name>.debug_line</name>
         <load_address>0x151</load_address>
         <run_address>0x151</run_address>
         <size>0x4b</size>
         <input_file_ref idref="fl-1d"/>
      </object_component>
      <object_component id="oc-52">
         <name>.debug_line</name>
         <load_address>0x19c</load_address>
         <run_address>0x19c</run_address>
         <size>0x42</size>
         <input_file_ref idref="fl-1e"/>
      </object_component>
      <object_component id="oc-56">
         <name>.debug_line</name>
         <load_address>0x1de</load_address>
         <run_address>0x1de</run_address>
         <size>0x34</size>
         <input_file_ref idref="fl-1f"/>
      </object_component>
      <object_component id="oc-5a">
         <name>.debug_line</name>
         <load_address>0x212</load_address>
         <run_address>0x212</run_address>
         <size>0x33</size>
         <input_file_ref idref="fl-20"/>
      </object_component>
      <object_component id="oc-5e">
         <name>.debug_line</name>
         <load_address>0x245</load_address>
         <run_address>0x245</run_address>
         <size>0x2e</size>
         <input_file_ref idref="fl-21"/>
      </object_component>
      <object_component id="oc-62">
         <name>.debug_line</name>
         <load_address>0x273</load_address>
         <run_address>0x273</run_address>
         <size>0x61</size>
         <input_file_ref idref="fl-22"/>
      </object_component>
      <object_component id="oc-65">
         <name>.debug_line</name>
         <load_address>0x2d4</load_address>
         <run_address>0x2d4</run_address>
         <size>0x3d</size>
         <input_file_ref idref="fl-23"/>
      </object_component>
      <object_component id="oc-69">
         <name>.debug_line</name>
         <load_address>0x311</load_address>
         <run_address>0x311</run_address>
         <size>0x3a</size>
         <input_file_ref idref="fl-24"/>
      </object_component>
      <object_component id="oc-6d">
         <name>.debug_line</name>
         <load_address>0x34b</load_address>
         <run_address>0x34b</run_address>
         <size>0xb7</size>
         <input_file_ref idref="fl-25"/>
      </object_component>
      <object_component id="oc-71">
         <name>.debug_line</name>
         <load_address>0x402</load_address>
         <run_address>0x402</run_address>
         <size>0x5b</size>
         <input_file_ref idref="fl-26"/>
      </object_component>
      <object_component id="oc-75">
         <name>.debug_line</name>
         <load_address>0x45d</load_address>
         <run_address>0x45d</run_address>
         <size>0x5b</size>
         <input_file_ref idref="fl-27"/>
      </object_component>
      <object_component id="oc-79">
         <name>.debug_line</name>
         <load_address>0x4b8</load_address>
         <run_address>0x4b8</run_address>
         <size>0x90</size>
         <input_file_ref idref="fl-28"/>
      </object_component>
      <object_component id="oc-7d">
         <name>.debug_line</name>
         <load_address>0x548</load_address>
         <run_address>0x548</run_address>
         <size>0x39</size>
         <input_file_ref idref="fl-33"/>
      </object_component>
      <object_component id="oc-81">
         <name>.debug_line</name>
         <load_address>0x581</load_address>
         <run_address>0x581</run_address>
         <size>0x4b</size>
         <input_file_ref idref="fl-34"/>
      </object_component>
      <object_component id="oc-84">
         <name>.debug_line</name>
         <load_address>0x5cc</load_address>
         <run_address>0x5cc</run_address>
         <size>0x7d</size>
         <input_file_ref idref="fl-35"/>
      </object_component>
      <object_component id="oc-88">
         <name>.debug_line</name>
         <load_address>0x649</load_address>
         <run_address>0x649</run_address>
         <size>0x42</size>
         <input_file_ref idref="fl-36"/>
      </object_component>
      <object_component id="oc-8c">
         <name>.debug_line</name>
         <load_address>0x68b</load_address>
         <run_address>0x68b</run_address>
         <size>0x3b</size>
         <input_file_ref idref="fl-37"/>
      </object_component>
      <object_component id="oc-90">
         <name>.debug_line</name>
         <load_address>0x6c6</load_address>
         <run_address>0x6c6</run_address>
         <size>0x71</size>
         <input_file_ref idref="fl-38"/>
      </object_component>
      <object_component id="oc-95">
         <name>.debug_line</name>
         <load_address>0x737</load_address>
         <run_address>0x737</run_address>
         <size>0x35</size>
         <input_file_ref idref="fl-39"/>
      </object_component>
      <object_component id="oc-9a">
         <name>.debug_line</name>
         <load_address>0x76c</load_address>
         <run_address>0x76c</run_address>
         <size>0x768</size>
         <input_file_ref idref="fl-3a"/>
      </object_component>
      <object_component id="oc-9e">
         <name>.debug_line</name>
         <load_address>0xed4</load_address>
         <run_address>0xed4</run_address>
         <size>0x29</size>
         <input_file_ref idref="fl-3b"/>
      </object_component>
      <object_component id="oc-a2">
         <name>.debug_line</name>
         <load_address>0xefd</load_address>
         <run_address>0xefd</run_address>
         <size>0x59</size>
         <input_file_ref idref="fl-3c"/>
      </object_component>
      <object_component id="oc-a6">
         <name>.debug_line</name>
         <load_address>0xf56</load_address>
         <run_address>0xf56</run_address>
         <size>0x5f</size>
         <input_file_ref idref="fl-3d"/>
      </object_component>
      <object_component id="oc-ac">
         <name>.debug_line</name>
         <load_address>0xfb5</load_address>
         <run_address>0xfb5</run_address>
         <size>0x40</size>
         <input_file_ref idref="fl-3f"/>
      </object_component>
      <object_component id="oc-b0">
         <name>.debug_line</name>
         <load_address>0xff5</load_address>
         <run_address>0xff5</run_address>
         <size>0x7f</size>
         <input_file_ref idref="fl-40"/>
      </object_component>
      <object_component id="oc-b4">
         <name>.debug_line</name>
         <load_address>0x1074</load_address>
         <run_address>0x1074</run_address>
         <size>0x3c</size>
         <input_file_ref idref="fl-41"/>
      </object_component>
      <object_component id="oc-b8">
         <name>.debug_line</name>
         <load_address>0x10b0</load_address>
         <run_address>0x10b0</run_address>
         <size>0x6e</size>
         <input_file_ref idref="fl-42"/>
      </object_component>
      <object_component id="oc-bc">
         <name>.debug_line</name>
         <load_address>0x111e</load_address>
         <run_address>0x111e</run_address>
         <size>0x57</size>
         <input_file_ref idref="fl-43"/>
      </object_component>
      <object_component id="oc-c0">
         <name>.debug_line</name>
         <load_address>0x1175</load_address>
         <run_address>0x1175</run_address>
         <size>0x1cf</size>
         <input_file_ref idref="fl-44"/>
      </object_component>
      <object_component id="oc-c4">
         <name>.debug_line</name>
         <load_address>0x1344</load_address>
         <run_address>0x1344</run_address>
         <size>0x4f</size>
         <input_file_ref idref="fl-45"/>
      </object_component>
      <object_component id="oc-c8">
         <name>.debug_line</name>
         <load_address>0x1393</load_address>
         <run_address>0x1393</run_address>
         <size>0x43</size>
         <input_file_ref idref="fl-46"/>
      </object_component>
      <object_component id="oc-cc">
         <name>.debug_line</name>
         <load_address>0x13d6</load_address>
         <run_address>0x13d6</run_address>
         <size>0x5a</size>
         <input_file_ref idref="fl-47"/>
      </object_component>
      <object_component id="oc-d0">
         <name>.debug_line</name>
         <load_address>0x1430</load_address>
         <run_address>0x1430</run_address>
         <size>0x3f</size>
         <input_file_ref idref="fl-48"/>
      </object_component>
      <object_component id="oc-d3">
         <name>.debug_line</name>
         <load_address>0x146f</load_address>
         <run_address>0x146f</run_address>
         <size>0xa0</size>
         <input_file_ref idref="fl-49"/>
      </object_component>
      <object_component id="oc-d7">
         <name>.debug_line</name>
         <load_address>0x150f</load_address>
         <run_address>0x150f</run_address>
         <size>0x5a</size>
         <input_file_ref idref="fl-4a"/>
      </object_component>
      <object_component id="oc-db">
         <name>.debug_line</name>
         <load_address>0x1569</load_address>
         <run_address>0x1569</run_address>
         <size>0x3a</size>
         <input_file_ref idref="fl-4b"/>
      </object_component>
      <object_component id="oc-df">
         <name>.debug_line</name>
         <load_address>0x15a3</load_address>
         <run_address>0x15a3</run_address>
         <size>0x3a</size>
         <input_file_ref idref="fl-4c"/>
      </object_component>
      <object_component id="oc-e3">
         <name>.debug_line</name>
         <load_address>0x15dd</load_address>
         <run_address>0x15dd</run_address>
         <size>0x3b</size>
         <input_file_ref idref="fl-4d"/>
      </object_component>
      <object_component id="oc-e7">
         <name>.debug_line</name>
         <load_address>0x1618</load_address>
         <run_address>0x1618</run_address>
         <size>0x3b</size>
         <input_file_ref idref="fl-4e"/>
      </object_component>
      <object_component id="oc-eb">
         <name>.debug_line</name>
         <load_address>0x1653</load_address>
         <run_address>0x1653</run_address>
         <size>0x54</size>
         <input_file_ref idref="fl-4f"/>
      </object_component>
      <object_component id="oc-ee">
         <name>.debug_line</name>
         <load_address>0x16a7</load_address>
         <run_address>0x16a7</run_address>
         <size>0x48</size>
         <input_file_ref idref="fl-50"/>
      </object_component>
      <object_component id="oc-f2">
         <name>.debug_line</name>
         <load_address>0x16ef</load_address>
         <run_address>0x16ef</run_address>
         <size>0x48</size>
         <input_file_ref idref="fl-51"/>
      </object_component>
      <object_component id="oc-41">
         <name>.debug_abbrev</name>
         <load_address>0x0</load_address>
         <run_address>0x0</run_address>
         <size>0x143</size>
         <input_file_ref idref="fl-2"/>
      </object_component>
      <object_component id="oc-48">
         <name>.debug_abbrev</name>
         <load_address>0x143</load_address>
         <run_address>0x143</run_address>
         <size>0xe2</size>
         <input_file_ref idref="fl-3"/>
      </object_component>
      <object_component id="oc-4c">
         <name>.debug_abbrev</name>
         <load_address>0x225</load_address>
         <run_address>0x225</run_address>
         <size>0x35</size>
         <input_file_ref idref="fl-1d"/>
      </object_component>
      <object_component id="oc-53">
         <name>.debug_abbrev</name>
         <load_address>0x25a</load_address>
         <run_address>0x25a</run_address>
         <size>0x113</size>
         <input_file_ref idref="fl-1e"/>
      </object_component>
      <object_component id="oc-57">
         <name>.debug_abbrev</name>
         <load_address>0x36d</load_address>
         <run_address>0x36d</run_address>
         <size>0xbc</size>
         <input_file_ref idref="fl-1f"/>
      </object_component>
      <object_component id="oc-5b">
         <name>.debug_abbrev</name>
         <load_address>0x429</load_address>
         <run_address>0x429</run_address>
         <size>0xbf</size>
         <input_file_ref idref="fl-20"/>
      </object_component>
      <object_component id="oc-5f">
         <name>.debug_abbrev</name>
         <load_address>0x4e8</load_address>
         <run_address>0x4e8</run_address>
         <size>0x94</size>
         <input_file_ref idref="fl-21"/>
      </object_component>
      <object_component id="oc-63">
         <name>.debug_abbrev</name>
         <load_address>0x57c</load_address>
         <run_address>0x57c</run_address>
         <size>0x35</size>
         <input_file_ref idref="fl-22"/>
      </object_component>
      <object_component id="oc-66">
         <name>.debug_abbrev</name>
         <load_address>0x5b1</load_address>
         <run_address>0x5b1</run_address>
         <size>0x33</size>
         <input_file_ref idref="fl-23"/>
      </object_component>
      <object_component id="oc-6a">
         <name>.debug_abbrev</name>
         <load_address>0x5e4</load_address>
         <run_address>0x5e4</run_address>
         <size>0xf3</size>
         <input_file_ref idref="fl-24"/>
      </object_component>
      <object_component id="oc-6e">
         <name>.debug_abbrev</name>
         <load_address>0x6d7</load_address>
         <run_address>0x6d7</run_address>
         <size>0x35</size>
         <input_file_ref idref="fl-25"/>
      </object_component>
      <object_component id="oc-72">
         <name>.debug_abbrev</name>
         <load_address>0x70c</load_address>
         <run_address>0x70c</run_address>
         <size>0x35</size>
         <input_file_ref idref="fl-26"/>
      </object_component>
      <object_component id="oc-76">
         <name>.debug_abbrev</name>
         <load_address>0x741</load_address>
         <run_address>0x741</run_address>
         <size>0x35</size>
         <input_file_ref idref="fl-27"/>
      </object_component>
      <object_component id="oc-7a">
         <name>.debug_abbrev</name>
         <load_address>0x776</load_address>
         <run_address>0x776</run_address>
         <size>0x35</size>
         <input_file_ref idref="fl-28"/>
      </object_component>
      <object_component id="oc-7e">
         <name>.debug_abbrev</name>
         <load_address>0x7ab</load_address>
         <run_address>0x7ab</run_address>
         <size>0x23</size>
         <input_file_ref idref="fl-33"/>
      </object_component>
      <object_component id="oc-82">
         <name>.debug_abbrev</name>
         <load_address>0x7ce</load_address>
         <run_address>0x7ce</run_address>
         <size>0x35</size>
         <input_file_ref idref="fl-34"/>
      </object_component>
      <object_component id="oc-85">
         <name>.debug_abbrev</name>
         <load_address>0x803</load_address>
         <run_address>0x803</run_address>
         <size>0x35</size>
         <input_file_ref idref="fl-35"/>
      </object_component>
      <object_component id="oc-89">
         <name>.debug_abbrev</name>
         <load_address>0x838</load_address>
         <run_address>0x838</run_address>
         <size>0xa2</size>
         <input_file_ref idref="fl-36"/>
      </object_component>
      <object_component id="oc-8d">
         <name>.debug_abbrev</name>
         <load_address>0x8da</load_address>
         <run_address>0x8da</run_address>
         <size>0x5f</size>
         <input_file_ref idref="fl-37"/>
      </object_component>
      <object_component id="oc-91">
         <name>.debug_abbrev</name>
         <load_address>0x939</load_address>
         <run_address>0x939</run_address>
         <size>0xfd</size>
         <input_file_ref idref="fl-38"/>
      </object_component>
      <object_component id="oc-96">
         <name>.debug_abbrev</name>
         <load_address>0xa36</load_address>
         <run_address>0xa36</run_address>
         <size>0xa0</size>
         <input_file_ref idref="fl-39"/>
      </object_component>
      <object_component id="oc-9b">
         <name>.debug_abbrev</name>
         <load_address>0xad6</load_address>
         <run_address>0xad6</run_address>
         <size>0x15f</size>
         <input_file_ref idref="fl-3a"/>
      </object_component>
      <object_component id="oc-9f">
         <name>.debug_abbrev</name>
         <load_address>0xc35</load_address>
         <run_address>0xc35</run_address>
         <size>0xdb</size>
         <input_file_ref idref="fl-3b"/>
      </object_component>
      <object_component id="oc-a3">
         <name>.debug_abbrev</name>
         <load_address>0xd10</load_address>
         <run_address>0xd10</run_address>
         <size>0xb7</size>
         <input_file_ref idref="fl-3c"/>
      </object_component>
      <object_component id="oc-a7">
         <name>.debug_abbrev</name>
         <load_address>0xdc7</load_address>
         <run_address>0xdc7</run_address>
         <size>0x10e</size>
         <input_file_ref idref="fl-3d"/>
      </object_component>
      <object_component id="oc-a9">
         <name>.debug_abbrev</name>
         <load_address>0xed5</load_address>
         <run_address>0xed5</run_address>
         <size>0x50</size>
         <input_file_ref idref="fl-3e"/>
      </object_component>
      <object_component id="oc-ad">
         <name>.debug_abbrev</name>
         <load_address>0xf25</load_address>
         <run_address>0xf25</run_address>
         <size>0x35</size>
         <input_file_ref idref="fl-3f"/>
      </object_component>
      <object_component id="oc-b1">
         <name>.debug_abbrev</name>
         <load_address>0xf5a</load_address>
         <run_address>0xf5a</run_address>
         <size>0x35</size>
         <input_file_ref idref="fl-40"/>
      </object_component>
      <object_component id="oc-b5">
         <name>.debug_abbrev</name>
         <load_address>0xf8f</load_address>
         <run_address>0xf8f</run_address>
         <size>0x35</size>
         <input_file_ref idref="fl-41"/>
      </object_component>
      <object_component id="oc-b9">
         <name>.debug_abbrev</name>
         <load_address>0xfc4</load_address>
         <run_address>0xfc4</run_address>
         <size>0x35</size>
         <input_file_ref idref="fl-42"/>
      </object_component>
      <object_component id="oc-bd">
         <name>.debug_abbrev</name>
         <load_address>0xff9</load_address>
         <run_address>0xff9</run_address>
         <size>0x35</size>
         <input_file_ref idref="fl-43"/>
      </object_component>
      <object_component id="oc-c1">
         <name>.debug_abbrev</name>
         <load_address>0x102e</load_address>
         <run_address>0x102e</run_address>
         <size>0xfd</size>
         <input_file_ref idref="fl-44"/>
      </object_component>
      <object_component id="oc-c5">
         <name>.debug_abbrev</name>
         <load_address>0x112b</load_address>
         <run_address>0x112b</run_address>
         <size>0xcd</size>
         <input_file_ref idref="fl-45"/>
      </object_component>
      <object_component id="oc-c9">
         <name>.debug_abbrev</name>
         <load_address>0x11f8</load_address>
         <run_address>0x11f8</run_address>
         <size>0x8b</size>
         <input_file_ref idref="fl-46"/>
      </object_component>
      <object_component id="oc-cd">
         <name>.debug_abbrev</name>
         <load_address>0x1283</load_address>
         <run_address>0x1283</run_address>
         <size>0x9d</size>
         <input_file_ref idref="fl-47"/>
      </object_component>
      <object_component id="oc-d1">
         <name>.debug_abbrev</name>
         <load_address>0x1320</load_address>
         <run_address>0x1320</run_address>
         <size>0x35</size>
         <input_file_ref idref="fl-48"/>
      </object_component>
      <object_component id="oc-d4">
         <name>.debug_abbrev</name>
         <load_address>0x1355</load_address>
         <run_address>0x1355</run_address>
         <size>0x37</size>
         <input_file_ref idref="fl-49"/>
      </object_component>
      <object_component id="oc-d8">
         <name>.debug_abbrev</name>
         <load_address>0x138c</load_address>
         <run_address>0x138c</run_address>
         <size>0x96</size>
         <input_file_ref idref="fl-4a"/>
      </object_component>
      <object_component id="oc-dc">
         <name>.debug_abbrev</name>
         <load_address>0x1422</load_address>
         <run_address>0x1422</run_address>
         <size>0xa0</size>
         <input_file_ref idref="fl-4b"/>
      </object_component>
      <object_component id="oc-e0">
         <name>.debug_abbrev</name>
         <load_address>0x14c2</load_address>
         <run_address>0x14c2</run_address>
         <size>0xa9</size>
         <input_file_ref idref="fl-4c"/>
      </object_component>
      <object_component id="oc-e4">
         <name>.debug_abbrev</name>
         <load_address>0x156b</load_address>
         <run_address>0x156b</run_address>
         <size>0x8b</size>
         <input_file_ref idref="fl-4d"/>
      </object_component>
      <object_component id="oc-e8">
         <name>.debug_abbrev</name>
         <load_address>0x15f6</load_address>
         <run_address>0x15f6</run_address>
         <size>0x7b</size>
         <input_file_ref idref="fl-4e"/>
      </object_component>
      <object_component id="oc-ec">
         <name>.debug_abbrev</name>
         <load_address>0x1671</load_address>
         <run_address>0x1671</run_address>
         <size>0x43</size>
         <input_file_ref idref="fl-4f"/>
      </object_component>
      <object_component id="oc-ef">
         <name>.debug_abbrev</name>
         <load_address>0x16b4</load_address>
         <run_address>0x16b4</run_address>
         <size>0x4d</size>
         <input_file_ref idref="fl-50"/>
      </object_component>
      <object_component id="oc-f3">
         <name>.debug_abbrev</name>
         <load_address>0x1701</load_address>
         <run_address>0x1701</run_address>
         <size>0x35</size>
         <input_file_ref idref="fl-51"/>
      </object_component>
      <object_component id="oc-151">
         <name>.debug_abbrev</name>
         <load_address>0x1736</load_address>
         <run_address>0x1736</run_address>
         <size>0xd</size>
      </object_component>
   </object_component_list>
   <logical_group_list>
      <logical_group id="lg-2" display="no" color="cyan">
         <name>.bss</name>
         <run_address>0x200</run_address>
         <size>0x6c</size>
         <contents>
            <object_component_ref idref="oc-3b"/>
            <object_component_ref idref="oc-42"/>
            <object_component_ref idref="oc-4d"/>
            <object_component_ref idref="oc-92"/>
         </contents>
      </logical_group>
      <logical_group id="lg-3" display="no" color="cyan">
         <name>.data</name>
         <run_address>0x200</run_address>
         <size>0x0</size>
         <contents>
         </contents>
      </logical_group>
      <logical_group id="lg-4" display="no" color="cyan">
         <name>.sysmem</name>
         <run_address>0x0</run_address>
         <size>0x0</size>
         <contents>
         </contents>
      </logical_group>
      <logical_group id="lg-5" display="no" color="cyan">
         <name>.stack</name>
         <run_address>0x3b0</run_address>
         <size>0x50</size>
         <contents>
            <object_component_ref idref="oc-4f"/>
            <object_component_ref idref="oc-14f"/>
         </contents>
      </logical_group>
      <logical_group id="lg-6" display="no" color="cyan">
         <name>.text</name>
         <load_address>0xc000</load_address>
         <run_address>0xc000</run_address>
         <size>0x27fa</size>
         <contents>
            <object_component_ref idref="oc-f9"/>
            <object_component_ref idref="oc-120"/>
            <object_component_ref idref="oc-108"/>
            <object_component_ref idref="oc-104"/>
            <object_component_ref idref="oc-10d"/>
            <object_component_ref idref="oc-11a"/>
            <object_component_ref idref="oc-11d"/>
            <object_component_ref idref="oc-110"/>
            <object_component_ref idref="oc-116"/>
            <object_component_ref idref="oc-10c"/>
            <object_component_ref idref="oc-6b"/>
            <object_component_ref idref="oc-118"/>
            <object_component_ref idref="oc-111"/>
            <object_component_ref idref="oc-107"/>
            <object_component_ref idref="oc-114"/>
            <object_component_ref idref="oc-77"/>
            <object_component_ref idref="oc-109"/>
            <object_component_ref idref="oc-fd"/>
            <object_component_ref idref="oc-ae"/>
            <object_component_ref idref="oc-11c"/>
            <object_component_ref idref="oc-117"/>
            <object_component_ref idref="oc-11b"/>
            <object_component_ref idref="oc-122"/>
            <object_component_ref idref="oc-b6"/>
[...]
         <value>0xfff4</value>
         <object_component_ref idref="oc-35"/>
      </symbol>
      <symbol id="sm-e1">
         <name>tics</name>
         <value>0x202</value>
         <object_component_ref idref="oc-3b"/>
      </symbol>
      <symbol id="sm-e2">
         <name>print</name>
         <value>0xe786</value>
         <object_component_ref idref="oc-fe"/>
      </symbol>
      <symbol id="sm-e3">
         <name>baud_rate_20_bits</name>
         <value>0x204</value>
         <object_component_ref idref="oc-3b"/>
      </symbol>
      <symbol id="sm-e4">
         <name>WDT_Sec_Cnt</name>
         <value>0x200</value>
         <object_component_ref idref="oc-3b"/>
      </symbol>
      <symbol id="sm-e5">
         <name>lab01_init</name>
         <value>0xdd92</value>
         <object_component_ref idref="oc-fd"/>
      </symbol>
      <symbol id="sm-e6">
         <name>count</name>
         <value>0x208</value>
         <object_component_ref idref="oc-3b"/>
      </symbol>
      <symbol id="sm-e7">
         <name>putchar</name>
         <value>0xe7b6</value>
         <object_component_ref idref="oc-101"/>
      </symbol>
      <symbol id="sm-117">
         <name>BPS</name>
         <value>0x260</value>
         <object_component_ref idref="oc-42"/>
      </symbol>
      <symbol id="sm-118">
         <name>MCLK_HZ</name>
         <value>0x25c</value>
         <object_component_ref idref="oc-42"/>
      </symbol>
      <symbol id="sm-119">
         <name>main</name>
         <value>0xc000</value>
         <object_component_ref idref="oc-f9"/>
      </symbol>
      <symbol id="sm-121">
         <name>I_ASR</name>
         <value>0xe5e8</value>
         <object_component_ref idref="oc-49"/>
      </symbol>
      <symbol id="sm-122">
         <name>I_ASR_12</name>
         <value>0xe5fa</value>
         <object_component_ref idref="oc-49"/>
      </symbol>
      <symbol id="sm-123">
         <name>I_ASR_13</name>
         <value>0xe5f8</value>
         <object_component_ref idref="oc-49"/>
      </symbol>
      <symbol id="sm-124">
         <name>I_ASR_10</name>
         <value>0xe5fe</value>
         <object_component_ref idref="oc-49"/>
      </symbol>
      <symbol id="sm-125">
         <name>I_ASR_11</name>
         <value>0xe5fc</value>
         <object_component_ref idref="oc-49"/>
      </symbol>
      <symbol id="sm-126">
         <name>I_ASR_14</name>
         <value>0xe5f6</value>
         <object_component_ref idref="oc-49"/>
      </symbol>
      <symbol id="sm-127">
         <name>I_ASR_15</name>
         <value>0xe5f4</value>
         <object_component_ref idref="oc-49"/>
      </symbol>
      <symbol id="sm-128">
         <name>I_ASR_3</name>
         <value>0xe60c</value>
         <object_component_ref idref="oc-49"/>
      </symbol>
      <symbol id="sm-129">
         <name>I_ASR_2</name>
         <value>0xe60e</value>
         <object_component_ref idref="oc-49"/>
      </symbol>
      <symbol id="sm-12a">
         <name>I_ASR_1</name>
         <value>0xe610</value>
         <object_component_ref idref="oc-49"/>
      </symbol>
      <symbol id="sm-12b">
         <name>I_ASR_7</name>
         <value>0xe604</value>
         <object_component_ref idref="oc-49"/>
      </symbol>
      <symbol id="sm-12c">
         <name>I_ASR_6</name>
         <value>0xe606</value>
         <object_component_ref idref="oc-49"/>
      </symbol>
      <symbol id="sm-12d">
         <name>I_ASR_5</name>
         <value>0xe608</value>
         <object_component_ref idref="oc-49"/>
      </symbol>
      <symbol id="sm-12e">
         <name>I_ASR_4</name>
         <value>0xe60a</value>
         <object_component_ref idref="oc-49"/>
      </symbol>
      <symbol id="sm-12f">
         <name>I_ASR_9</name>
         <value>0xe600</value>
         <object_component_ref idref="oc-49"/>
      </symbol>
      <symbol id="sm-130">
         <name>I_ASR_8</name>
         <value>0xe602</value>
         <object_component_ref idref="oc-49"/>
      </symbol>
      <symbol id="sm-141">
         <name>_c_int00_noexit</name>
         <value>0xe640</value>
         <object_component_ref idref="oc-3a"/>
      </symbol>
      <symbol id="sm-142">
         <name>_c_int00</name>
         <value>0xe640</value>
         <object_component_ref idref="oc-3a"/>
      </symbol>
      <symbol id="sm-143">
         <name>_stack</name>
         <value>0x3b0</value>
         <object_component_ref idref="oc-4f"/>
      </symbol>
      <symbol id="sm-144">
         <name>__TI_dtors_ptr</name>
         <value>0x26a</value>
         <object_component_ref idref="oc-4d"/>
      </symbol>
      <symbol id="sm-145">
         <name>__TI_cleanup_ptr</name>
         <value>0x268</value>
         <object_component_ref idref="oc-4d"/>
      </symbol>
      <symbol id="sm-146">
         <name>_reset_vector</name>
         <value>0xfffe</value>
         <object_component_ref idref="oc-50"/>
      </symbol>
      <symbol id="sm-169">
         <name>__divul</name>
         <value>0xe242</value>
         <object_component_ref idref="oc-60"/>
      </symbol>
      <symbol id="sm-16a">
         <name>__remul</name>
         <value>0xe242</value>
         <object_component_ref idref="oc-60"/>
      </symbol>
      <symbol id="sm-173">
         <name>func_epilog_1</name>
         <value>0xe7a4</value>
         <object_component_ref idref="oc-fc"/>
      </symbol>
      <symbol id="sm-174">
         <name>func_epilog_2</name>
         <value>0xe7a2</value>
         <object_component_ref idref="oc-fc"/>
      </symbol>
      <symbol id="sm-175">
         <name>func_epilog_3</name>
         <value>0xe7a0</value>
         <object_component_ref idref="oc-fc"/>
      </symbol>
      <symbol id="sm-176">
         <name>func_epilog_4</name>
         <value>0xe79e</value>
         <object_component_ref idref="oc-fc"/>
      </symbol>
      <symbol id="sm-177">
         <name>func_epilog_5</name>
         <value>0xe79c</value>
         <object_component_ref idref="oc-fc"/>
      </symbol>
      <symbol id="sm-178">
         <name>func_epilog_6</name>
         <value>0xe79a</value>
         <object_component_ref idref="oc-fc"/>
      </symbol>
      <symbol id="sm-179">
         <name>func_epilog_7</name>
         <value>0xe798</value>
         <object_component_ref idref="oc-fc"/>
      </symbol>
      <symbol id="sm-184">
         <name>C$$EXIT</name>
         <value>0xe7f4</value>
         <object_component_ref idref="oc-fa"/>
      </symbol>
      <symbol id="sm-185">
         <name>abort</name>
         <value>0xe7f4</value>
         <object_component_ref idref="oc-fa"/>
      </symbol>
      <symbol id="sm-186">
         <name>__TI_exit</name>
         <value>0x1</value>
      </symbol>
      <symbol id="sm-1a1">
         <name>__fs_add</name>
         <value>0xd6e6</value>
         <object_component_ref idref="oc-6b"/>
      </symbol>
      <symbol id="sm-1a2">
         <name>__fs_sub</name>
         <value>0xd6e0</value>
         <object_component_ref idref="oc-6b"/>
      </symbol>
      <symbol id="sm-1b2">
         <name>__fs_cmp</name>
         <value>0xe386</value>
         <object_component_ref idref="oc-6f"/>
      </symbol>
      <symbol id="sm-1c1">
         <name>__fs_ltof</name>
         <value>0xe3d0</value>
         <object_component_ref idref="oc-73"/>
      </symbol>
      <symbol id="sm-1d8">
         <name>__fs_mpy</name>
         <value>0xdc24</value>
         <object_component_ref idref="oc-77"/>
      </symbol>
      <symbol id="sm-1dc">
         <name>__TI_int02</name>
         <value>0xffe4</value>
         <object_component_ref idref="oc-2e"/>
      </symbol>
      <symbol id="sm-1e0">
         <name>__TI_int03</name>
         <value>0xffe6</value>
         <object_component_ref idref="oc-2f"/>
      </symbol>
      <symbol id="sm-1e4">
         <name>__TI_int06</name>
         <value>0xffec</value>
         <object_component_ref idref="oc-31"/>
      </symbol>
      <symbol id="sm-1e8">
         <name>__TI_int07</name>
         <value>0xffee</value>
         <object_component_ref idref="oc-32"/>
      </symbol>
      <symbol id="sm-1ec">
         <name>__TI_int08</name>
         <value>0xfff0</value>
         <object_component_ref idref="oc-33"/>
      </symbol>
      <symbol id="sm-1f0">
         <name>__TI_int09</name>
         <value>0xfff2</value>
         <object_component_ref idref="oc-34"/>
      </symbol>
      <symbol id="sm-1f4">
         <name>__TI_int11</name>
         <value>0xfff6</value>
         <object_component_ref idref="oc-36"/>
      </symbol>
      <symbol id="sm-1f8">
         <name>__TI_int12</name>
         <value>0xfff8</value>
         <object_component_ref idref="oc-37"/>
      </symbol>
      <symbol id="sm-1fc">
         <name>__TI_int13</name>
         <value>0xfffa</value>
         <object_component_ref idref="oc-38"/>
      </symbol>
      <symbol id="sm-200">
         <name>__TI_int14</name>
         <value>0xfffc</value>
         <object_component_ref idref="oc-39"/>
      </symbol>
      <symbol id="sm-208">
         <name>__TI_ISR_TRAP</name>
         <value>0xe7ea</value>
         <object_component_ref idref="oc-7b"/>
      </symbol>
      <symbol id="sm-210">
         <name>I_LSL</name>
         <value>0xe614</value>
         <object_component_ref idref="oc-7f"/>
      </symbol>
      <symbol id="sm-211">
         <name>I_LSL_3</name>
         <value>0xe638</value>
         <object_component_ref idref="oc-7f"/>
      </symbol>
      <symbol id="sm-212">
         <name>I_LSL_2</name>
         <value>0xe63a</value>
         <object_component_ref idref="oc-7f"/>
      </symbol>
      <symbol id="sm-213">
         <name>I_LSL_1</name>
         <value>0xe63c</value>
         <object_component_ref idref="oc-7f"/>
      </symbol>
      <symbol id="sm-214">
         <name>I_LSL_7</name>
         <value>0xe630</value>
         <object_component_ref idref="oc-7f"/>
      </symbol>
      <symbol id="sm-215">
         <name>I_LSL_6</name>
         <value>0xe632</value>
         <object_component_ref idref="oc-7f"/>
      </symbol>
      <symbol id="sm-216">
         <name>I_LSL_5</name>
         <value>0xe634</value>
         <object_component_ref idref="oc-7f"/>
      </symbol>
      <symbol id="sm-217">
         <name>I_LSL_4</name>
         <value>0xe636</value>
         <object_component_ref idref="oc-7f"/>
      </symbol>
      <symbol id="sm-218">
         <name>I_LSL_9</name>
         <value>0xe62c</value>
         <object_component_ref idref="oc-7f"/>
      </symbol>
      <symbol id="sm-219">
         <name>I_LSL_8</name>
         <value>0xe62e</value>
         <object_component_ref idref="oc-7f"/>
      </symbol>
      <symbol id="sm-21a">
         <name>I_LSL_12</name>
         <value>0xe626</value>
         <object_component_ref idref="oc-7f"/>
      </symbol>
      <symbol id="sm-21b">
         <name>I_LSL_13</name>
         <value>0xe624</value>
         <object_component_ref idref="oc-7f"/>
      </symbol>
      <symbol id="sm-21c">
         <name>I_LSL_10</name>
         <value>0xe62a</value>
         <object_component_ref idref="oc-7f"/>
      </symbol>
      <symbol id="sm-21d">
         <name>I_LSL_11</name>
         <value>0xe628</value>
         <object_component_ref idref="oc-7f"/>
      </symbol>
      <symbol id="sm-21e">
         <name>I_LSL_14</name>
         <value>0xe622</value>
         <object_component_ref idref="oc-7f"/>
      </symbol>
      <symbol id="sm-21f">
         <name>I_LSL_15</name>
         <value>0xe620</value>
         <object_component_ref idref="oc-7f"/>
      </symbol>
      <symbol id="sm-22b">
         <name>L_LSR_12</name>
         <value>0xe1f8</value>
         <object_component_ref idref="oc-100"/>
      </symbol>
      <symbol id="sm-22c">
         <name>L_LSR_13</name>
         <value>0xe1f2</value>
         <object_component_ref idref="oc-100"/>
      </symbol>
      <symbol id="sm-22d">
         <name>L_LSR_10</name>
         <value>0xe204</value>
         <object_component_ref idref="oc-100"/>
      </symbol>
      <symbol id="sm-22e">
         <name>L_LSR_11</name>
         <value>0xe1fe</value>
         <object_component_ref idref="oc-100"/>
      </symbol>
      <symbol id="sm-22f">
         <name>L_LSR_14</name>
         <value>0xe1ec</value>
         <object_component_ref idref="oc-100"/>
      </symbol>
      <symbol id="sm-230">
         <name>L_LSR_15</name>
         <value>0xe1e6</value>
         <object_component_ref idref="oc-100"/>
      </symbol>
      <symbol id="sm-231">
         <name>L_LSR</name>
         <value>0xe762</value>
         <object_component_ref idref="oc-124"/>
      </symbol>
      <symbol id="sm-232">
         <name>L_LSR_3</name>
         <value>0xe22e</value>
         <object_component_ref idref="oc-100"/>
      </symbol>
      <symbol id="sm-233">
         <name>L_LSR_2</name>
         <value>0xe234</value>
         <object_component_ref idref="oc-100"/>
      </symbol>
      <symbol id="sm-234">
         <name>L_LSR_1</name>
         <value>0xe23a</value>
         <object_component_ref idref="oc-100"/>
      </symbol>
      <symbol id="sm-235">
         <name>L_LSR_7</name>
         <value>0xe216</value>
         <object_component_ref idref="oc-100"/>
      </symbol>
      <symbol id="sm-236">
         <name>L_LSR_6</name>
         <value>0xe21c</value>
         <object_component_ref idref="oc-100"/>
      </symbol>
      <symbol id="sm-237">
         <name>L_LSR_5</name>
         <value>0xe222</value>
         <object_component_ref idref="oc-100"/>
      </symbol>
      <symbol id="sm-238">
         <name>L_LSR_4</name>
         <value>0xe228</value>
         <object_component_ref idref="oc-100"/>
      </symbol>
      <symbol id="sm-239">
         <name>L_LSR_9</name>
         <value>0xe20a</value>
         <object_component_ref idref="oc-100"/>
      </symbol>
      <symbol id="sm-23a">
         <name>L_LSR_8</name>
         <value>0xe210</value>
         <object_component_ref idref="oc-100"/>
      </symbol>
      <symbol id="sm-246">
         <name>memcpy</name>
         <value>0xe774</value>
         <object_component_ref idref="oc-fb"/>
      </symbol>
      <symbol id="sm-250">
         <name>_system_pre_init</name>
         <value>0xe7f0</value>
         <object_component_ref idref="oc-f7"/>
      </symbol>
      <symbol id="sm-260">
         <name>sprintf</name>
         <value>0xe5b0</value>
         <object_component_ref idref="oc-ff"/>
      </symbol>
      <symbol id="sm-26c">
         <name>_nop</name>
         <value>0xe7f8</value>
         <object_component_ref idref="oc-f6"/>
      </symbol>
      <symbol id="sm-26d">
         <name>_lock</name>
         <value>0x264</value>
         <object_component_ref idref="oc-92"/>
      </symbol>
      <symbol id="sm-26e">
         <name>_unlock</name>
         <value>0x266</value>
         <object_component_ref idref="oc-92"/>
      </symbol>
      <symbol id="sm-384">
         <name>__TI_printfi</name>
         <value>0xcc86</value>
         <object_component_ref idref="oc-104"/>
      </symbol>
      <symbol id="sm-38c">
         <name>__TI_args_main</name>
         <value>0x1</value>
      </symbol>
      <symbol id="sm-39d">
         <name>atoi</name>
         <value>0xe29a</value>
         <object_component_ref idref="oc-10b"/>
      </symbol>
      <symbol id="sm-3ad">
         <name>_auto_init</name>
         <value>0xe462</value>
         <object_component_ref idref="oc-f8"/>
      </symbol>
      <symbol id="sm-3ae">
         <name>__TI_auto_init</name>
         <value>0x1</value>
      </symbol>
      <symbol id="sm-3b6">
         <name>_ctypes_</name>
         <value>0xeab8</value>
         <object_component_ref idref="oc-10f"/>
      </symbol>
      <symbol id="sm-3c0">
         <name>__remu</name>
         <value>0xe6fe</value>
         <object_component_ref idref="oc-aa"/>
      </symbol>
      <symbol id="sm-3c1">
         <name>__divu</name>
         <value>0xe6fe</value>
         <object_component_ref idref="oc-aa"/>
      </symbol>
      <symbol id="sm-3d3">
         <name>__fs_div</name>
         <value>0xde36</value>
         <object_component_ref idref="oc-ae"/>
      </symbol>
      <symbol id="sm-3dc">
         <name>__fs_neg</name>
         <value>0xe7d8</value>
         <object_component_ref idref="oc-b2"/>
      </symbol>
      <symbol id="sm-3ef">
         <name>__fs_tol</name>
         <value>0xe0f4</value>
         <object_component_ref idref="oc-b6"/>
      </symbol>
      <symbol id="sm-3fe">
         <name>__fs_tou</name>
         <value>0xe4aa</value>
         <object_component_ref idref="oc-ba"/>
      </symbol>
      <symbol id="sm-43c">
         <name>__divull</name>
         <value>0xc6c2</value>
         <object_component_ref idref="oc-120"/>
      </symbol>
      <symbol id="sm-43d">
         <name>__lslll</name>
         <value>0xe41a</value>
         <object_component_ref idref="oc-123"/>
      </symbol>
      <symbol id="sm-43e">
         <name>__lsrll</name>
         <value>0xe33c</value>
         <object_component_ref idref="oc-11f"/>
      </symbol>
      <symbol id="sm-44b">
         <name>ltoa</name>
         <value>0xe070</value>
         <object_component_ref idref="oc-122"/>
      </symbol>
      <symbol id="sm-458">
         <name>memccpy</name>
         <value>0xe6ae</value>
         <object_component_ref idref="oc-10e"/>
      </symbol>
      <symbol id="sm-464">
         <name>memset</name>
         <value>0xe728</value>
         <object_component_ref idref="oc-10a"/>
      </symbol>
      <symbol id="sm-46e">
         <name>__mpyi</name>
         <value>0xe73c</value>
         <object_component_ref idref="oc-ce"/>
      </symbol>
      <symbol id="sm-476">
         <name>__mpyll</name>
         <value>0xd810</value>
         <object_component_ref idref="oc-118"/>
      </symbol>
      <symbol id="sm-481">
         <name>strlen</name>
         <value>0xe7a8</value>
         <object_component_ref idref="oc-105"/>
      </symbol>
      <symbol id="sm-48c">
         <name>toupper</name>
         <value>0xe7c2</value>
         <object_component_ref idref="oc-112"/>
      </symbol>
      <symbol id="sm-496">
         <name>_FDclass</name>
         <value>0xe714</value>
         <object_component_ref idref="oc-113"/>
      </symbol>
      <symbol id="sm-4a5">
         <name>_FDtest</name>
         <value>0xe574</value>
         <object_component_ref idref="oc-119"/>
      </symbol>
      <symbol id="sm-4b0">
         <name>abs</name>
         <value>0xe7ce</value>
         <object_component_ref idref="oc-125"/>
      </symbol>
      <symbol id="sm-4bc">
         <name>__remli</name>
         <value>0xe534</value>
         <object_component_ref idref="oc-e9"/>
      </symbol>
      <symbol id="sm-4bd">
         <name>__divli</name>
         <value>0xe534</value>
         <object_component_ref idref="oc-e9"/>
      </symbol>
      <symbol id="sm-4c8">
         <name>__mpyul</name>
         <value>0xe68c</value>
         <object_component_ref idref="oc-121"/>
      </symbol>
      <symbol id="sm-4d2">
         <name>__mpyl</name>
         <value>0xe666</value>
         <object_component_ref idref="oc-f0"/>
      </symbol>
   </symbol_table>
   <title>Link successful</title>
</link_info>
