******************************************************************************
                  MSP430 Linker PC v4.2.1                      
******************************************************************************
>> Linked Fri Apr 10 12:55:52 2015

OUTPUT FILE NAME:   <L09-Snake.out>
ENTRY POINT SYMBOL: "_c_int00"  address: 00009342


MEMORY CONFIGURATION

         name            origin    length      used     unused   attr    fill
----------------------  --------  ---------  --------  --------  ----  --------
  SFR                   00000000   00000010  00000000  00000010  RWIX
  PERIPHERALS_8BIT      00000010   000000f0  00000000  000000f0  RWIX
  PERIPHERALS_16BIT     00000100   00000100  00000000  00000100  RWIX
  RAM                   00000200   00000400  00000186  0000027a  RWIX
  INFOD                 00001000   00000040  00000000  00000040  RWIX
  INFOC                 00001040   00000040  00000000  00000040  RWIX
  INFOB                 00001080   00000040  00000000  00000040  RWIX
  INFOA                 000010c0   00000040  00000000  00000040  RWIX
  FLASH                 00008000   00007fde  00002462  00005b7c  RWIX
  INT00                 0000ffe0   00000002  00000000  00000002  RWIX
  INT01                 0000ffe2   00000002  00000000  00000002  RWIX
  INT02                 0000ffe4   00000002  00000002  00000000  RWIX
  INT03                 0000ffe6   00000002  00000002  00000000  RWIX
  INT04                 0000ffe8   00000002  00000000  00000002  RWIX
  INT05                 0000ffea   00000002  00000002  00000000  RWIX
  INT06                 0000ffec   00000002  00000002  00000000  RWIX
  INT07                 0000ffee   00000002  00000002  00000000  RWIX
  INT08                 0000fff0   00000002  00000002  00000000  RWIX
  INT09                 0000fff2   00000002  00000002  00000000  RWIX
  INT10                 0000fff4   00000002  00000002  00000000  RWIX
  INT11                 0000fff6   00000002  00000000  00000002  RWIX
  INT12                 0000fff8   00000002  00000002  00000000  RWIX
  INT13                 0000fffa   00000002  00000002  00000000  RWIX
  INT14                 0000fffc   00000002  00000002  00000000  RWIX
  RESET                 0000fffe   00000002  00000002  00000000  RWIX


SECTION ALLOCATION MAP

 output                                  attributes/
section   page    origin      length       input sections
--------  ----  ----------  ----------   ----------------
.pinit     0    00008000    00000000     UNINITIALIZED

.bss       0    00000200    00000136     UNINITIALIZED
                  00000200    00000116     snake_events.obj (.bss)
                  00000316    0000000e     snake_interrupts.obj (.bss)
                  00000324    00000006     RBX430_lcd.obj (.bss)
                  0000032a    00000004     rts430.lib : _lock.obj (.bss)
                  0000032e    00000004                : boot.obj (.bss)
                  00000332    00000002     RBX430-1.obj (.bss)
                  00000334    00000002     snake.obj (.bss)

.data      0    00000200    00000000     UNINITIALIZED

.stack     0    000005b0    00000050     UNINITIALIZED
                  000005b0    00000002     rts430.lib : boot.obj (.stack)
                  000005b2    0000004e     --HOLE--

.text      0    00008000    0000161e     
                  00008000    00000246     RBX430_lcd.obj (.text:lcd_point)
                  00008246    00000244     RBX430_lcd.obj (.text:my_printfi)
                  0000848a    00000186     RBX430_lcd.obj (.text:lcd_init)
                  00008610    00000132     RBX430_lcd.obj (.text:lcd_putchar)
                  00008742    00000110     snake.obj (.text:main)
                  00008852    000000d4     snake_events.obj (.text:draw_board)
                  00008926    000000d4     RBX430_lcd.obj (.text:lcd_wordImage)
                  000089fa    000000be     RBX430-1.obj (.text:RBX430_init)
                  00008ab8    000000bc     snake_interrupts.obj (.text:WDT_ISR)
                  00008b74    0000008e     snake_events.obj (.text:LCD_UPDATE_event)
                  00008c02    00000088     RBX430_lcd.obj (.text:lcd_rectangle)
                  00008c8a    00000076     RBX430-1.obj (.text:ERROR2)
                  00008d00    00000072     snake_events.obj (.text:MOVE_SNAKE_event)
                  00008d72    0000005e     RBX430_lcd.obj (.text:lcd_WD)
                  00008dd0    0000004c     rts430.lib : lsr16.obj (.text)
                  00008e1c    0000004a     snake_events.obj (.text:NEW_GAME_event)
                  00008e66    0000004a     snake_events.obj (.text:delete_tail)
                  00008eb0    0000004a     RBX430_lcd.obj (.text:lcd_WD2)
                  00008efa    00000048     rts430.lib : autoinit.obj (.text:_auto_init)
                  00008f42    00000046     RBX430_lcd.obj (.text:DelayMs)
                  00008f88    00000042     snake_events.obj (.text:SWITCH_1_event)
                  00008fca    00000042     snake_events.obj (.text:move_left)
                  0000900c    00000042     snake_events.obj (.text:move_right)
                  0000904e    00000040     snake_events.obj (.text:move_down)
                  0000908e    00000040     snake_events.obj (.text:move_up)
                  000090ce    00000040     snake_events.obj (.text:new_snake)
                  0000910e    0000003a     snake_events.obj (.text:add_head)
                  00009148    00000038     RBX430_lcd.obj (.text:ReadDataWord)
                  00009180    00000034     RBX430_lcd.obj (.text:WriteDataWord)
                  000091b4    00000034     RBX430_lcd.obj (.text:lcd_set_x_y)
                  000091e8    00000030     RBX430_lcd.obj (.text:lcd_cursor)
                  00009218    0000002e     RBX430_lcd.obj (.text:lcd_set)
                  00009246    0000002e     snake_interrupts.obj (.text:port1_init)
                  00009274    0000002c     rts430.lib : lsl16.obj (.text)
                  000092a0    0000002a     snake_events.obj (.text:START_LEVEL_event)
                  000092ca    0000002a     snake_events.obj (.text:SWITCH_4_event)
                  000092f4    00000028     snake_events.obj (.text:SWITCH_3_event)
                  0000931c    00000026     snake_events.obj (.text:SWITCH_2_event)
                  00009342    00000026     rts430.lib : boot.obj (.text:_c_int00_noexit)
                  00009368    00000024     RBX430_lcd.obj (.text:lcd_printf)
                  0000938c    00000024     snake_interrupts.obj (.text:watchdogtimer_init)
                  000093b0    00000020     RBX430_lcd.obj (.text:ReadData)
                  000093d0    00000020     RBX430_lcd.obj (.text:lcd_square)
                  000093f0    0000001e     snake_interrupts.obj (.text:NMI_ISR)
                  0000940e    0000001e     snake_interrupts.obj (.text:Port_2_ISR)
                  0000942c    0000001e     snake_interrupts.obj (.text:TIMERA0_ISR)
                  0000944a    0000001e     snake_interrupts.obj (.text:TIMERA1_ISR)
                  00009468    0000001e     snake_interrupts.obj (.text:TIMERB0_ISR)
                  00009486    0000001e     snake_interrupts.obj (.text:TIMERB1_ISR)
                  000094a4    0000001e     snake_interrupts.obj (.text:USCIAB0RX_ISR)
                  000094c2    0000001e     snake_interrupts.obj (.text:USCIAB0TX_ISR)
                  000094e0    0000001e     RBX430_lcd.obj (.text:WriteCmd)
                  000094fe    0000001e     RBX430_lcd.obj (.text:WriteData)
                  0000951c    0000001e     RBX430_lcd.obj (.text:lcd_mode)
                  0000953a    0000001a     snakelib.obj (.text:timerB_init)
                  00009554    00000016     snake_interrupts.obj (.text:Port_1_ISR)
                  0000956a    00000014     snakelib.obj (.text:beep)
                  0000957e    00000014     RBX430_lcd.obj (.text:lcd_backlight)
                  00009592    00000014     rts430.lib : mult16.obj (.text)
                  000095a6    00000012                : lsr32.obj (.text:l_lsr)
                  000095b8    00000012                : memcpy.obj (.text:memcpy)
                  000095ca    00000010                : epilog.obj (.text)
                  000095da    0000000e                : strlen.obj (.text:strlen)
                  000095e8    0000000a     snake_events.obj (.text:END_GAME_event)
                  000095f2    0000000a     RBX430_lcd.obj (.text:lcd_clear)
                  000095fc    00000008     RBX430-1.obj (.text:ADC10_ISR)
                  00009604    00000008     snake_events.obj (.text:NEXT_LEVEL_event)
                  0000960c    00000008     snakelib.obj (.text:blink)
                  00009614    00000004     rts430.lib : pre_init.obj (.text:_system_pre_init)
                  00009618    00000004                : exit.obj (.text:abort)
                  0000961c    00000002                : _lock.obj (.text:_nop)

.const     0    0000961e    00000e36     
                  0000961e    00000682     snake_images.obj (.const:snake1_image)
                  00009ca0    0000049e     snake_images.obj (.const:snake_text_image)
                  0000a13e    000001e0     RBX430_lcd.obj (.const:cs)
                  0000a31e    000000a2     RBX430_lcd.obj (.const:.string:dv3)
                  0000a3c0    00000038     snake_events.obj (.const:.string)
                  0000a3f8    0000002c     RBX430_lcd.obj (.const:dv$3)
                  0000a424    00000011     RBX430_lcd.obj (.const:.string:lHexChar$1)
                  0000a435    00000001     --HOLE-- [fill = 0]
                  0000a436    00000011     RBX430_lcd.obj (.const:.string:uHexChar$2)
                  0000a447    00000001     --HOLE-- [fill = 0]
                  0000a448    00000006     RBX430_lcd.obj (.const:px_off)
                  0000a44e    00000006     RBX430_lcd.obj (.const:px_on)

.cinit     0    0000a454    0000000e     
                  0000a454    0000000c     snake_events.obj (.cinit)
                  0000a460    00000002     --HOLE-- [fill = 0]

PORT1      0    0000ffe4    00000002     
                  0000ffe4    00000002     snake_interrupts.obj (.int02)

PORT2      0    0000ffe6    00000002     
                  0000ffe6    00000002     snake_interrupts.obj (.int03)

ADC10      0    0000ffea    00000002     
                  0000ffea    00000002     RBX430-1.obj (.int05)

USCIAB0TX 
*          0    0000ffec    00000002     
                  0000ffec    00000002     snake_interrupts.obj (.int06)

USCIAB0RX 
*          0    0000ffee    00000002     
                  0000ffee    00000002     snake_interrupts.obj (.int07)

TIMERA1    0    0000fff0    00000002     
                  0000fff0    00000002     snake_interrupts.obj (.int08)

TIMERA0    0    0000fff2    00000002     
                  0000fff2    00000002     snake_interrupts.obj (.int09)

WDT        0    0000fff4    00000002     
                  0000fff4    00000002     snake_interrupts.obj (.int10)

TIMERB1    0    0000fff8    00000002     
                  0000fff8    00000002     snake_interrupts.obj (.int12)

TIMERB0    0    0000fffa    00000002     
                  0000fffa    00000002     snake_interrupts.obj (.int13)

NMI        0    0000fffc    00000002     
                  0000fffc    00000002     snake_interrupts.obj (.int14)

.reset     0    0000fffe    00000002     
                  0000fffe    00000002     rts430.lib : boot.obj (.reset)


GLOBAL SYMBOLS: SORTED ALPHABETICALLY BY Name 

address    name
--------   ----
00000200   .bss
00000200   .data
00008000   .text
0000004a   ADC10AE0
0000004b   ADC10AE1
000001b0   ADC10CTL0
000001b2   ADC10CTL1
00000048   ADC10DTC0
00000049   ADC10DTC1
000001b4   ADC10MEM
000001bc   ADC10SA
000095fc   ADC10_ISR
00000057   BCSCTL1
00000058   BCSCTL2
00000053   BCSCTL3
00009618   C$$EXIT
000010fb   CALBC1_12MHZ
000010f9   CALBC1_16MHZ
000010ff   CALBC1_1MHZ
000010fd   CALBC1_8MHZ
000010fa   CALDCO_12MHZ
000010f8   CALDCO_16MHZ
000010fe   CALDCO_1MHZ
000010fc   CALDCO_8MHZ
00000056   DCOCTL
000095e8   END_GAME_event
00008c8a   ERROR2
00000128   FCTL1
0000012a   FCTL2
0000012c   FCTL3
00000000   IE1
00000001   IE2
00000002   IFG1
00000003   IFG2
00009274   I_LSL
0000929c   I_LSL_1
0000928a   I_LSL_10
00009288   I_LSL_11
00009286   I_LSL_12
00009284   I_LSL_13
00009282   I_LSL_14
00009280   I_LSL_15
0000929a   I_LSL_2
00009298   I_LSL_3
00009296   I_LSL_4
00009294   I_LSL_5
00009292   I_LSL_6
00009290   I_LSL_7
0000928e   I_LSL_8
0000928c   I_LSL_9
00008dd0   I_LSR
00008e16   I_LSR_1
00008df2   I_LSR_10
00008dee   I_LSR_11
00008dea   I_LSR_12
00008de6   I_LSR_13
00008de2   I_LSR_14
00008dde   I_LSR_15
00008e12   I_LSR_2
00008e0e   I_LSR_3
00008e0a   I_LSR_4
00008e06   I_LSR_5
00008e02   I_LSR_6
00008dfe   I_LSR_7
00008dfa   I_LSR_8
00008df6   I_LSR_9
00008b74   LCD_UPDATE_event
000095a6   L_LSR
00008d00   MOVE_SNAKE_event
00008e1c   NEW_GAME_event
00009604   NEXT_LEVEL_event
000093f0   NMI_ISR
000000c0   OA0CTL0
000000c1   OA0CTL1
000000c2   OA1CTL0
000000c3   OA1CTL1
00000022   P1DIR
00000025   P1IE
00000024   P1IES
00000023   P1IFG
00000020   P1IN
00000021   P1OUT
00000027   P1REN
00000026   P1SEL
0000002a   P2DIR
0000002d   P2IE
0000002c   P2IES
0000002b   P2IFG
00000028   P2IN
00000029   P2OUT
0000002f   P2REN
0000002e   P2SEL
0000001a   P3DIR
00000018   P3IN
00000019   P3OUT
00000010   P3REN
0000001b   P3SEL
0000001e   P4DIR
0000001c   P4IN
0000001d   P4OUT
00000011   P4REN
0000001f   P4SEL
00009554   Port_1_ISR
0000940e   Port_2_ISR
000089fa   RBX430_init
000092a0   START_LEVEL_event
00008f88   SWITCH_1_event
0000931c   SWITCH_2_event
000092f4   SWITCH_3_event
000092ca   SWITCH_4_event
00000172   TACCR0
00000174   TACCR1
00000176   TACCR2
00000162   TACCTL0
00000164   TACCTL1
00000166   TACCTL2
00000160   TACTL
0000012e   TAIV
00000170   TAR
00000322   TB0_tone_on
00000192   TBCCR0
00000194   TBCCR1
00000196   TBCCR2
00000182   TBCCTL0
00000184   TBCCTL1
00000186   TBCCTL2
00000180   TBCTL
0000011e   TBIV
00000190   TBR
0000942c   TIMERA0_ISR
0000944a   TIMERA1_ISR
00009468   TIMERB0_ISR
00009486   TIMERB1_ISR
0000005d   UCA0ABCTL
00000062   UCA0BR0
00000063   UCA0BR1
00000060   UCA0CTL0
00000061   UCA0CTL1
0000005f   UCA0IRRCTL
0000005e   UCA0IRTCTL
00000064   UCA0MCTL
00000066   UCA0RXBUF
00000065   UCA0STAT
00000067   UCA0TXBUF
0000006a   UCB0BR0
0000006b   UCB0BR1
00000068   UCB0CTL0
00000069   UCB0CTL1
0000006c   UCB0I2CIE
00000118   UCB0I2COA
0000011a   UCB0I2CSA
0000006e   UCB0RXBUF
0000006d   UCB0STAT
0000006f   UCB0TXBUF
000094a4   USCIAB0RX_ISR
000094c2   USCIAB0TX_ISR
00000120   WDTCTL
00008ab8   WDT_ISR
00000316   WDT_cps_cnt
0000031a   WDT_debounce_cnt
0000031e   WDT_delay
00000318   WDT_move_cnt
00000600   __STACK_END
00000050   __STACK_SIZE
00000001   __TI_args_main
00000001   __TI_auto_init
0000032e   __TI_cleanup_ptr
00000330   __TI_dtors_ptr
00000001   __TI_exit
0000ffe4   __TI_int02
0000ffe6   __TI_int03
0000ffea   __TI_int05
0000ffec   __TI_int06
0000ffee   __TI_int07
0000fff0   __TI_int08
0000fff2   __TI_int09
0000fff4   __TI_int10
0000fff8   __TI_int12
0000fffa   __TI_int13
0000fffc   __TI_int14
ffffffff   __binit__
00000200   __bss__
ffffffff   __c_args__
0000a454   __cinit__
00000200   __data__
00000200   __edata__
00000336   __end__
0000961e   __etext__
00009592   __mpyi
ffffffff   __pinit__
00008000   __text__
00008efa   _auto_init
00009342   _c_int00
00009342   _c_int00_noexit
0000032a   _lock
0000961c   _nop
0000fffe   _reset_vector
000005b0   _stack
00009614   _system_pre_init
0000032c   _unlock
00009618   abort
0000031c   backlight_cnt
0000956a   beep
ffffffff   binit
0000960c   blink
0000a454   cinit
0000a13e   cs
00000206   direction
00008852   draw_board
0000a31e   dv3
00000200   edata
00000336   end
0000961e   etext
000095d6   func_epilog_1
000095d4   func_epilog_2
000095d2   func_epilog_3
000095d0   func_epilog_4
000095ce   func_epilog_5
000095cc   func_epilog_6
000095ca   func_epilog_7
00000200   game_mode
0000020b   head
00000332   i2c_fSCL
00008d72   lcd_WD
00008eb0   lcd_WD2
0000957e   lcd_backlight
000095f2   lcd_clear
000091e8   lcd_cursor
0000848a   lcd_init
0000951c   lcd_mode
00008000   lcd_point
00009368   lcd_printf
00008610   lcd_putchar
00008c02   lcd_rectangle
00009218   lcd_set
000091b4   lcd_set_x_y
000093d0   lcd_square
00008926   lcd_wordImage
00000204   level
00008742   main
000095b8   memcpy
00000208   move_cnt
ffffffff   pinit
00009246   port1_init
0000a448   px_off
0000a44e   px_on
00000202   score
0000020e   snake
0000961e   snake1_image
00009ca0   snake_text_image
000095da   strlen
00000334   sys_event
0000020c   tail
0000020a   timer
0000953a   timerB_init
0000938c   watchdogtimer_init


GLOBAL SYMBOLS: SORTED BY Symbol Address 

address    name
--------   ----
00000000   IE1
00000001   IE2
00000001   __TI_args_main
00000001   __TI_auto_init
00000001   __TI_exit
00000002   IFG1
00000003   IFG2
00000010   P3REN
00000011   P4REN
00000018   P3IN
00000019   P3OUT
0000001a   P3DIR
0000001b   P3SEL
0000001c   P4IN
0000001d   P4OUT
0000001e   P4DIR
0000001f   P4SEL
00000020   P1IN
00000021   P1OUT
00000022   P1DIR
00000023   P1IFG
00000024   P1IES
00000025   P1IE
00000026   P1SEL
00000027   P1REN
00000028   P2IN
00000029   P2OUT
0000002a   P2DIR
0000002b   P2IFG
0000002c   P2IES
0000002d   P2IE
0000002e   P2SEL
0000002f   P2REN
00000048   ADC10DTC0
00000049   ADC10DTC1
0000004a   ADC10AE0
0000004b   ADC10AE1
00000050   __STACK_SIZE
00000053   BCSCTL3
00000056   DCOCTL
00000057   BCSCTL1
00000058   BCSCTL2
0000005d   UCA0ABCTL
0000005e   UCA0IRTCTL
0000005f   UCA0IRRCTL
00000060   UCA0CTL0
00000061   UCA0CTL1
00000062   UCA0BR0
00000063   UCA0BR1
00000064   UCA0MCTL
00000065   UCA0STAT
00000066   UCA0RXBUF
00000067   UCA0TXBUF
00000068   UCB0CTL0
00000069   UCB0CTL1
0000006a   UCB0BR0
0000006b   UCB0BR1
0000006c   UCB0I2CIE
0000006d   UCB0STAT
0000006e   UCB0RXBUF
0000006f   UCB0TXBUF
000000c0   OA0CTL0
000000c1   OA0CTL1
000000c2   OA1CTL0
000000c3   OA1CTL1
00000118   UCB0I2COA
0000011a   UCB0I2CSA
0000011e   TBIV
00000120   WDTCTL
00000128   FCTL1
0000012a   FCTL2
0000012c   FCTL3
0000012e   TAIV
00000160   TACTL
00000162   TACCTL0
00000164   TACCTL1
00000166   TACCTL2
00000170   TAR
00000172   TACCR0
00000174   TACCR1
00000176   TACCR2
00000180   TBCTL
00000182   TBCCTL0
00000184   TBCCTL1
00000186   TBCCTL2
00000190   TBR
00000192   TBCCR0
00000194   TBCCR1
00000196   TBCCR2
000001b0   ADC10CTL0
000001b2   ADC10CTL1
000001b4   ADC10MEM
000001bc   ADC10SA
00000200   .bss
00000200   .data
00000200   __bss__
00000200   __data__
00000200   __edata__
00000200   edata
00000200   game_mode
00000202   score
00000204   level
00000206   direction
00000208   move_cnt
0000020a   timer
0000020b   head
0000020c   tail
0000020e   snake
00000316   WDT_cps_cnt
00000318   WDT_move_cnt
0000031a   WDT_debounce_cnt
0000031c   backlight_cnt
0000031e   WDT_delay
00000322   TB0_tone_on
0000032a   _lock
0000032c   _unlock
0000032e   __TI_cleanup_ptr
00000330   __TI_dtors_ptr
00000332   i2c_fSCL
00000334   sys_event
00000336   __end__
00000336   end
000005b0   _stack
00000600   __STACK_END
000010f8   CALDCO_16MHZ
000010f9   CALBC1_16MHZ
000010fa   CALDCO_12MHZ
000010fb   CALBC1_12MHZ
000010fc   CALDCO_8MHZ
000010fd   CALBC1_8MHZ
000010fe   CALDCO_1MHZ
000010ff   CALBC1_1MHZ
00008000   .text
00008000   __text__
00008000   lcd_point
0000848a   lcd_init
00008610   lcd_putchar
00008742   main
00008852   draw_board
00008926   lcd_wordImage
000089fa   RBX430_init
00008ab8   WDT_ISR
00008b74   LCD_UPDATE_event
00008c02   lcd_rectangle
00008c8a   ERROR2
00008d00   MOVE_SNAKE_event
00008d72   lcd_WD
00008dd0   I_LSR
00008dde   I_LSR_15
00008de2   I_LSR_14
00008de6   I_LSR_13
00008dea   I_LSR_12
00008dee   I_LSR_11
00008df2   I_LSR_10
00008df6   I_LSR_9
00008dfa   I_LSR_8
00008dfe   I_LSR_7
00008e02   I_LSR_6
00008e06   I_LSR_5
00008e0a   I_LSR_4
00008e0e   I_LSR_3
00008e12   I_LSR_2
00008e16   I_LSR_1
00008e1c   NEW_GAME_event
00008eb0   lcd_WD2
00008efa   _auto_init
00008f88   SWITCH_1_event
000091b4   lcd_set_x_y
000091e8   lcd_cursor
00009218   lcd_set
00009246   port1_init
00009274   I_LSL
00009280   I_LSL_15
00009282   I_LSL_14
00009284   I_LSL_13
00009286   I_LSL_12
00009288   I_LSL_11
0000928a   I_LSL_10
0000928c   I_LSL_9
0000928e   I_LSL_8
00009290   I_LSL_7
00009292   I_LSL_6
00009294   I_LSL_5
00009296   I_LSL_4
00009298   I_LSL_3
0000929a   I_LSL_2
0000929c   I_LSL_1
000092a0   START_LEVEL_event
000092ca   SWITCH_4_event
000092f4   SWITCH_3_event
0000931c   SWITCH_2_event
00009342   _c_int00
00009342   _c_int00_noexit
00009368   lcd_printf
0000938c   watchdogtimer_init
000093d0   lcd_square
000093f0   NMI_ISR
0000940e   Port_2_ISR
0000942c   TIMERA0_ISR
0000944a   TIMERA1_ISR
00009468   TIMERB0_ISR
00009486   TIMERB1_ISR
000094a4   USCIAB0RX_ISR
000094c2   USCIAB0TX_ISR
0000951c   lcd_mode
0000953a   timerB_init
00009554   Port_1_ISR
0000956a   beep
0000957e   lcd_backlight
00009592   __mpyi
000095a6   L_LSR
000095b8   memcpy
000095ca   func_epilog_7
000095cc   func_epilog_6
000095ce   func_epilog_5
000095d0   func_epilog_4
000095d2   func_epilog_3
000095d4   func_epilog_2
000095d6   func_epilog_1
000095da   strlen
000095e8   END_GAME_event
000095f2   lcd_clear
000095fc   ADC10_ISR
00009604   NEXT_LEVEL_event
0000960c   blink
00009614   _system_pre_init
00009618   C$$EXIT
00009618   abort
0000961c   _nop
0000961e   __etext__
0000961e   etext
0000961e   snake1_image
00009ca0   snake_text_image
0000a13e   cs
0000a31e   dv3
0000a448   px_off
0000a44e   px_on
0000a454   __cinit__
0000a454   cinit
0000ffe4   __TI_int02
0000ffe6   __TI_int03
0000ffea   __TI_int05
0000ffec   __TI_int06
0000ffee   __TI_int07
0000fff0   __TI_int08
0000fff2   __TI_int09
0000fff4   __TI_int10
0000fff8   __TI_int12
0000fffa   __TI_int13
0000fffc   __TI_int14
0000fffe   _reset_vector
ffffffff   __binit__
ffffffff   __c_args__
ffffffff   __pinit__
ffffffff   binit
ffffffff   pinit

[256 symbols]
