******************************************************************************
                  MSP430 Linker PC v4.2.1                      
******************************************************************************
>> Linked Tue Apr 14 09:51:51 2015

OUTPUT FILE NAME:   <L09-Snake.out>
ENTRY POINT SYMBOL: "_c_int00"  address: 00009c36


MEMORY CONFIGURATION

         name            origin    length      used     unused   attr    fill
----------------------  --------  ---------  --------  --------  ----  --------
  SFR                   00000000   00000010  00000000  00000010  RWIX
  PERIPHERALS_8BIT      00000010   000000f0  00000000  000000f0  RWIX
  PERIPHERALS_16BIT     00000100   00000100  00000000  00000100  RWIX
  RAM                   00000200   00000400  000002a4  0000015c  RWIX
  INFOD                 00001000   00000040  00000000  00000040  RWIX
  INFOC                 00001040   00000040  00000000  00000040  RWIX
  INFOB                 00001080   00000040  00000000  00000040  RWIX
  INFOA                 000010c0   00000040  00000000  00000040  RWIX
  FLASH                 00008000   00007fde  00002e18  000051c6  RWIX
  INT00                 0000ffe0   00000002  00000000  00000002  RWIX
  INT01                 0000ffe2   00000002  00000000  00000002  RWIX
  INT02                 0000ffe4   00000002  00000002  00000000  RWIX
  INT03                 0000ffe6   00000002  00000002  00000000  RWIX
  INT04                 0000ffe8   00000002  00000000  00000002  RWIX
  INT05                 0000ffea   00000002  00000002  00000000  RWIX
  INT06                 0000ffec   00000002  00000002  00000000  RWIX
  INT07                 0000ffee   00000002  00000002  00000000  RWIX
  INT08                 0000fff0   00000002  00000002  00000000  RWIX
  INT09                 0000fff2   00000002  00000002  00000000  RWIX
  INT10                 0000fff4   00000002  00000002  00000000  RWIX
  INT11                 0000fff6   00000002  00000000  00000002  RWIX
  INT12                 0000fff8   00000002  00000002  00000000  RWIX
  INT13                 0000fffa   00000002  00000002  00000000  RWIX
  INT14                 0000fffc   00000002  00000002  00000000  RWIX
  RESET                 0000fffe   00000002  00000002  00000000  RWIX


SECTION ALLOCATION MAP

 output                                  attributes/
section   page    origin      length       input sections
--------  ----  ----------  ----------   ----------------
.pinit     0    00008000    00000000     UNINITIALIZED

.bss       0    00000200    00000154     UNINITIALIZED
                  00000200    00000128     snake_events.obj (.bss)
                  00000328    0000000e     snake_interrupts.obj (.bss)
                  00000336    00000008     rts430.lib : memory.obj (.bss)
                  0000033e    00000006     RBX430_lcd.obj (.bss)
                  00000344    00000004     rts430.lib : _lock.obj (.bss)
                  00000348    00000004                : boot.obj (.bss)
                  0000034c    00000004                : rand.obj (.bss)
                  00000350    00000002     RBX430-1.obj (.bss)
                  00000352    00000002     snake.obj (.bss)

.data      0    00000200    00000000     UNINITIALIZED

.sysmem    0    00000354    00000100     UNINITIALIZED
                  00000354    00000004     rts430.lib : memory.obj (.sysmem)
                  00000358    000000fc     --HOLE--

.stack     0    000005b0    00000050     UNINITIALIZED
                  000005b0    00000002     rts430.lib : boot.obj (.stack)
                  000005b2    0000004e     --HOLE--

.text      0    00008000    00001f6e     
                  00008000    00000246     RBX430_lcd.obj (.text:lcd_point)
                  00008246    00000244     RBX430_lcd.obj (.text:my_printfi)
                  0000848a    00000186     RBX430_lcd.obj (.text:lcd_init)
                  00008610    0000015a     RBX430_lcd.obj (.text:lcd_circle)
                  0000876a    00000150     snake_events.obj (.text:draw_foods)
                  000088ba    00000138     snake_events.obj (.text:MOVE_SNAKE_event)
                  000089f2    00000132     RBX430_lcd.obj (.text:lcd_putchar)
                  00008b24    00000110     snake.obj (.text:main)
                  00008c34    000000d4     snake_events.obj (.text:draw_board)
                  00008d08    000000d4     RBX430_lcd.obj (.text:lcd_wordImage)
                  00008ddc    000000c0     snake_events.obj (.text:START_LEVEL_event)
                  00008e9c    000000be     RBX430-1.obj (.text:RBX430_init)
                  00008f5a    000000bc     snake_interrupts.obj (.text:WDT_ISR)
                  00009016    000000a8     RBX430_lcd.obj (.text:lcd_star)
                  000090be    000000a8     rts430.lib : memory.obj (.text:malloc)
                  00009166    00000094     snake_events.obj (.text:LCD_UPDATE_event)
                  000091fa    00000094     RBX430_lcd.obj (.text:lcd_diamond)
                  0000928e    00000088     RBX430_lcd.obj (.text:lcd_rectangle)
                  00009316    00000080     rts430.lib : memory.obj (.text:free)
                  00009396    0000007e     RBX430_lcd.obj (.text:lcd_triangle)
                  00009414    00000076     RBX430-1.obj (.text:ERROR2)
                  0000948a    0000006a     snake_events.obj (.text:draw_rocks)
                  000094f4    00000060     snake_events.obj (.text:END_GAME_event)
                  00009554    0000005e     RBX430_lcd.obj (.text:lcd_WD)
                  000095b2    0000004c     rts430.lib : lsr16.obj (.text)
                  000095fe    0000004a     snake_events.obj (.text:delete_tail)
                  00009648    0000004a     RBX430_lcd.obj (.text:lcd_WD2)
                  00009692    00000048     rts430.lib : autoinit.obj (.text:_auto_init)
                  000096da    00000046     RBX430_lcd.obj (.text:DelayMs)
                  00009720    00000042     snake_events.obj (.text:SWITCH_1_event)
                  00009762    00000042     snake_events.obj (.text:draw_level_banner)
                  000097a4    00000042     snake_events.obj (.text:move_left)
                  000097e6    00000042     snake_events.obj (.text:move_right)
                  00009828    00000040     snake_events.obj (.text:move_down)
                  00009868    00000040     snake_events.obj (.text:move_up)
                  000098a8    00000040     snakelib.obj (.text:outTone)
                  000098e8    0000003e     snake_events.obj (.text:NEW_GAME_event)
                  00009926    0000003a     snake_events.obj (.text:add_head)
                  00009960    0000003a     snake_events.obj (.text:new_snake)
                  0000999a    00000038     RBX430_lcd.obj (.text:ReadDataWord)
                  000099d2    00000038     rts430.lib : memory.obj (.text:minit)
                  00009a0a    00000038                : rand.obj (.text:rand)
                  00009a42    00000034     RBX430_lcd.obj (.text:WriteDataWord)
                  00009a76    00000034     RBX430_lcd.obj (.text:lcd_set_x_y)
                  00009aaa    00000030     snakelib.obj (.text:doDitty)
                  00009ada    00000030     RBX430_lcd.obj (.text:lcd_cursor)
                  00009b0a    0000002e     RBX430_lcd.obj (.text:lcd_set)
                  00009b38    0000002e     snake_interrupts.obj (.text:port1_init)
                  00009b66    0000002c     rts430.lib : div16s.obj (.text)
                  00009b92    0000002c                : lsl16.obj (.text)
                  00009bbe    0000002a     snake_events.obj (.text:SWITCH_4_event)
                  00009be8    00000028     snake_events.obj (.text:SWITCH_3_event)
                  00009c10    00000026     snake_events.obj (.text:SWITCH_2_event)
                  00009c36    00000026     rts430.lib : boot.obj (.text:_c_int00_noexit)
                  00009c5c    00000026                : mult32.obj (.text)
                  00009c82    00000024     RBX430_lcd.obj (.text:lcd_printf)
                  00009ca6    00000024     snake_interrupts.obj (.text:watchdogtimer_init)
                  00009cca    00000020     RBX430_lcd.obj (.text:ReadData)
                  00009cea    00000020     RBX430_lcd.obj (.text:lcd_square)
                  00009d0a    0000001e     snake_interrupts.obj (.text:NMI_ISR)
                  00009d28    0000001e     snake_interrupts.obj (.text:Port_2_ISR)
                  00009d46    0000001e     snake_interrupts.obj (.text:TIMERA0_ISR)
                  00009d64    0000001e     snake_interrupts.obj (.text:TIMERA1_ISR)
                  00009d82    0000001e     snake_interrupts.obj (.text:TIMERB0_ISR)
                  00009da0    0000001e     snake_interrupts.obj (.text:TIMERB1_ISR)
                  00009dbe    0000001e     snake_interrupts.obj (.text:USCIAB0RX_ISR)
                  00009ddc    0000001e     snake_interrupts.obj (.text:USCIAB0TX_ISR)
                  00009dfa    0000001e     RBX430_lcd.obj (.text:WriteCmd)
                  00009e18    0000001e     RBX430_lcd.obj (.text:WriteData)
                  00009e36    0000001e     RBX430_lcd.obj (.text:lcd_mode)
                  00009e54    0000001a     snakelib.obj (.text:timerB_init)
                  00009e6e    00000016     snake_events.obj (.text:NEXT_LEVEL_event)
                  00009e84    00000016     snake_interrupts.obj (.text:Port_1_ISR)
                  00009e9a    00000016     rts430.lib : div16u.obj (.text)
                  00009eb0    00000014     snakelib.obj (.text:beep)
                  00009ec4    00000014     RBX430_lcd.obj (.text:lcd_backlight)
                  00009ed8    00000014     rts430.lib : mult16.obj (.text)
                  00009eec    00000012                : lsr32.obj (.text:l_lsr)
                  00009efe    00000012                : memcpy.obj (.text:memcpy)
                  00009f10    00000010     snake_events.obj (.text:free_foods)
                  00009f20    00000010     rts430.lib : epilog.obj (.text)
                  00009f30    0000000e                : strlen.obj (.text:strlen)
                  00009f3e    0000000c     snakelib.obj (.text:rasberry)
                  00009f4a    0000000a     RBX430_lcd.obj (.text:lcd_clear)
                  00009f54    00000008     RBX430-1.obj (.text:ADC10_ISR)
                  00009f5c    00000008     snakelib.obj (.text:blink)
                  00009f64    00000004     rts430.lib : pre_init.obj (.text:_system_pre_init)
                  00009f68    00000004                : exit.obj (.text:abort)
                  00009f6c    00000002                : _lock.obj (.text:_nop)

.const     0    00009f6e    00000e88     
                  00009f6e    00000682     snake_images.obj (.const:snake1_image)
                  0000a5f0    0000049e     snake_images.obj (.const:snake_text_image)
                  0000aa8e    000001e0     RBX430_lcd.obj (.const:cs)
                  0000ac6e    000000a2     RBX430_lcd.obj (.const:.string:dv3)
                  0000ad10    00000056     snake_events.obj (.const:.string)
                  0000ad66    00000034     snake_events.obj (.const:Scale)
                  0000ad9a    0000002c     RBX430_lcd.obj (.const:dv$3)
                  0000adc6    00000011     RBX430_lcd.obj (.const:.string:lHexChar$1)
                  0000add7    00000001     --HOLE-- [fill = 0]
                  0000add8    00000011     RBX430_lcd.obj (.const:.string:uHexChar$2)
                  0000ade9    00000001     --HOLE-- [fill = 0]
                  0000adea    00000006     RBX430_lcd.obj (.const:px_off)
                  0000adf0    00000006     RBX430_lcd.obj (.const:px_on)

.cinit     0    0000adf6    00000022     
                  0000adf6    00000012     snake_events.obj (.cinit)
                  0000ae08    00000008     rts430.lib : rand.obj (.cinit)
                  0000ae10    00000006                : memory.obj (.cinit)
                  0000ae16    00000002     --HOLE-- [fill = 0]

PORT1      0    0000ffe4    00000002     
                  0000ffe4    00000002     snake_interrupts.obj (.int02)

PORT2      0    0000ffe6    00000002     
                  0000ffe6    00000002     snake_interrupts.obj (.int03)

ADC10      0    0000ffea    00000002     
                  0000ffea    00000002     RBX430-1.obj (.int05)

USCIAB0TX 
*          0    0000ffec    00000002     
                  0000ffec    00000002     snake_interrupts.obj (.int06)

USCIAB0RX 
*          0    0000ffee    00000002     
                  0000ffee    00000002     snake_interrupts.obj (.int07)

TIMERA1    0    0000fff0    00000002     
                  0000fff0    00000002     snake_interrupts.obj (.int08)

TIMERA0    0    0000fff2    00000002     
                  0000fff2    00000002     snake_interrupts.obj (.int09)

WDT        0    0000fff4    00000002     
                  0000fff4    00000002     snake_interrupts.obj (.int10)

TIMERB1    0    0000fff8    00000002     
                  0000fff8    00000002     snake_interrupts.obj (.int12)

TIMERB0    0    0000fffa    00000002     
                  0000fffa    00000002     snake_interrupts.obj (.int13)

NMI        0    0000fffc    00000002     
                  0000fffc    00000002     snake_interrupts.obj (.int14)

.reset     0    0000fffe    00000002     
                  0000fffe    00000002     rts430.lib : boot.obj (.reset)


GLOBAL SYMBOLS: SORTED ALPHABETICALLY BY Name 

address    name
--------   ----
00000200   .bss
00000200   .data
00008000   .text
0000004a   ADC10AE0
0000004b   ADC10AE1
000001b0   ADC10CTL0
000001b2   ADC10CTL1
00000048   ADC10DTC0
00000049   ADC10DTC1
000001b4   ADC10MEM
000001bc   ADC10SA
00009f54   ADC10_ISR
00000057   BCSCTL1
00000058   BCSCTL2
00000053   BCSCTL3
00009f68   C$$EXIT
000010fb   CALBC1_12MHZ
000010f9   CALBC1_16MHZ
000010ff   CALBC1_1MHZ
000010fd   CALBC1_8MHZ
000010fa   CALDCO_12MHZ
000010f8   CALDCO_16MHZ
000010fe   CALDCO_1MHZ
000010fc   CALDCO_8MHZ
00000056   DCOCTL
000094f4   END_GAME_event
00009414   ERROR2
00000128   FCTL1
0000012a   FCTL2
0000012c   FCTL3
00000000   IE1
00000001   IE2
00000002   IFG1
00000003   IFG2
00009b92   I_LSL
00009bba   I_LSL_1
00009ba8   I_LSL_10
00009ba6   I_LSL_11
00009ba4   I_LSL_12
00009ba2   I_LSL_13
00009ba0   I_LSL_14
00009b9e   I_LSL_15
00009bb8   I_LSL_2
00009bb6   I_LSL_3
00009bb4   I_LSL_4
00009bb2   I_LSL_5
00009bb0   I_LSL_6
00009bae   I_LSL_7
00009bac   I_LSL_8
00009baa   I_LSL_9
000095b2   I_LSR
000095f8   I_LSR_1
000095d4   I_LSR_10
000095d0   I_LSR_11
000095cc   I_LSR_12
000095c8   I_LSR_13
000095c4   I_LSR_14
000095c0   I_LSR_15
000095f4   I_LSR_2
000095f0   I_LSR_3
000095ec   I_LSR_4
000095e8   I_LSR_5
000095e4   I_LSR_6
000095e0   I_LSR_7
000095dc   I_LSR_8
000095d8   I_LSR_9
00009166   LCD_UPDATE_event
00009eec   L_LSR
000088ba   MOVE_SNAKE_event
000098e8   NEW_GAME_event
00009e6e   NEXT_LEVEL_event
00009d0a   NMI_ISR
000000c0   OA0CTL0
000000c1   OA0CTL1
000000c2   OA1CTL0
000000c3   OA1CTL1
00000022   P1DIR
00000025   P1IE
00000024   P1IES
00000023   P1IFG
00000020   P1IN
00000021   P1OUT
00000027   P1REN
00000026   P1SEL
0000002a   P2DIR
0000002d   P2IE
0000002c   P2IES
0000002b   P2IFG
00000028   P2IN
00000029   P2OUT
0000002f   P2REN
0000002e   P2SEL
0000001a   P3DIR
00000018   P3IN
00000019   P3OUT
00000010   P3REN
0000001b   P3SEL
0000001e   P4DIR
0000001c   P4IN
0000001d   P4OUT
00000011   P4REN
0000001f   P4SEL
00009e84   Port_1_ISR
00009d28   Port_2_ISR
00008e9c   RBX430_init
00008ddc   START_LEVEL_event
00009720   SWITCH_1_event
00009c10   SWITCH_2_event
00009be8   SWITCH_3_event
00009bbe   SWITCH_4_event
0000ad66   Scale
00000172   TACCR0
00000174   TACCR1
00000176   TACCR2
00000162   TACCTL0
00000164   TACCTL1
00000166   TACCTL2
00000160   TACTL
0000012e   TAIV
00000170   TAR
00000334   TB0_tone_on
00000192   TBCCR0
00000194   TBCCR1
00000196   TBCCR2
00000182   TBCCTL0
00000184   TBCCTL1
00000186   TBCCTL2
00000180   TBCTL
0000011e   TBIV
00000190   TBR
00009d46   TIMERA0_ISR
00009d64   TIMERA1_ISR
00009d82   TIMERB0_ISR
00009da0   TIMERB1_ISR
0000005d   UCA0ABCTL
00000062   UCA0BR0
00000063   UCA0BR1
00000060   UCA0CTL0
00000061   UCA0CTL1
0000005f   UCA0IRRCTL
0000005e   UCA0IRTCTL
00000064   UCA0MCTL
00000066   UCA0RXBUF
00000065   UCA0STAT
00000067   UCA0TXBUF
0000006a   UCB0BR0
0000006b   UCB0BR1
00000068   UCB0CTL0
00000069   UCB0CTL1
0000006c   UCB0I2CIE
00000118   UCB0I2COA
0000011a   UCB0I2CSA
0000006e   UCB0RXBUF
0000006d   UCB0STAT
0000006f   UCB0TXBUF
00009dbe   USCIAB0RX_ISR
00009ddc   USCIAB0TX_ISR
00000120   WDTCTL
00008f5a   WDT_ISR
00000328   WDT_cps_cnt
0000032c   WDT_debounce_cnt
00000330   WDT_delay
0000032a   WDT_move_cnt
00000600   __STACK_END
00000050   __STACK_SIZE
00000100   __SYSMEM_SIZE
00000001   __TI_args_main
00000001   __TI_auto_init
00000348   __TI_cleanup_ptr
0000034a   __TI_dtors_ptr
00000001   __TI_exit
0000ffe4   __TI_int02
0000ffe6   __TI_int03
0000ffea   __TI_int05
0000ffec   __TI_int06
0000ffee   __TI_int07
0000fff0   __TI_int08
0000fff2   __TI_int09
0000fff4   __TI_int10
0000fff8   __TI_int12
0000fffa   __TI_int13
0000fffc   __TI_int14
ffffffff   __binit__
00000200   __bss__
ffffffff   __c_args__
0000adf6   __cinit__
00000200   __data__
00009b66   __divi
00009e9a   __divu
00000200   __edata__
00000354   __end__
00009f6e   __etext__
00009ed8   __mpyi
00009c5c   __mpyl
ffffffff   __pinit__
00009b66   __remi
00009e9a   __remu
00008000   __text__
00009692   _auto_init
00009c36   _c_int00
00009c36   _c_int00_noexit
00000344   _lock
00009f6c   _nop
0000fffe   _reset_vector
000005b0   _stack
00000354   _sys_memory
00009f64   _system_pre_init
00000346   _unlock
00009f68   abort
0000032e   backlight_cnt
00009eb0   beep
ffffffff   binit
00009f5c   blink
0000adf6   cinit
0000aa8e   cs
00000206   direction
00009aaa   doDitty
00008c34   draw_board
0000876a   draw_foods
00009762   draw_level_banner
0000948a   draw_rocks
0000ac6e   dv3
00000200   edata
00000354   end
00009f6e   etext
0000030e   foods
00000311   foods_eaten_on_current_level
00000312   foods_to_eat_on_current_level
00009316   free
00009f10   free_foods
00009f2c   func_epilog_1
00009f2a   func_epilog_2
00009f28   func_epilog_3
00009f26   func_epilog_4
00009f24   func_epilog_5
00009f22   func_epilog_6
00009f20   func_epilog_7
00000200   game_mode
0000020b   head
00000350   i2c_fSCL
00009554   lcd_WD
00009648   lcd_WD2
00009ec4   lcd_backlight
00008610   lcd_circle
00009f4a   lcd_clear
00009ada   lcd_cursor
000091fa   lcd_diamond
0000848a   lcd_init
00009e36   lcd_mode
00008000   lcd_point
00009c82   lcd_printf
000089f2   lcd_putchar
0000928e   lcd_rectangle
00009b0a   lcd_set
00009a76   lcd_set_x_y
00009cea   lcd_square
00009016   lcd_star
00009396   lcd_triangle
00008d08   lcd_wordImage
00000204   level
00000310   level_foods
00008b24   main
000090be   malloc
00009efe   memcpy
000099d2   minit
00000208   move_cnt
0000031e   num_rocks
000098a8   outTone
ffffffff   pinit
00009b38   port1_init
0000adea   px_off
0000adf0   px_on
00009a0a   rand
00009f3e   rasberry
00000314   rocks
00000202   score
0000020e   snake
00009f6e   snake1_image
0000a5f0   snake_text_image
00009f30   strlen
00000352   sys_event
0000020c   tail
0000020a   timer
00009e54   timerB_init
00009ca6   watchdogtimer_init


GLOBAL SYMBOLS: SORTED BY Symbol Address 

address    name
--------   ----
00000000   IE1
00000001   IE2
00000001   __TI_args_main
00000001   __TI_auto_init
00000001   __TI_exit
00000002   IFG1
00000003   IFG2
00000010   P3REN
00000011   P4REN
00000018   P3IN
00000019   P3OUT
0000001a   P3DIR
0000001b   P3SEL
0000001c   P4IN
0000001d   P4OUT
0000001e   P4DIR
0000001f   P4SEL
00000020   P1IN
00000021   P1OUT
00000022   P1DIR
00000023   P1IFG
00000024   P1IES
00000025   P1IE
00000026   P1SEL
00000027   P1REN
00000028   P2IN
00000029   P2OUT
0000002a   P2DIR
0000002b   P2IFG
0000002c   P2IES
0000002d   P2IE
0000002e   P2SEL
0000002f   P2REN
00000048   ADC10DTC0
00000049   ADC10DTC1
0000004a   ADC10AE0
0000004b   ADC10AE1
00000050   __STACK_SIZE
00000053   BCSCTL3
00000056   DCOCTL
00000057   BCSCTL1
00000058   BCSCTL2
0000005d   UCA0ABCTL
0000005e   UCA0IRTCTL
0000005f   UCA0IRRCTL
00000060   UCA0CTL0
00000061   UCA0CTL1
00000062   UCA0BR0
00000063   UCA0BR1
00000064   UCA0MCTL
00000065   UCA0STAT
00000066   UCA0RXBUF
00000067   UCA0TXBUF
00000068   UCB0CTL0
00000069   UCB0CTL1
0000006a   UCB0BR0
0000006b   UCB0BR1
0000006c   UCB0I2CIE
0000006d   UCB0STAT
0000006e   UCB0RXBUF
0000006f   UCB0TXBUF
000000c0   OA0CTL0
000000c1   OA0CTL1
000000c2   OA1CTL0
000000c3   OA1CTL1
00000100   __SYSMEM_SIZE
00000118   UCB0I2COA
0000011a   UCB0I2CSA
0000011e   TBIV
00000120   WDTCTL
00000128   FCTL1
0000012a   FCTL2
0000012c   FCTL3
0000012e   TAIV
00000160   TACTL
00000162   TACCTL0
00000164   TACCTL1
00000166   TACCTL2
00000170   TAR
00000172   TACCR0
00000174   TACCR1
00000176   TACCR2
00000180   TBCTL
00000182   TBCCTL0
00000184   TBCCTL1
00000186   TBCCTL2
00000190   TBR
00000192   TBCCR0
00000194   TBCCR1
00000196   TBCCR2
000001b0   ADC10CTL0
000001b2   ADC10CTL1
000001b4   ADC10MEM
000001bc   ADC10SA
00000200   .bss
00000200   .data
00000200   __bss__
00000200   __data__
00000200   __edata__
00000200   edata
00000200   game_mode
00000202   score
00000204   level
00000206   direction
00000208   move_cnt
0000020a   timer
0000020b   head
0000020c   tail
0000020e   snake
0000030e   foods
00000310   level_foods
00000311   foods_eaten_on_current_level
00000312   foods_to_eat_on_current_level
00000314   rocks
0000031e   num_rocks
00000328   WDT_cps_cnt
0000032a   WDT_move_cnt
0000032c   WDT_debounce_cnt
0000032e   backlight_cnt
00000330   WDT_delay
00000334   TB0_tone_on
00000344   _lock
00000346   _unlock
00000348   __TI_cleanup_ptr
0000034a   __TI_dtors_ptr
00000350   i2c_fSCL
00000352   sys_event
00000354   __end__
00000354   _sys_memory
00000354   end
000005b0   _stack
00000600   __STACK_END
000010f8   CALDCO_16MHZ
000010f9   CALBC1_16MHZ
000010fa   CALDCO_12MHZ
000010fb   CALBC1_12MHZ
000010fc   CALDCO_8MHZ
000010fd   CALBC1_8MHZ
000010fe   CALDCO_1MHZ
000010ff   CALBC1_1MHZ
00008000   .text
00008000   __text__
00008000   lcd_point
0000848a   lcd_init
00008610   lcd_circle
0000876a   draw_foods
000088ba   MOVE_SNAKE_event
000089f2   lcd_putchar
00008b24   main
00008c34   draw_board
00008d08   lcd_wordImage
00008ddc   START_LEVEL_event
00008e9c   RBX430_init
00008f5a   WDT_ISR
00009016   lcd_star
000090be   malloc
00009166   LCD_UPDATE_event
000091fa   lcd_diamond
0000928e   lcd_rectangle
00009316   free
00009396   lcd_triangle
00009414   ERROR2
0000948a   draw_rocks
000094f4   END_GAME_event
00009554   lcd_WD
000095b2   I_LSR
000095c0   I_LSR_15
000095c4   I_LSR_14
000095c8   I_LSR_13
000095cc   I_LSR_12
000095d0   I_LSR_11
000095d4   I_LSR_10
000095d8   I_LSR_9
000095dc   I_LSR_8
000095e0   I_LSR_7
000095e4   I_LSR_6
000095e8   I_LSR_5
000095ec   I_LSR_4
000095f0   I_LSR_3
000095f4   I_LSR_2
000095f8   I_LSR_1
00009648   lcd_WD2
00009692   _auto_init
00009720   SWITCH_1_event
00009762   draw_level_banner
000098a8   outTone
000098e8   NEW_GAME_event
000099d2   minit
00009a0a   rand
00009a76   lcd_set_x_y
00009aaa   doDitty
00009ada   lcd_cursor
00009b0a   lcd_set
00009b38   port1_init
00009b66   __divi
00009b66   __remi
00009b92   I_LSL
00009b9e   I_LSL_15
00009ba0   I_LSL_14
00009ba2   I_LSL_13
00009ba4   I_LSL_12
00009ba6   I_LSL_11
00009ba8   I_LSL_10
00009baa   I_LSL_9
00009bac   I_LSL_8
00009bae   I_LSL_7
00009bb0   I_LSL_6
00009bb2   I_LSL_5
00009bb4   I_LSL_4
00009bb6   I_LSL_3
00009bb8   I_LSL_2
00009bba   I_LSL_1
00009bbe   SWITCH_4_event
00009be8   SWITCH_3_event
00009c10   SWITCH_2_event
00009c36   _c_int00
00009c36   _c_int00_noexit
00009c5c   __mpyl
00009c82   lcd_printf
00009ca6   watchdogtimer_init
00009cea   lcd_square
00009d0a   NMI_ISR
00009d28   Port_2_ISR
00009d46   TIMERA0_ISR
00009d64   TIMERA1_ISR
00009d82   TIMERB0_ISR
00009da0   TIMERB1_ISR
00009dbe   USCIAB0RX_ISR
00009ddc   USCIAB0TX_ISR
00009e36   lcd_mode
00009e54   timerB_init
00009e6e   NEXT_LEVEL_event
00009e84   Port_1_ISR
00009e9a   __divu
00009e9a   __remu
00009eb0   beep
00009ec4   lcd_backlight
00009ed8   __mpyi
00009eec   L_LSR
00009efe   memcpy
00009f10   free_foods
00009f20   func_epilog_7
00009f22   func_epilog_6
00009f24   func_epilog_5
00009f26   func_epilog_4
00009f28   func_epilog_3
00009f2a   func_epilog_2
00009f2c   func_epilog_1
00009f30   strlen
00009f3e   rasberry
00009f4a   lcd_clear
00009f54   ADC10_ISR
00009f5c   blink
00009f64   _system_pre_init
00009f68   C$$EXIT
00009f68   abort
00009f6c   _nop
00009f6e   __etext__
00009f6e   etext
00009f6e   snake1_image
0000a5f0   snake_text_image
0000aa8e   cs
0000ac6e   dv3
0000ad66   Scale
0000adea   px_off
0000adf0   px_on
0000adf6   __cinit__
0000adf6   cinit
0000ffe4   __TI_int02
0000ffe6   __TI_int03
0000ffea   __TI_int05
0000ffec   __TI_int06
0000ffee   __TI_int07
0000fff0   __TI_int08
0000fff2   __TI_int09
0000fff4   __TI_int10
0000fff8   __TI_int12
0000fffa   __TI_int13
0000fffc   __TI_int14
0000fffe   _reset_vector
ffffffff   __binit__
ffffffff   __c_args__
ffffffff   __pinit__
ffffffff   binit
ffffffff   pinit

[285 symbols]
