******************************************************************************
                  MSP430 Linker PC v4.2.1                      
******************************************************************************
>> Linked Tue Apr 14 13:02:25 2015

OUTPUT FILE NAME:   <L09-Snake.out>
ENTRY POINT SYMBOL: "_c_int00"  address: 00009cd6


MEMORY CONFIGURATION

         name            origin    length      used     unused   attr    fill
----------------------  --------  ---------  --------  --------  ----  --------
  SFR                   00000000   00000010  00000000  00000010  RWIX
  PERIPHERALS_8BIT      00000010   000000f0  00000000  000000f0  RWIX
  PERIPHERALS_16BIT     00000100   00000100  00000000  00000100  RWIX
  RAM                   00000200   00000400  000002a4  0000015c  RWIX
  INFOD                 00001000   00000040  00000000  00000040  RWIX
  INFOC                 00001040   00000040  00000000  00000040  RWIX
  INFOB                 00001080   00000040  00000000  00000040  RWIX
  INFOA                 000010c0   00000040  00000000  00000040  RWIX
  FLASH                 00008000   00007fde  00003ef8  000040e6  RWIX
  INT00                 0000ffe0   00000002  00000000  00000002  RWIX
  INT01                 0000ffe2   00000002  00000000  00000002  RWIX
  INT02                 0000ffe4   00000002  00000002  00000000  RWIX
  INT03                 0000ffe6   00000002  00000002  00000000  RWIX
  INT04                 0000ffe8   00000002  00000000  00000002  RWIX
  INT05                 0000ffea   00000002  00000002  00000000  RWIX
  INT06                 0000ffec   00000002  00000002  00000000  RWIX
  INT07                 0000ffee   00000002  00000002  00000000  RWIX
  INT08                 0000fff0   00000002  00000002  00000000  RWIX
  INT09                 0000fff2   00000002  00000002  00000000  RWIX
  INT10                 0000fff4   00000002  00000002  00000000  RWIX
  INT11                 0000fff6   00000002  00000000  00000002  RWIX
  INT12                 0000fff8   00000002  00000002  00000000  RWIX
  INT13                 0000fffa   00000002  00000002  00000000  RWIX
  INT14                 0000fffc   00000002  00000002  00000000  RWIX
  RESET                 0000fffe   00000002  00000002  00000000  RWIX


SECTION ALLOCATION MAP

 output                                  attributes/
section   page    origin      length       input sections
--------  ----  ----------  ----------   ----------------
.pinit     0    00008000    00000000     UNINITIALIZED

.bss       0    00000200    00000154     UNINITIALIZED
                  00000200    00000128     snake_events.obj (.bss)
                  00000328    0000000e     snake_interrupts.obj (.bss)
                  00000336    00000008     rts430.lib : memory.obj (.bss)
                  0000033e    00000006     RBX430_lcd.obj (.bss)
                  00000344    00000004     rts430.lib : _lock.obj (.bss)
                  00000348    00000004                : boot.obj (.bss)
                  0000034c    00000004                : rand.obj (.bss)
                  00000350    00000002     RBX430-1.obj (.bss)
                  00000352    00000002     snake.obj (.bss)

.data      0    00000200    00000000     UNINITIALIZED

.sysmem    0    00000354    00000100     UNINITIALIZED
                  00000354    00000004     rts430.lib : memory.obj (.sysmem)
                  00000358    000000fc     --HOLE--

.stack     0    000005b0    00000050     UNINITIALIZED
                  000005b0    00000002     rts430.lib : boot.obj (.stack)
                  000005b2    0000004e     --HOLE--

.text      0    00008000    0000200e     
                  00008000    00000246     RBX430_lcd.obj (.text:lcd_point)
                  00008246    00000244     RBX430_lcd.obj (.text:my_printfi)
                  0000848a    00000186     RBX430_lcd.obj (.text:lcd_init)
                  00008610    00000176     snake_events.obj (.text:draw_food)
                  00008786    0000015e     snake_events.obj (.text:MOVE_SNAKE_event)
                  000088e4    0000015a     RBX430_lcd.obj (.text:lcd_circle)
                  00008a3e    00000132     RBX430_lcd.obj (.text:lcd_putchar)
                  00008b70    00000110     snake.obj (.text:main)
                  00008c80    000000d4     snake_events.obj (.text:draw_board)
                  00008d54    000000d4     RBX430_lcd.obj (.text:lcd_wordImage)
                  00008e28    000000c2     snake_events.obj (.text:START_LEVEL_event)
                  00008eea    000000be     RBX430-1.obj (.text:RBX430_init)
                  00008fa8    000000bc     snake_interrupts.obj (.text:WDT_ISR)
                  00009064    000000a8     RBX430_lcd.obj (.text:lcd_star)
                  0000910c    000000a8     rts430.lib : memory.obj (.text:malloc)
                  000091b4    00000094     snake_events.obj (.text:LCD_UPDATE_event)
                  00009248    00000094     RBX430_lcd.obj (.text:lcd_diamond)
                  000092dc    00000088     RBX430_lcd.obj (.text:lcd_rectangle)
                  00009364    00000082     snake_events.obj (.text:END_GAME_event)
                  000093e6    00000080     rts430.lib : memory.obj (.text:free)
                  00009466    0000007e     RBX430_lcd.obj (.text:lcd_triangle)
                  000094e4    00000076     RBX430-1.obj (.text:ERROR2)
                  0000955a    0000006c     snake_events.obj (.text:draw_rocks)
                  000095c6    0000005e     RBX430_lcd.obj (.text:lcd_WD)
                  00009624    0000004c     rts430.lib : lsr16.obj (.text)
                  00009670    0000004a     snake_events.obj (.text:delete_tail)
                  000096ba    0000004a     RBX430_lcd.obj (.text:lcd_WD2)
                  00009704    00000048     rts430.lib : autoinit.obj (.text:_auto_init)
                  0000974c    00000046     RBX430_lcd.obj (.text:DelayMs)
                  00009792    00000042     snake_events.obj (.text:NEW_GAME_event)
                  000097d4    00000042     snake_events.obj (.text:SWITCH_1_event)
                  00009816    00000042     snake_events.obj (.text:draw_level_banner)
                  00009858    00000042     snake_events.obj (.text:move_left)
                  0000989a    00000042     snake_events.obj (.text:move_right)
                  000098dc    00000040     snake_events.obj (.text:move_down)
                  0000991c    00000040     snake_events.obj (.text:move_up)
                  0000995c    00000040     snakelib.obj (.text:outTone)
                  0000999c    0000003a     snake_events.obj (.text:add_head)
                  000099d6    0000003a     snake_events.obj (.text:new_snake)
                  00009a10    00000038     RBX430_lcd.obj (.text:ReadDataWord)
                  00009a48    00000038     rts430.lib : memory.obj (.text:minit)
                  00009a80    00000038                : rand.obj (.text:rand)
                  00009ab8    00000034     RBX430_lcd.obj (.text:WriteDataWord)
                  00009aec    00000034     RBX430_lcd.obj (.text:lcd_set_x_y)
                  00009b20    00000030     snakelib.obj (.text:doDitty)
                  00009b50    00000030     RBX430_lcd.obj (.text:lcd_cursor)
                  00009b80    0000002e     RBX430_lcd.obj (.text:lcd_set)
                  00009bae    0000002e     snake_interrupts.obj (.text:port1_init)
                  00009bdc    0000002c     rts430.lib : div16s.obj (.text)
                  00009c08    0000002c                : lsl16.obj (.text)
                  00009c34    0000002a     snake_events.obj (.text:SWITCH_4_event)
                  00009c5e    0000002a     snake_events.obj (.text:draw_foods)
                  00009c88    00000028     snake_events.obj (.text:SWITCH_3_event)
                  00009cb0    00000026     snake_events.obj (.text:SWITCH_2_event)
                  00009cd6    00000026     rts430.lib : boot.obj (.text:_c_int00_noexit)
                  00009cfc    00000026                : mult32.obj (.text)
                  00009d22    00000024     RBX430_lcd.obj (.text:lcd_printf)
                  00009d46    00000024     snake_interrupts.obj (.text:watchdogtimer_init)
                  00009d6a    00000020     RBX430_lcd.obj (.text:ReadData)
                  00009d8a    00000020     RBX430_lcd.obj (.text:lcd_square)
                  00009daa    0000001e     snake_interrupts.obj (.text:NMI_ISR)
                  00009dc8    0000001e     snake_interrupts.obj (.text:Port_2_ISR)
                  00009de6    0000001e     snake_interrupts.obj (.text:TIMERA0_ISR)
                  00009e04    0000001e     snake_interrupts.obj (.text:TIMERA1_ISR)
                  00009e22    0000001e     snake_interrupts.obj (.text:TIMERB0_ISR)
                  00009e40    0000001e     snake_interrupts.obj (.text:TIMERB1_ISR)
                  00009e5e    0000001e     snake_interrupts.obj (.text:USCIAB0RX_ISR)
                  00009e7c    0000001e     snake_interrupts.obj (.text:USCIAB0TX_ISR)
                  00009e9a    0000001e     RBX430_lcd.obj (.text:WriteCmd)
                  00009eb8    0000001e     RBX430_lcd.obj (.text:WriteData)
                  00009ed6    0000001e     RBX430_lcd.obj (.text:lcd_mode)
                  00009ef4    0000001a     snakelib.obj (.text:timerB_init)
                  00009f0e    00000016     snake_interrupts.obj (.text:Port_1_ISR)
                  00009f24    00000016     rts430.lib : div16u.obj (.text)
                  00009f3a    00000014     snakelib.obj (.text:beep)
                  00009f4e    00000014     RBX430_lcd.obj (.text:lcd_backlight)
                  00009f62    00000014     rts430.lib : mult16.obj (.text)
                  00009f76    00000012                : lsr32.obj (.text:l_lsr)
                  00009f88    00000012                : memcpy.obj (.text:memcpy)
                  00009f9a    00000010     snake_events.obj (.text:free_foods)
                  00009faa    00000010     rts430.lib : epilog.obj (.text)
                  00009fba    0000000e     snakelib.obj (.text:imperial_march)
                  00009fc8    0000000e     rts430.lib : strlen.obj (.text:strlen)
                  00009fd6    0000000c     snakelib.obj (.text:rasberry)
                  00009fe2    0000000a     RBX430_lcd.obj (.text:lcd_clear)
                  00009fec    00000008     RBX430-1.obj (.text:ADC10_ISR)
                  00009ff4    00000008     snake_events.obj (.text:NEXT_LEVEL_event)
                  00009ffc    00000008     snakelib.obj (.text:blink)
                  0000a004    00000004     rts430.lib : pre_init.obj (.text:_system_pre_init)
                  0000a008    00000004                : exit.obj (.text:abort)
                  0000a00c    00000002                : _lock.obj (.text:_nop)

.const     0    0000a00e    00001ec8     
                  0000a00e    00000f28     snake_images.obj (.const:king_snake_image)
                  0000af36    00000682     snake_images.obj (.const:snake1_image)
                  0000b5b8    0000049e     snake_images.obj (.const:snake_text_image)
                  0000ba56    000001e0     RBX430_lcd.obj (.const:cs)
                  0000bc36    00000118     snakelib.obj (.const:imperial_march_notes)
                  0000bd4e    000000a2     RBX430_lcd.obj (.const:.string:dv3)
                  0000bdf0    00000056     snake_events.obj (.const:.string)
                  0000be46    00000034     snake_events.obj (.const:Scale)
                  0000be7a    0000002c     RBX430_lcd.obj (.const:dv$3)
                  0000bea6    00000011     RBX430_lcd.obj (.const:.string:lHexChar$1)
                  0000beb7    00000001     --HOLE-- [fill = 0]
                  0000beb8    00000011     RBX430_lcd.obj (.const:.string:uHexChar$2)
                  0000bec9    00000001     --HOLE-- [fill = 0]
                  0000beca    00000006     RBX430_lcd.obj (.const:px_off)
                  0000bed0    00000006     RBX430_lcd.obj (.const:px_on)

.cinit     0    0000bed6    00000022     
                  0000bed6    00000012     snake_events.obj (.cinit)
                  0000bee8    00000008     rts430.lib : rand.obj (.cinit)
                  0000bef0    00000006                : memory.obj (.cinit)
                  0000bef6    00000002     --HOLE-- [fill = 0]

PORT1      0    0000ffe4    00000002     
                  0000ffe4    00000002     snake_interrupts.obj (.int02)

PORT2      0    0000ffe6    00000002     
                  0000ffe6    00000002     snake_interrupts.obj (.int03)

ADC10      0    0000ffea    00000002     
                  0000ffea    00000002     RBX430-1.obj (.int05)

USCIAB0TX 
*          0    0000ffec    00000002     
                  0000ffec    00000002     snake_interrupts.obj (.int06)

USCIAB0RX 
*          0    0000ffee    00000002     
                  0000ffee    00000002     snake_interrupts.obj (.int07)

TIMERA1    0    0000fff0    00000002     
                  0000fff0    00000002     snake_interrupts.obj (.int08)

TIMERA0    0    0000fff2    00000002     
                  0000fff2    00000002     snake_interrupts.obj (.int09)

WDT        0    0000fff4    00000002     
                  0000fff4    00000002     snake_interrupts.obj (.int10)

TIMERB1    0    0000fff8    00000002     
                  0000fff8    00000002     snake_interrupts.obj (.int12)

TIMERB0    0    0000fffa    00000002     
                  0000fffa    00000002     snake_interrupts.obj (.int13)

NMI        0    0000fffc    00000002     
                  0000fffc    00000002     snake_interrupts.obj (.int14)

.reset     0    0000fffe    00000002     
                  0000fffe    00000002     rts430.lib : boot.obj (.reset)


GLOBAL SYMBOLS: SORTED ALPHABETICALLY BY Name 

address    name
--------   ----
00000200   .bss
00000200   .data
00008000   .text
0000004a   ADC10AE0
0000004b   ADC10AE1
000001b0   ADC10CTL0
000001b2   ADC10CTL1
00000048   ADC10DTC0
00000049   ADC10DTC1
000001b4   ADC10MEM
000001bc   ADC10SA
00009fec   ADC10_ISR
00000057   BCSCTL1
00000058   BCSCTL2
00000053   BCSCTL3
0000a008   C$$EXIT
000010fb   CALBC1_12MHZ
000010f9   CALBC1_16MHZ
000010ff   CALBC1_1MHZ
000010fd   CALBC1_8MHZ
000010fa   CALDCO_12MHZ
000010f8   CALDCO_16MHZ
000010fe   CALDCO_1MHZ
000010fc   CALDCO_8MHZ
00000056   DCOCTL
00009364   END_GAME_event
000094e4   ERROR2
00000128   FCTL1
0000012a   FCTL2
0000012c   FCTL3
00000000   IE1
00000001   IE2
00000002   IFG1
00000003   IFG2
00009c08   I_LSL
00009c30   I_LSL_1
00009c1e   I_LSL_10
00009c1c   I_LSL_11
00009c1a   I_LSL_12
00009c18   I_LSL_13
00009c16   I_LSL_14
00009c14   I_LSL_15
00009c2e   I_LSL_2
00009c2c   I_LSL_3
00009c2a   I_LSL_4
00009c28   I_LSL_5
00009c26   I_LSL_6
00009c24   I_LSL_7
00009c22   I_LSL_8
00009c20   I_LSL_9
00009624   I_LSR
0000966a   I_LSR_1
00009646   I_LSR_10
00009642   I_LSR_11
0000963e   I_LSR_12
0000963a   I_LSR_13
00009636   I_LSR_14
00009632   I_LSR_15
00009666   I_LSR_2
00009662   I_LSR_3
0000965e   I_LSR_4
0000965a   I_LSR_5
00009656   I_LSR_6
00009652   I_LSR_7
0000964e   I_LSR_8
0000964a   I_LSR_9
000091b4   LCD_UPDATE_event
00009f76   L_LSR
00008786   MOVE_SNAKE_event
00009792   NEW_GAME_event
00009ff4   NEXT_LEVEL_event
00009daa   NMI_ISR
000000c0   OA0CTL0
000000c1   OA0CTL1
000000c2   OA1CTL0
000000c3   OA1CTL1
00000022   P1DIR
00000025   P1IE
00000024   P1IES
00000023   P1IFG
00000020   P1IN
00000021   P1OUT
00000027   P1REN
00000026   P1SEL
0000002a   P2DIR
0000002d   P2IE
0000002c   P2IES
0000002b   P2IFG
00000028   P2IN
00000029   P2OUT
0000002f   P2REN
0000002e   P2SEL
0000001a   P3DIR
00000018   P3IN
00000019   P3OUT
00000010   P3REN
0000001b   P3SEL
0000001e   P4DIR
0000001c   P4IN
0000001d   P4OUT
00000011   P4REN
0000001f   P4SEL
00009f0e   Port_1_ISR
00009dc8   Port_2_ISR
00008eea   RBX430_init
00008e28   START_LEVEL_event
000097d4   SWITCH_1_event
00009cb0   SWITCH_2_event
00009c88   SWITCH_3_event
00009c34   SWITCH_4_event
0000be46   Scale
00000172   TACCR0
00000174   TACCR1
00000176   TACCR2
00000162   TACCTL0
00000164   TACCTL1
00000166   TACCTL2
00000160   TACTL
0000012e   TAIV
00000170   TAR
00000334   TB0_tone_on
00000192   TBCCR0
00000194   TBCCR1
00000196   TBCCR2
00000182   TBCCTL0
00000184   TBCCTL1
00000186   TBCCTL2
00000180   TBCTL
0000011e   TBIV
00000190   TBR
00009de6   TIMERA0_ISR
00009e04   TIMERA1_ISR
00009e22   TIMERB0_ISR
00009e40   TIMERB1_ISR
0000005d   UCA0ABCTL
00000062   UCA0BR0
00000063   UCA0BR1
00000060   UCA0CTL0
00000061   UCA0CTL1
0000005f   UCA0IRRCTL
0000005e   UCA0IRTCTL
00000064   UCA0MCTL
00000066   UCA0RXBUF
00000065   UCA0STAT
00000067   UCA0TXBUF
0000006a   UCB0BR0
0000006b   UCB0BR1
00000068   UCB0CTL0
00000069   UCB0CTL1
0000006c   UCB0I2CIE
00000118   UCB0I2COA
0000011a   UCB0I2CSA
0000006e   UCB0RXBUF
0000006d   UCB0STAT
0000006f   UCB0TXBUF
00009e5e   USCIAB0RX_ISR
00009e7c   USCIAB0TX_ISR
00000120   WDTCTL
00008fa8   WDT_ISR
00000328   WDT_cps_cnt
0000032c   WDT_debounce_cnt
00000330   WDT_delay
0000032a   WDT_move_cnt
00000600   __STACK_END
00000050   __STACK_SIZE
00000100   __SYSMEM_SIZE
00000001   __TI_args_main
00000001   __TI_auto_init
00000348   __TI_cleanup_ptr
0000034a   __TI_dtors_ptr
00000001   __TI_exit
0000ffe4   __TI_int02
0000ffe6   __TI_int03
0000ffea   __TI_int05
0000ffec   __TI_int06
0000ffee   __TI_int07
0000fff0   __TI_int08
0000fff2   __TI_int09
0000fff4   __TI_int10
0000fff8   __TI_int12
0000fffa   __TI_int13
0000fffc   __TI_int14
ffffffff   __binit__
00000200   __bss__
ffffffff   __c_args__
0000bed6   __cinit__
00000200   __data__
00009bdc   __divi
00009f24   __divu
00000200   __edata__
00000354   __end__
0000a00e   __etext__
00009f62   __mpyi
00009cfc   __mpyl
ffffffff   __pinit__
00009bdc   __remi
00009f24   __remu
00008000   __text__
00009704   _auto_init
00009cd6   _c_int00
00009cd6   _c_int00_noexit
00000344   _lock
0000a00c   _nop
0000fffe   _reset_vector
000005b0   _stack
00000354   _sys_memory
0000a004   _system_pre_init
00000346   _unlock
0000a008   abort
0000032e   backlight_cnt
00009f3a   beep
ffffffff   binit
00009ffc   blink
0000bed6   cinit
0000ba56   cs
00000206   direction
00009b20   doDitty
00008c80   draw_board
00008610   draw_food
00009c5e   draw_foods
00009816   draw_level_banner
0000955a   draw_rocks
0000bd4e   dv3
00000200   edata
00000354   end
0000a00e   etext
0000030e   foods
00000311   foods_eaten_on_current_level
00000312   foods_to_eat_on_current_level
000093e6   free
00009f9a   free_foods
00009fb6   func_epilog_1
00009fb4   func_epilog_2
00009fb2   func_epilog_3
00009fb0   func_epilog_4
00009fae   func_epilog_5
00009fac   func_epilog_6
00009faa   func_epilog_7
00000200   game_mode
0000020b   head
00000350   i2c_fSCL
00009fba   imperial_march
0000bc36   imperial_march_notes
0000a00e   king_snake_image
000095c6   lcd_WD
000096ba   lcd_WD2
00009f4e   lcd_backlight
000088e4   lcd_circle
00009fe2   lcd_clear
00009b50   lcd_cursor
00009248   lcd_diamond
0000848a   lcd_init
00009ed6   lcd_mode
00008000   lcd_point
00009d22   lcd_printf
00008a3e   lcd_putchar
000092dc   lcd_rectangle
00009b80   lcd_set
00009aec   lcd_set_x_y
00009d8a   lcd_square
00009064   lcd_star
00009466   lcd_triangle
00008d54   lcd_wordImage
00000204   level
00000310   level_foods
00008b70   main
0000910c   malloc
00009f88   memcpy
00009a48   minit
00000208   move_cnt
0000031e   num_rocks
0000995c   outTone
ffffffff   pinit
00009bae   port1_init
0000beca   px_off
0000bed0   px_on
00009a80   rand
00009fd6   rasberry
00000314   rocks
00000202   score
0000020e   snake
0000af36   snake1_image
0000b5b8   snake_text_image
00009fc8   strlen
00000352   sys_event
0000020c   tail
0000020a   timer
00009ef4   timerB_init
00009d46   watchdogtimer_init
0000031f   win


GLOBAL SYMBOLS: SORTED BY Symbol Address 

address    name
--------   ----
00000000   IE1
00000001   IE2
00000001   __TI_args_main
00000001   __TI_auto_init
00000001   __TI_exit
00000002   IFG1
00000003   IFG2
00000010   P3REN
00000011   P4REN
00000018   P3IN
00000019   P3OUT
0000001a   P3DIR
0000001b   P3SEL
0000001c   P4IN
0000001d   P4OUT
0000001e   P4DIR
0000001f   P4SEL
00000020   P1IN
00000021   P1OUT
00000022   P1DIR
00000023   P1IFG
00000024   P1IES
00000025   P1IE
00000026   P1SEL
00000027   P1REN
00000028   P2IN
00000029   P2OUT
0000002a   P2DIR
0000002b   P2IFG
0000002c   P2IES
0000002d   P2IE
0000002e   P2SEL
0000002f   P2REN
00000048   ADC10DTC0
00000049   ADC10DTC1
0000004a   ADC10AE0
0000004b   ADC10AE1
00000050   __STACK_SIZE
00000053   BCSCTL3
00000056   DCOCTL
00000057   BCSCTL1
00000058   BCSCTL2
0000005d   UCA0ABCTL
0000005e   UCA0IRTCTL
0000005f   UCA0IRRCTL
00000060   UCA0CTL0
00000061   UCA0CTL1
00000062   UCA0BR0
00000063   UCA0BR1
00000064   UCA0MCTL
00000065   UCA0STAT
00000066   UCA0RXBUF
00000067   UCA0TXBUF
00000068   UCB0CTL0
00000069   UCB0CTL1
0000006a   UCB0BR0
0000006b   UCB0BR1
0000006c   UCB0I2CIE
0000006d   UCB0STAT
0000006e   UCB0RXBUF
0000006f   UCB0TXBUF
000000c0   OA0CTL0
000000c1   OA0CTL1
000000c2   OA1CTL0
000000c3   OA1CTL1
00000100   __SYSMEM_SIZE
00000118   UCB0I2COA
0000011a   UCB0I2CSA
0000011e   TBIV
00000120   WDTCTL
00000128   FCTL1
0000012a   FCTL2
0000012c   FCTL3
0000012e   TAIV
00000160   TACTL
00000162   TACCTL0
00000164   TACCTL1
00000166   TACCTL2
00000170   TAR
00000172   TACCR0
00000174   TACCR1
00000176   TACCR2
00000180   TBCTL
00000182   TBCCTL0
00000184   TBCCTL1
00000186   TBCCTL2
00000190   TBR
00000192   TBCCR0
00000194   TBCCR1
00000196   TBCCR2
000001b0   ADC10CTL0
000001b2   ADC10CTL1
000001b4   ADC10MEM
000001bc   ADC10SA
00000200   .bss
00000200   .data
00000200   __bss__
00000200   __data__
00000200   __edata__
00000200   edata
00000200   game_mode
00000202   score
00000204   level
00000206   direction
00000208   move_cnt
0000020a   timer
0000020b   head
0000020c   tail
0000020e   snake
0000030e   foods
00000310   level_foods
00000311   foods_eaten_on_current_level
00000312   foods_to_eat_on_current_level
00000314   rocks
0000031e   num_rocks
0000031f   win
00000328   WDT_cps_cnt
0000032a   WDT_move_cnt
0000032c   WDT_debounce_cnt
0000032e   backlight_cnt
00000330   WDT_delay
00000334   TB0_tone_on
00000344   _lock
00000346   _unlock
00000348   __TI_cleanup_ptr
0000034a   __TI_dtors_ptr
00000350   i2c_fSCL
00000352   sys_event
00000354   __end__
00000354   _sys_memory
00000354   end
000005b0   _stack
00000600   __STACK_END
000010f8   CALDCO_16MHZ
000010f9   CALBC1_16MHZ
000010fa   CALDCO_12MHZ
000010fb   CALBC1_12MHZ
000010fc   CALDCO_8MHZ
000010fd   CALBC1_8MHZ
000010fe   CALDCO_1MHZ
000010ff   CALBC1_1MHZ
00008000   .text
00008000   __text__
00008000   lcd_point
0000848a   lcd_init
00008610   draw_food
00008786   MOVE_SNAKE_event
000088e4   lcd_circle
00008a3e   lcd_putchar
00008b70   main
00008c80   draw_board
00008d54   lcd_wordImage
00008e28   START_LEVEL_event
00008eea   RBX430_init
00008fa8   WDT_ISR
00009064   lcd_star
0000910c   malloc
000091b4   LCD_UPDATE_event
00009248   lcd_diamond
000092dc   lcd_rectangle
00009364   END_GAME_event
000093e6   free
00009466   lcd_triangle
000094e4   ERROR2
0000955a   draw_rocks
000095c6   lcd_WD
00009624   I_LSR
00009632   I_LSR_15
00009636   I_LSR_14
0000963a   I_LSR_13
0000963e   I_LSR_12
00009642   I_LSR_11
00009646   I_LSR_10
0000964a   I_LSR_9
0000964e   I_LSR_8
00009652   I_LSR_7
00009656   I_LSR_6
0000965a   I_LSR_5
0000965e   I_LSR_4
00009662   I_LSR_3
00009666   I_LSR_2
0000966a   I_LSR_1
000096ba   lcd_WD2
00009704   _auto_init
00009792   NEW_GAME_event
000097d4   SWITCH_1_event
00009816   draw_level_banner
0000995c   outTone
00009a48   minit
00009a80   rand
00009aec   lcd_set_x_y
00009b20   doDitty
00009b50   lcd_cursor
00009b80   lcd_set
00009bae   port1_init
00009bdc   __divi
00009bdc   __remi
00009c08   I_LSL
00009c14   I_LSL_15
00009c16   I_LSL_14
00009c18   I_LSL_13
00009c1a   I_LSL_12
00009c1c   I_LSL_11
00009c1e   I_LSL_10
00009c20   I_LSL_9
00009c22   I_LSL_8
00009c24   I_LSL_7
00009c26   I_LSL_6
00009c28   I_LSL_5
00009c2a   I_LSL_4
00009c2c   I_LSL_3
00009c2e   I_LSL_2
00009c30   I_LSL_1
00009c34   SWITCH_4_event
00009c5e   draw_foods
00009c88   SWITCH_3_event
00009cb0   SWITCH_2_event
00009cd6   _c_int00
00009cd6   _c_int00_noexit
00009cfc   __mpyl
00009d22   lcd_printf
00009d46   watchdogtimer_init
00009d8a   lcd_square
00009daa   NMI_ISR
00009dc8   Port_2_ISR
00009de6   TIMERA0_ISR
00009e04   TIMERA1_ISR
00009e22   TIMERB0_ISR
00009e40   TIMERB1_ISR
00009e5e   USCIAB0RX_ISR
00009e7c   USCIAB0TX_ISR
00009ed6   lcd_mode
00009ef4   timerB_init
00009f0e   Port_1_ISR
00009f24   __divu
00009f24   __remu
00009f3a   beep
00009f4e   lcd_backlight
00009f62   __mpyi
00009f76   L_LSR
00009f88   memcpy
00009f9a   free_foods
00009faa   func_epilog_7
00009fac   func_epilog_6
00009fae   func_epilog_5
00009fb0   func_epilog_4
00009fb2   func_epilog_3
00009fb4   func_epilog_2
00009fb6   func_epilog_1
00009fba   imperial_march
00009fc8   strlen
00009fd6   rasberry
00009fe2   lcd_clear
00009fec   ADC10_ISR
00009ff4   NEXT_LEVEL_event
00009ffc   blink
0000a004   _system_pre_init
0000a008   C$$EXIT
0000a008   abort
0000a00c   _nop
0000a00e   __etext__
0000a00e   etext
0000a00e   king_snake_image
0000af36   snake1_image
0000b5b8   snake_text_image
0000ba56   cs
0000bc36   imperial_march_notes
0000bd4e   dv3
0000be46   Scale
0000beca   px_off
0000bed0   px_on
0000bed6   __cinit__
0000bed6   cinit
0000ffe4   __TI_int02
0000ffe6   __TI_int03
0000ffea   __TI_int05
0000ffec   __TI_int06
0000ffee   __TI_int07
0000fff0   __TI_int08
0000fff2   __TI_int09
0000fff4   __TI_int10
0000fff8   __TI_int12
0000fffa   __TI_int13
0000fffc   __TI_int14
0000fffe   _reset_vector
ffffffff   __binit__
ffffffff   __c_args__
ffffffff   __pinit__
ffffffff   binit
ffffffff   pinit

[290 symbols]
