******************************************************************************
                  MSP430 Linker PC v4.2.1                      
******************************************************************************
>> Linked Mon Apr 13 14:59:08 2015

OUTPUT FILE NAME:   <L09-Snake.out>
ENTRY POINT SYMBOL: "_c_int00"  address: 00009af6


MEMORY CONFIGURATION

         name            origin    length      used     unused   attr    fill
----------------------  --------  ---------  --------  --------  ----  --------
  SFR                   00000000   00000010  00000000  00000010  RWIX
  PERIPHERALS_8BIT      00000010   000000f0  00000000  000000f0  RWIX
  PERIPHERALS_16BIT     00000100   00000100  00000000  00000100  RWIX
  RAM                   00000200   00000400  0000029e  00000162  RWIX
  INFOD                 00001000   00000040  00000000  00000040  RWIX
  INFOC                 00001040   00000040  00000000  00000040  RWIX
  INFOB                 00001080   00000040  00000000  00000040  RWIX
  INFOA                 000010c0   00000040  00000000  00000040  RWIX
  FLASH                 00008000   00007fde  00002c7c  00005362  RWIX
  INT00                 0000ffe0   00000002  00000000  00000002  RWIX
  INT01                 0000ffe2   00000002  00000000  00000002  RWIX
  INT02                 0000ffe4   00000002  00000002  00000000  RWIX
  INT03                 0000ffe6   00000002  00000002  00000000  RWIX
  INT04                 0000ffe8   00000002  00000000  00000002  RWIX
  INT05                 0000ffea   00000002  00000002  00000000  RWIX
  INT06                 0000ffec   00000002  00000002  00000000  RWIX
  INT07                 0000ffee   00000002  00000002  00000000  RWIX
  INT08                 0000fff0   00000002  00000002  00000000  RWIX
  INT09                 0000fff2   00000002  00000002  00000000  RWIX
  INT10                 0000fff4   00000002  00000002  00000000  RWIX
  INT11                 0000fff6   00000002  00000000  00000002  RWIX
  INT12                 0000fff8   00000002  00000002  00000000  RWIX
  INT13                 0000fffa   00000002  00000002  00000000  RWIX
  INT14                 0000fffc   00000002  00000002  00000000  RWIX
  RESET                 0000fffe   00000002  00000002  00000000  RWIX


SECTION ALLOCATION MAP

 output                                  attributes/
section   page    origin      length       input sections
--------  ----  ----------  ----------   ----------------
.pinit     0    00008000    00000000     UNINITIALIZED

.bss       0    00000200    0000014e     UNINITIALIZED
                  00000200    00000122     snake_events.obj (.bss)
                  00000322    0000000e     snake_interrupts.obj (.bss)
                  00000330    00000008     rts430.lib : memory.obj (.bss)
                  00000338    00000006     RBX430_lcd.obj (.bss)
                  0000033e    00000004     rts430.lib : _lock.obj (.bss)
                  00000342    00000004                : boot.obj (.bss)
                  00000346    00000004                : rand.obj (.bss)
                  0000034a    00000002     RBX430-1.obj (.bss)
                  0000034c    00000002     snake.obj (.bss)

.data      0    00000200    00000000     UNINITIALIZED

.sysmem    0    00000350    00000100     UNINITIALIZED
                  00000350    00000004     rts430.lib : memory.obj (.sysmem)
                  00000354    000000fc     --HOLE--

.stack     0    000005b0    00000050     UNINITIALIZED
                  000005b0    00000002     rts430.lib : boot.obj (.stack)
                  000005b2    0000004e     --HOLE--

.text      0    00008000    00001e06     
                  00008000    00000246     RBX430_lcd.obj (.text:lcd_point)
                  00008246    00000244     RBX430_lcd.obj (.text:my_printfi)
                  0000848a    00000186     RBX430_lcd.obj (.text:lcd_init)
                  00008610    0000015a     RBX430_lcd.obj (.text:lcd_circle)
                  0000876a    00000150     snake_events.obj (.text:draw_foods)
                  000088ba    00000132     RBX430_lcd.obj (.text:lcd_putchar)
                  000089ec    00000110     snake.obj (.text:main)
                  00008afc    000000e6     snake_events.obj (.text:MOVE_SNAKE_event)
                  00008be2    000000d4     snake_events.obj (.text:draw_board)
                  00008cb6    000000d4     RBX430_lcd.obj (.text:lcd_wordImage)
                  00008d8a    000000be     RBX430-1.obj (.text:RBX430_init)
                  00008e48    000000bc     snake_interrupts.obj (.text:WDT_ISR)
                  00008f04    000000a8     RBX430_lcd.obj (.text:lcd_star)
                  00008fac    000000a8     rts430.lib : memory.obj (.text:malloc)
                  00009054    00000094     snake_events.obj (.text:LCD_UPDATE_event)
                  000090e8    00000094     RBX430_lcd.obj (.text:lcd_diamond)
                  0000917c    00000088     RBX430_lcd.obj (.text:lcd_rectangle)
                  00009204    00000080     rts430.lib : memory.obj (.text:free)
                  00009284    0000007e     RBX430_lcd.obj (.text:lcd_triangle)
                  00009302    00000076     RBX430-1.obj (.text:ERROR2)
                  00009378    0000006e     snake_events.obj (.text:draw_rocks)
                  000093e6    0000005e     RBX430_lcd.obj (.text:lcd_WD)
                  00009444    0000005c     snake_events.obj (.text:END_GAME_event)
                  000094a0    0000004c     rts430.lib : lsr16.obj (.text)
                  000094ec    0000004a     snake_events.obj (.text:delete_tail)
                  00009536    0000004a     RBX430_lcd.obj (.text:lcd_WD2)
                  00009580    00000048     rts430.lib : autoinit.obj (.text:_auto_init)
                  000095c8    00000046     RBX430_lcd.obj (.text:DelayMs)
                  0000960e    00000042     snake_events.obj (.text:START_LEVEL_event)
                  00009650    00000042     snake_events.obj (.text:SWITCH_1_event)
                  00009692    00000042     snake_events.obj (.text:draw_level_banner)
                  000096d4    00000042     snake_events.obj (.text:move_left)
                  00009716    00000042     snake_events.obj (.text:move_right)
                  00009758    00000040     snake_events.obj (.text:move_down)
                  00009798    00000040     snake_events.obj (.text:move_up)
                  000097d8    0000003e     snake_events.obj (.text:NEW_GAME_event)
                  00009816    0000003a     snake_events.obj (.text:add_head)
                  00009850    0000003a     snake_events.obj (.text:new_snake)
                  0000988a    00000038     RBX430_lcd.obj (.text:ReadDataWord)
                  000098c2    00000038     rts430.lib : memory.obj (.text:minit)
                  000098fa    00000038                : rand.obj (.text:rand)
                  00009932    00000034     RBX430_lcd.obj (.text:WriteDataWord)
                  00009966    00000034     RBX430_lcd.obj (.text:lcd_set_x_y)
                  0000999a    00000030     RBX430_lcd.obj (.text:lcd_cursor)
                  000099ca    0000002e     RBX430_lcd.obj (.text:lcd_set)
                  000099f8    0000002e     snake_interrupts.obj (.text:port1_init)
                  00009a26    0000002c     rts430.lib : div16s.obj (.text)
                  00009a52    0000002c                : lsl16.obj (.text)
                  00009a7e    0000002a     snake_events.obj (.text:SWITCH_4_event)
                  00009aa8    00000028     snake_events.obj (.text:SWITCH_3_event)
                  00009ad0    00000026     snake_events.obj (.text:SWITCH_2_event)
                  00009af6    00000026     rts430.lib : boot.obj (.text:_c_int00_noexit)
                  00009b1c    00000026                : mult32.obj (.text)
                  00009b42    00000024     RBX430_lcd.obj (.text:lcd_printf)
                  00009b66    00000024     snake_interrupts.obj (.text:watchdogtimer_init)
                  00009b8a    00000020     RBX430_lcd.obj (.text:ReadData)
                  00009baa    00000020     RBX430_lcd.obj (.text:lcd_square)
                  00009bca    0000001e     snake_interrupts.obj (.text:NMI_ISR)
                  00009be8    0000001e     snake_interrupts.obj (.text:Port_2_ISR)
                  00009c06    0000001e     snake_interrupts.obj (.text:TIMERA0_ISR)
                  00009c24    0000001e     snake_interrupts.obj (.text:TIMERA1_ISR)
                  00009c42    0000001e     snake_interrupts.obj (.text:TIMERB0_ISR)
                  00009c60    0000001e     snake_interrupts.obj (.text:TIMERB1_ISR)
                  00009c7e    0000001e     snake_interrupts.obj (.text:USCIAB0RX_ISR)
                  00009c9c    0000001e     snake_interrupts.obj (.text:USCIAB0TX_ISR)
                  00009cba    0000001e     RBX430_lcd.obj (.text:WriteCmd)
                  00009cd8    0000001e     RBX430_lcd.obj (.text:WriteData)
                  00009cf6    0000001e     RBX430_lcd.obj (.text:lcd_mode)
                  00009d14    0000001a     snakelib.obj (.text:timerB_init)
                  00009d2e    00000016     snake_events.obj (.text:NEXT_LEVEL_event)
                  00009d44    00000016     snake_interrupts.obj (.text:Port_1_ISR)
                  00009d5a    00000016     rts430.lib : div16u.obj (.text)
                  00009d70    00000014     RBX430_lcd.obj (.text:lcd_backlight)
                  00009d84    00000014     rts430.lib : mult16.obj (.text)
                  00009d98    00000012                : lsr32.obj (.text:l_lsr)
                  00009daa    00000012                : memcpy.obj (.text:memcpy)
                  00009dbc    00000010     snake_events.obj (.text:free_foods)
                  00009dcc    00000010     rts430.lib : epilog.obj (.text)
                  00009ddc    0000000e                : strlen.obj (.text:strlen)
                  00009dea    0000000a     RBX430_lcd.obj (.text:lcd_clear)
                  00009df4    00000008     RBX430-1.obj (.text:ADC10_ISR)
                  00009dfc    00000004     rts430.lib : pre_init.obj (.text:_system_pre_init)
                  00009e00    00000004                : exit.obj (.text:abort)
                  00009e04    00000002                : _lock.obj (.text:_nop)

.const     0    00009e06    00000e54     
                  00009e06    00000682     snake_images.obj (.const:snake1_image)
                  0000a488    0000049e     snake_images.obj (.const:snake_text_image)
                  0000a926    000001e0     RBX430_lcd.obj (.const:cs)
                  0000ab06    000000a2     RBX430_lcd.obj (.const:.string:dv3)
                  0000aba8    00000056     snake_events.obj (.const:.string)
                  0000abfe    0000002c     RBX430_lcd.obj (.const:dv$3)
                  0000ac2a    00000011     RBX430_lcd.obj (.const:.string:lHexChar$1)
                  0000ac3b    00000001     --HOLE-- [fill = 0]
                  0000ac3c    00000011     RBX430_lcd.obj (.const:.string:uHexChar$2)
                  0000ac4d    00000001     --HOLE-- [fill = 0]
                  0000ac4e    00000006     RBX430_lcd.obj (.const:px_off)
                  0000ac54    00000006     RBX430_lcd.obj (.const:px_on)

.cinit     0    0000ac5a    00000022     
                  0000ac5a    00000012     snake_events.obj (.cinit)
                  0000ac6c    00000008     rts430.lib : rand.obj (.cinit)
                  0000ac74    00000006                : memory.obj (.cinit)
                  0000ac7a    00000002     --HOLE-- [fill = 0]

PORT1      0    0000ffe4    00000002     
                  0000ffe4    00000002     snake_interrupts.obj (.int02)

PORT2      0    0000ffe6    00000002     
                  0000ffe6    00000002     snake_interrupts.obj (.int03)

ADC10      0    0000ffea    00000002     
                  0000ffea    00000002     RBX430-1.obj (.int05)

USCIAB0TX 
*          0    0000ffec    00000002     
                  0000ffec    00000002     snake_interrupts.obj (.int06)

USCIAB0RX 
*          0    0000ffee    00000002     
                  0000ffee    00000002     snake_interrupts.obj (.int07)

TIMERA1    0    0000fff0    00000002     
                  0000fff0    00000002     snake_interrupts.obj (.int08)

TIMERA0    0    0000fff2    00000002     
                  0000fff2    00000002     snake_interrupts.obj (.int09)

WDT        0    0000fff4    00000002     
                  0000fff4    00000002     snake_interrupts.obj (.int10)

TIMERB1    0    0000fff8    00000002     
                  0000fff8    00000002     snake_interrupts.obj (.int12)

TIMERB0    0    0000fffa    00000002     
                  0000fffa    00000002     snake_interrupts.obj (.int13)

NMI        0    0000fffc    00000002     
                  0000fffc    00000002     snake_interrupts.obj (.int14)

.reset     0    0000fffe    00000002     
                  0000fffe    00000002     rts430.lib : boot.obj (.reset)


GLOBAL SYMBOLS: SORTED ALPHABETICALLY BY Name 

address    name
--------   ----
00000200   .bss
00000200   .data
00008000   .text
0000004a   ADC10AE0
0000004b   ADC10AE1
000001b0   ADC10CTL0
000001b2   ADC10CTL1
00000048   ADC10DTC0
00000049   ADC10DTC1
000001b4   ADC10MEM
000001bc   ADC10SA
00009df4   ADC10_ISR
00000057   BCSCTL1
00000058   BCSCTL2
00000053   BCSCTL3
00009e00   C$$EXIT
000010fb   CALBC1_12MHZ
000010f9   CALBC1_16MHZ
000010ff   CALBC1_1MHZ
000010fd   CALBC1_8MHZ
000010fa   CALDCO_12MHZ
000010f8   CALDCO_16MHZ
000010fe   CALDCO_1MHZ
000010fc   CALDCO_8MHZ
00000056   DCOCTL
00009444   END_GAME_event
00009302   ERROR2
00000128   FCTL1
0000012a   FCTL2
0000012c   FCTL3
00000000   IE1
00000001   IE2
00000002   IFG1
00000003   IFG2
00009a52   I_LSL
00009a7a   I_LSL_1
00009a68   I_LSL_10
00009a66   I_LSL_11
00009a64   I_LSL_12
00009a62   I_LSL_13
00009a60   I_LSL_14
00009a5e   I_LSL_15
00009a78   I_LSL_2
00009a76   I_LSL_3
00009a74   I_LSL_4
00009a72   I_LSL_5
00009a70   I_LSL_6
00009a6e   I_LSL_7
00009a6c   I_LSL_8
00009a6a   I_LSL_9
000094a0   I_LSR
000094e6   I_LSR_1
000094c2   I_LSR_10
000094be   I_LSR_11
000094ba   I_LSR_12
000094b6   I_LSR_13
000094b2   I_LSR_14
000094ae   I_LSR_15
000094e2   I_LSR_2
000094de   I_LSR_3
000094da   I_LSR_4
000094d6   I_LSR_5
000094d2   I_LSR_6
000094ce   I_LSR_7
000094ca   I_LSR_8
000094c6   I_LSR_9
00009054   LCD_UPDATE_event
00009d98   L_LSR
00008afc   MOVE_SNAKE_event
000097d8   NEW_GAME_event
00009d2e   NEXT_LEVEL_event
00009bca   NMI_ISR
000000c0   OA0CTL0
000000c1   OA0CTL1
000000c2   OA1CTL0
000000c3   OA1CTL1
00000022   P1DIR
00000025   P1IE
00000024   P1IES
00000023   P1IFG
00000020   P1IN
00000021   P1OUT
00000027   P1REN
00000026   P1SEL
0000002a   P2DIR
0000002d   P2IE
0000002c   P2IES
0000002b   P2IFG
00000028   P2IN
00000029   P2OUT
0000002f   P2REN
0000002e   P2SEL
0000001a   P3DIR
00000018   P3IN
00000019   P3OUT
00000010   P3REN
0000001b   P3SEL
0000001e   P4DIR
0000001c   P4IN
0000001d   P4OUT
00000011   P4REN
0000001f   P4SEL
00009d44   Port_1_ISR
00009be8   Port_2_ISR
00008d8a   RBX430_init
0000960e   START_LEVEL_event
00009650   SWITCH_1_event
00009ad0   SWITCH_2_event
00009aa8   SWITCH_3_event
00009a7e   SWITCH_4_event
00000172   TACCR0
00000174   TACCR1
00000176   TACCR2
00000162   TACCTL0
00000164   TACCTL1
00000166   TACCTL2
00000160   TACTL
0000012e   TAIV
00000170   TAR
0000032e   TB0_tone_on
00000192   TBCCR0
00000194   TBCCR1
00000196   TBCCR2
00000182   TBCCTL0
00000184   TBCCTL1
00000186   TBCCTL2
00000180   TBCTL
0000011e   TBIV
00000190   TBR
00009c06   TIMERA0_ISR
00009c24   TIMERA1_ISR
00009c42   TIMERB0_ISR
00009c60   TIMERB1_ISR
0000005d   UCA0ABCTL
00000062   UCA0BR0
00000063   UCA0BR1
00000060   UCA0CTL0
00000061   UCA0CTL1
0000005f   UCA0IRRCTL
0000005e   UCA0IRTCTL
00000064   UCA0MCTL
00000066   UCA0RXBUF
00000065   UCA0STAT
00000067   UCA0TXBUF
0000006a   UCB0BR0
0000006b   UCB0BR1
00000068   UCB0CTL0
00000069   UCB0CTL1
0000006c   UCB0I2CIE
00000118   UCB0I2COA
0000011a   UCB0I2CSA
0000006e   UCB0RXBUF
0000006d   UCB0STAT
0000006f   UCB0TXBUF
00009c7e   USCIAB0RX_ISR
00009c9c   USCIAB0TX_ISR
00000120   WDTCTL
00008e48   WDT_ISR
00000322   WDT_cps_cnt
00000326   WDT_debounce_cnt
0000032a   WDT_delay
00000324   WDT_move_cnt
00000600   __STACK_END
00000050   __STACK_SIZE
00000100   __SYSMEM_SIZE
00000001   __TI_args_main
00000001   __TI_auto_init
00000342   __TI_cleanup_ptr
00000344   __TI_dtors_ptr
00000001   __TI_exit
0000ffe4   __TI_int02
0000ffe6   __TI_int03
0000ffea   __TI_int05
0000ffec   __TI_int06
0000ffee   __TI_int07
0000fff0   __TI_int08
0000fff2   __TI_int09
0000fff4   __TI_int10
0000fff8   __TI_int12
0000fffa   __TI_int13
0000fffc   __TI_int14
ffffffff   __binit__
00000200   __bss__
ffffffff   __c_args__
0000ac5a   __cinit__
00000200   __data__
00009a26   __divi
00009d5a   __divu
00000200   __edata__
0000034e   __end__
00009e06   __etext__
00009d84   __mpyi
00009b1c   __mpyl
ffffffff   __pinit__
00009a26   __remi
00009d5a   __remu
00008000   __text__
00009580   _auto_init
00009af6   _c_int00
00009af6   _c_int00_noexit
0000033e   _lock
00009e04   _nop
0000fffe   _reset_vector
000005b0   _stack
00000350   _sys_memory
00009dfc   _system_pre_init
00000340   _unlock
00009e00   abort
00000328   backlight_cnt
ffffffff   binit
0000ac5a   cinit
0000a926   cs
00000206   direction
00008be2   draw_board
0000876a   draw_foods
00009692   draw_level_banner
00009378   draw_rocks
0000ab06   dv3
00000200   edata
0000034e   end
00009e06   etext
0000030e   foods
00000311   foods_eaten_on_current_level
00000312   foods_to_eat_on_current_level
00009204   free
00009dbc   free_foods
00009dd8   func_epilog_1
00009dd6   func_epilog_2
00009dd4   func_epilog_3
00009dd2   func_epilog_4
00009dd0   func_epilog_5
00009dce   func_epilog_6
00009dcc   func_epilog_7
00000200   game_mode
0000020b   head
0000034a   i2c_fSCL
000093e6   lcd_WD
00009536   lcd_WD2
00009d70   lcd_backlight
00008610   lcd_circle
00009dea   lcd_clear
0000999a   lcd_cursor
000090e8   lcd_diamond
0000848a   lcd_init
00009cf6   lcd_mode
00008000   lcd_point
00009b42   lcd_printf
000088ba   lcd_putchar
0000917c   lcd_rectangle
000099ca   lcd_set
00009966   lcd_set_x_y
00009baa   lcd_square
00008f04   lcd_star
00009284   lcd_triangle
00008cb6   lcd_wordImage
00000204   level
00000310   level_foods
000089ec   main
00008fac   malloc
00009daa   memcpy
000098c2   minit
00000208   move_cnt
ffffffff   pinit
000099f8   port1_init
0000ac4e   px_off
0000ac54   px_on
000098fa   rand
00000314   rocks
00000202   score
0000020e   snake
00009e06   snake1_image
0000a488   snake_text_image
00009ddc   strlen
0000034c   sys_event
0000020c   tail
0000020a   timer
00009d14   timerB_init
00009b66   watchdogtimer_init


GLOBAL SYMBOLS: SORTED BY Symbol Address 

address    name
--------   ----
00000000   IE1
00000001   IE2
00000001   __TI_args_main
00000001   __TI_auto_init
00000001   __TI_exit
00000002   IFG1
00000003   IFG2
00000010   P3REN
00000011   P4REN
00000018   P3IN
00000019   P3OUT
0000001a   P3DIR
0000001b   P3SEL
0000001c   P4IN
0000001d   P4OUT
0000001e   P4DIR
0000001f   P4SEL
00000020   P1IN
00000021   P1OUT
00000022   P1DIR
00000023   P1IFG
00000024   P1IES
00000025   P1IE
00000026   P1SEL
00000027   P1REN
00000028   P2IN
00000029   P2OUT
0000002a   P2DIR
0000002b   P2IFG
0000002c   P2IES
0000002d   P2IE
0000002e   P2SEL
0000002f   P2REN
00000048   ADC10DTC0
00000049   ADC10DTC1
0000004a   ADC10AE0
0000004b   ADC10AE1
00000050   __STACK_SIZE
00000053   BCSCTL3
00000056   DCOCTL
00000057   BCSCTL1
00000058   BCSCTL2
0000005d   UCA0ABCTL
0000005e   UCA0IRTCTL
0000005f   UCA0IRRCTL
00000060   UCA0CTL0
00000061   UCA0CTL1
00000062   UCA0BR0
00000063   UCA0BR1
00000064   UCA0MCTL
00000065   UCA0STAT
00000066   UCA0RXBUF
00000067   UCA0TXBUF
00000068   UCB0CTL0
00000069   UCB0CTL1
0000006a   UCB0BR0
0000006b   UCB0BR1
0000006c   UCB0I2CIE
0000006d   UCB0STAT
0000006e   UCB0RXBUF
0000006f   UCB0TXBUF
000000c0   OA0CTL0
000000c1   OA0CTL1
000000c2   OA1CTL0
000000c3   OA1CTL1
00000100   __SYSMEM_SIZE
00000118   UCB0I2COA
0000011a   UCB0I2CSA
0000011e   TBIV
00000120   WDTCTL
00000128   FCTL1
0000012a   FCTL2
0000012c   FCTL3
0000012e   TAIV
00000160   TACTL
00000162   TACCTL0
00000164   TACCTL1
00000166   TACCTL2
00000170   TAR
00000172   TACCR0
00000174   TACCR1
00000176   TACCR2
00000180   TBCTL
00000182   TBCCTL0
00000184   TBCCTL1
00000186   TBCCTL2
00000190   TBR
00000192   TBCCR0
00000194   TBCCR1
00000196   TBCCR2
000001b0   ADC10CTL0
000001b2   ADC10CTL1
000001b4   ADC10MEM
000001bc   ADC10SA
00000200   .bss
00000200   .data
00000200   __bss__
00000200   __data__
00000200   __edata__
00000200   edata
00000200   game_mode
00000202   score
00000204   level
00000206   direction
00000208   move_cnt
0000020a   timer
0000020b   head
0000020c   tail
0000020e   snake
0000030e   foods
00000310   level_foods
00000311   foods_eaten_on_current_level
00000312   foods_to_eat_on_current_level
00000314   rocks
00000322   WDT_cps_cnt
00000324   WDT_move_cnt
00000326   WDT_debounce_cnt
00000328   backlight_cnt
0000032a   WDT_delay
0000032e   TB0_tone_on
0000033e   _lock
00000340   _unlock
00000342   __TI_cleanup_ptr
00000344   __TI_dtors_ptr
0000034a   i2c_fSCL
0000034c   sys_event
0000034e   __end__
0000034e   end
00000350   _sys_memory
000005b0   _stack
00000600   __STACK_END
000010f8   CALDCO_16MHZ
000010f9   CALBC1_16MHZ
000010fa   CALDCO_12MHZ
000010fb   CALBC1_12MHZ
000010fc   CALDCO_8MHZ
000010fd   CALBC1_8MHZ
000010fe   CALDCO_1MHZ
000010ff   CALBC1_1MHZ
00008000   .text
00008000   __text__
00008000   lcd_point
0000848a   lcd_init
00008610   lcd_circle
0000876a   draw_foods
000088ba   lcd_putchar
000089ec   main
00008afc   MOVE_SNAKE_event
00008be2   draw_board
00008cb6   lcd_wordImage
00008d8a   RBX430_init
00008e48   WDT_ISR
00008f04   lcd_star
00008fac   malloc
00009054   LCD_UPDATE_event
000090e8   lcd_diamond
0000917c   lcd_rectangle
00009204   free
00009284   lcd_triangle
00009302   ERROR2
00009378   draw_rocks
000093e6   lcd_WD
00009444   END_GAME_event
000094a0   I_LSR
000094ae   I_LSR_15
000094b2   I_LSR_14
000094b6   I_LSR_13
000094ba   I_LSR_12
000094be   I_LSR_11
000094c2   I_LSR_10
000094c6   I_LSR_9
000094ca   I_LSR_8
000094ce   I_LSR_7
000094d2   I_LSR_6
000094d6   I_LSR_5
000094da   I_LSR_4
000094de   I_LSR_3
000094e2   I_LSR_2
000094e6   I_LSR_1
00009536   lcd_WD2
00009580   _auto_init
0000960e   START_LEVEL_event
00009650   SWITCH_1_event
00009692   draw_level_banner
000097d8   NEW_GAME_event
000098c2   minit
000098fa   rand
00009966   lcd_set_x_y
0000999a   lcd_cursor
000099ca   lcd_set
000099f8   port1_init
00009a26   __divi
00009a26   __remi
00009a52   I_LSL
00009a5e   I_LSL_15
00009a60   I_LSL_14
00009a62   I_LSL_13
00009a64   I_LSL_12
00009a66   I_LSL_11
00009a68   I_LSL_10
00009a6a   I_LSL_9
00009a6c   I_LSL_8
00009a6e   I_LSL_7
00009a70   I_LSL_6
00009a72   I_LSL_5
00009a74   I_LSL_4
00009a76   I_LSL_3
00009a78   I_LSL_2
00009a7a   I_LSL_1
00009a7e   SWITCH_4_event
00009aa8   SWITCH_3_event
00009ad0   SWITCH_2_event
00009af6   _c_int00
00009af6   _c_int00_noexit
00009b1c   __mpyl
00009b42   lcd_printf
00009b66   watchdogtimer_init
00009baa   lcd_square
00009bca   NMI_ISR
00009be8   Port_2_ISR
00009c06   TIMERA0_ISR
00009c24   TIMERA1_ISR
00009c42   TIMERB0_ISR
00009c60   TIMERB1_ISR
00009c7e   USCIAB0RX_ISR
00009c9c   USCIAB0TX_ISR
00009cf6   lcd_mode
00009d14   timerB_init
00009d2e   NEXT_LEVEL_event
00009d44   Port_1_ISR
00009d5a   __divu
00009d5a   __remu
00009d70   lcd_backlight
00009d84   __mpyi
00009d98   L_LSR
00009daa   memcpy
00009dbc   free_foods
00009dcc   func_epilog_7
00009dce   func_epilog_6
00009dd0   func_epilog_5
00009dd2   func_epilog_4
00009dd4   func_epilog_3
00009dd6   func_epilog_2
00009dd8   func_epilog_1
00009ddc   strlen
00009dea   lcd_clear
00009df4   ADC10_ISR
00009dfc   _system_pre_init
00009e00   C$$EXIT
00009e00   abort
00009e04   _nop
00009e06   __etext__
00009e06   etext
00009e06   snake1_image
0000a488   snake_text_image
0000a926   cs
0000ab06   dv3
0000ac4e   px_off
0000ac54   px_on
0000ac5a   __cinit__
0000ac5a   cinit
0000ffe4   __TI_int02
0000ffe6   __TI_int03
0000ffea   __TI_int05
0000ffec   __TI_int06
0000ffee   __TI_int07
0000fff0   __TI_int08
0000fff2   __TI_int09
0000fff4   __TI_int10
0000fff8   __TI_int12
0000fffa   __TI_int13
0000fffc   __TI_int14
0000fffe   _reset_vector
ffffffff   __binit__
ffffffff   __c_args__
ffffffff   __pinit__
ffffffff   binit
ffffffff   pinit

[278 symbols]
