******************************************************************************
                  MSP430 Linker PC v4.2.1                      
******************************************************************************
>> Linked Fri Mar 20 13:49:57 2015

OUTPUT FILE NAME:   <L07-Morse2.out>
ENTRY POINT SYMBOL: "_c_int00"  address: 00008da8


MEMORY CONFIGURATION

         name            origin    length      used     unused   attr    fill
----------------------  --------  ---------  --------  --------  ----  --------
  SFR                   00000000   00000010  00000000  00000010  RWIX
  PERIPHERALS_8BIT      00000010   000000f0  00000000  000000f0  RWIX
  PERIPHERALS_16BIT     00000100   00000100  00000000  00000100  RWIX
  RAM                   00000200   00000400  00000068  00000398  RWIX
  INFOD                 00001000   00000040  00000000  00000040  RWIX
  INFOC                 00001040   00000040  00000000  00000040  RWIX
  INFOB                 00001080   00000040  00000000  00000040  RWIX
  INFOA                 000010c0   00000040  00000000  00000040  RWIX
  FLASH                 00008000   00007fde  00001274  00006d6a  RWIX
  INT00                 0000ffe0   00000002  00000000  00000002  RWIX
  INT01                 0000ffe2   00000002  00000000  00000002  RWIX
  INT02                 0000ffe4   00000002  00000002  00000000  RWIX
  INT03                 0000ffe6   00000002  00000002  00000000  RWIX
  INT04                 0000ffe8   00000002  00000000  00000002  RWIX
  INT05                 0000ffea   00000002  00000002  00000000  RWIX
  INT06                 0000ffec   00000002  00000002  00000000  RWIX
  INT07                 0000ffee   00000002  00000002  00000000  RWIX
  INT08                 0000fff0   00000002  00000002  00000000  RWIX
  INT09                 0000fff2   00000002  00000002  00000000  RWIX
  INT10                 0000fff4   00000002  00000002  00000000  RWIX
  INT11                 0000fff6   00000002  00000000  00000002  RWIX
  INT12                 0000fff8   00000002  00000002  00000000  RWIX
  INT13                 0000fffa   00000002  00000002  00000000  RWIX
  INT14                 0000fffc   00000002  00000002  00000000  RWIX
  RESET                 0000fffe   00000002  00000002  00000000  RWIX


SECTION ALLOCATION MAP

 output                                  attributes/
section   page    origin      length       input sections
--------  ----  ----------  ----------   ----------------
.cinit     0    00008000    00000000     UNINITIALIZED

.pinit     0    00008000    00000000     UNINITIALIZED

.bss       0    00000200    00000018     UNINITIALIZED
                  00000200    0000000a     morse.obj (.bss)
                  0000020a    00000006     RBX430_lcd.obj (.bss)
                  00000210    00000004     rts430.lib : _lock.obj (.bss)
                  00000214    00000004                : boot.obj (.bss)

.data      0    00000200    00000000     UNINITIALIZED

.stack     0    000005b0    00000050     UNINITIALIZED
                  000005b0    00000002     rts430.lib : boot.obj (.stack)
                  000005b2    0000004e     --HOLE--

.text      0    00008000    00000e58     
                  00008000    00000246     RBX430_lcd.obj (.text:lcd_point)
                  00008246    00000244     RBX430_lcd.obj (.text:my_printfi)
                  0000848a    00000186     RBX430_lcd.obj (.text:lcd_init)
                  00008610    00000142     morse_codes.obj (.text)
                  00008752    00000132     RBX430_lcd.obj (.text:lcd_putchar)
                  00008884    00000112     morse2.obj (.text:main)
                  00008996    000000da     morse.obj (.text)
                  00008a70    00000080     morse2.obj (.text:init_display)
                  00008af0    0000005e     RBX430_lcd.obj (.text:lcd_WD)
                  00008b4e    0000004c     rts430.lib : lsr16.obj (.text)
                  00008b9a    0000004a     RBX430_lcd.obj (.text:lcd_WD2)
                  00008be4    00000046     RBX430_lcd.obj (.text:DelayMs)
                  00008c2a    00000038     RBX430_lcd.obj (.text:ReadDataWord)
                  00008c62    00000034     RBX430_lcd.obj (.text:WriteDataWord)
                  00008c96    00000034     RBX430_lcd.obj (.text:lcd_set_x_y)
                  00008cca    00000030     RBX430_lcd.obj (.text:lcd_cursor)
                  00008cfa    0000002e     RBX430_lcd.obj (.text:lcd_set)
                  00008d28    00000024     RBX430_lcd.obj (.text:lcd_printf)
                  00008d4c    00000020     RBX430_lcd.obj (.text:ReadData)
                  00008d6c    0000001e     RBX430_lcd.obj (.text:WriteCmd)
                  00008d8a    0000001e     RBX430_lcd.obj (.text:WriteData)
                  00008da8    0000001e     rts430.lib : boot.obj (.text:_c_int00_noinit_noexit)
                  00008dc6    00000014     RBX430_lcd.obj (.text:lcd_backlight)
                  00008dda    00000014     rts430.lib : mult16.obj (.text)
                  00008dee    00000012                : lsr32.obj (.text:l_lsr)
                  00008e00    00000010                : epilog.obj (.text)
                  00008e10    0000000e     morse2.obj (.text:Port_1_ISR)
                  00008e1e    0000000e     rts430.lib : strlen.obj (.text:strlen)
                  00008e2c    0000000a                : isalpha.obj (.text:isalpha)
                  00008e36    0000000a     RBX430_lcd.obj (.text:lcd_clear)
                  00008e40    00000008     rts430.lib : isdigit.obj (.text:isdigit)
                  00008e48    00000006                : isr_trap.obj (.text:__TI_ISR_TRAP)
                  00008e4e    00000004                : pre_init.obj (.text:_system_pre_init)
                  00008e52    00000004                : exit.obj (.text:abort)
                  00008e56    00000002                : _lock.obj (.text:_nop)

.const     0    00008e58    0000041c     
                  00008e58    000001e0     RBX430_lcd.obj (.const:cs)
                  00009038    00000102     rts430.lib : ctype.obj (.const:.string:_ctypes_)
                  0000913a    000000a2     RBX430_lcd.obj (.const:.string:dv3)
                  000091dc    00000036     morse2.obj (.const:.string)
                  00009212    0000002c     RBX430_lcd.obj (.const:dv$3)
                  0000923e    00000011     RBX430_lcd.obj (.const:.string:lHexChar$1)
                  0000924f    00000001     --HOLE-- [fill = 0]
                  00009250    00000011     RBX430_lcd.obj (.const:.string:uHexChar$2)
                  00009261    00000001     --HOLE-- [fill = 0]
                  00009262    00000006     RBX430_lcd.obj (.const:px_off)
                  00009268    00000006     RBX430_lcd.obj (.const:px_on)
                  0000926e    00000004     morse2.obj (.const:.string:$P$T0$1)
                  00009272    00000002     morse2.obj (.const:.string:$P$T1$2)

PORT1      0    0000ffe4    00000002     
                  0000ffe4    00000002     morse2.obj (.int02)

PORT2      0    0000ffe6    00000002     
                  0000ffe6    00000002     rts430.lib : int03.obj (.int03)

ADC10      0    0000ffea    00000002     
                  0000ffea    00000002     rts430.lib : int05.obj (.int05)

USCIAB0TX 
*          0    0000ffec    00000002     
                  0000ffec    00000002     rts430.lib : int06.obj (.int06)

USCIAB0RX 
*          0    0000ffee    00000002     
                  0000ffee    00000002     rts430.lib : int07.obj (.int07)

TIMERA1    0    0000fff0    00000002     
                  0000fff0    00000002     rts430.lib : int08.obj (.int08)

TIMERA0    0    0000fff2    00000002     
                  0000fff2    00000002     rts430.lib : int09.obj (.int09)

WDT        0    0000fff4    00000002     
                  0000fff4    00000002     morse.obj (.int10)

TIMERB1    0    0000fff8    00000002     
                  0000fff8    00000002     rts430.lib : int12.obj (.int12)

TIMERB0    0    0000fffa    00000002     
                  0000fffa    00000002     rts430.lib : int13.obj (.int13)

NMI        0    0000fffc    00000002     
                  0000fffc    00000002     rts430.lib : int14.obj (.int14)

.reset     0    0000fffe    00000002     
                  0000fffe    00000002     rts430.lib : boot.obj (.reset)


GLOBAL SYMBOLS: SORTED ALPHABETICALLY BY Name 

address    name
--------   ----
00000200   .bss
00000200   .data
00008000   .text
0000004a   ADC10AE0
0000004b   ADC10AE1
000001b0   ADC10CTL0
000001b2   ADC10CTL1
00000048   ADC10DTC0
00000049   ADC10DTC1
000001b4   ADC10MEM
000001bc   ADC10SA
00000057   BCSCTL1
00000058   BCSCTL2
00000053   BCSCTL3
00008e52   C$$EXIT
000010fb   CALBC1_12MHZ
000010f9   CALBC1_16MHZ
000010ff   CALBC1_1MHZ
000010fd   CALBC1_8MHZ
000010fa   CALDCO_12MHZ
000010f8   CALDCO_16MHZ
000010fe   CALDCO_1MHZ
000010fc   CALDCO_8MHZ
00000056   DCOCTL
00008724   DIVU
00000128   FCTL1
0000012a   FCTL2
0000012c   FCTL3
00000000   IE1
00000001   IE2
00000002   IFG1
00000003   IFG2
00008b4e   I_LSR
00008b94   I_LSR_1
00008b70   I_LSR_10
00008b6c   I_LSR_11
00008b68   I_LSR_12
00008b64   I_LSR_13
00008b60   I_LSR_14
00008b5c   I_LSR_15
00008b90   I_LSR_2
00008b8c   I_LSR_3
00008b88   I_LSR_4
00008b84   I_LSR_5
00008b80   I_LSR_6
00008b7c   I_LSR_7
00008b78   I_LSR_8
00008b74   I_LSR_9
00008dee   L_LSR
00008704   MACU
00008700   MPYU
000000c0   OA0CTL0
000000c1   OA0CTL1
000000c2   OA1CTL0
000000c3   OA1CTL1
00000022   P1DIR
00000025   P1IE
00000024   P1IES
00000023   P1IFG
00000020   P1IN
00000021   P1OUT
00000027   P1REN
00000026   P1SEL
0000002a   P2DIR
0000002d   P2IE
0000002c   P2IES
0000002b   P2IFG
00000028   P2IN
00000029   P2OUT
0000002f   P2REN
0000002e   P2SEL
0000001a   P3DIR
00000018   P3IN
00000019   P3OUT
00000010   P3REN
0000001b   P3SEL
0000001e   P4DIR
0000001c   P4IN
0000001d   P4OUT
00000011   P4REN
0000001f   P4SEL
00008e10   Port_1_ISR
00000172   TACCR0
00000174   TACCR1
00000176   TACCR2
00000162   TACCTL0
00000164   TACCTL1
00000166   TACCTL2
00000160   TACTL
0000012e   TAIV
00000170   TAR
00000192   TBCCR0
00000194   TBCCR1
00000196   TBCCR2
00000182   TBCCTL0
00000184   TBCCTL1
00000186   TBCCTL2
00000180   TBCTL
0000011e   TBIV
00000190   TBR
0000005d   UCA0ABCTL
00000062   UCA0BR0
00000063   UCA0BR1
00000060   UCA0CTL0
00000061   UCA0CTL1
0000005f   UCA0IRRCTL
0000005e   UCA0IRTCTL
00000064   UCA0MCTL
00000066   UCA0RXBUF
00000065   UCA0STAT
00000067   UCA0TXBUF
0000006a   UCB0BR0
0000006b   UCB0BR1
00000068   UCB0CTL0
00000069   UCB0CTL1
0000006c   UCB0I2CIE
00000118   UCB0I2COA
0000011a   UCB0I2CSA
0000006e   UCB0RXBUF
0000006d   UCB0STAT
0000006f   UCB0TXBUF
00000120   WDTCTL
00000600   __STACK_END
00000050   __STACK_SIZE
00008e48   __TI_ISR_TRAP
00000001   __TI_args_main
00000001   __TI_auto_init
00000214   __TI_cleanup_ptr
00000216   __TI_dtors_ptr
00000001   __TI_exit
0000ffe4   __TI_int02
0000ffe6   __TI_int03
0000ffea   __TI_int05
0000ffec   __TI_int06
0000ffee   __TI_int07
0000fff0   __TI_int08
0000fff2   __TI_int09
0000fff4   __TI_int10
0000fff8   __TI_int12
0000fffa   __TI_int13
0000fffc   __TI_int14
ffffffff   __binit__
00000200   __bss__
ffffffff   __c_args__
ffffffff   __cinit__
00000200   __data__
00000200   __edata__
00000218   __end__
00008e58   __etext__
00008dda   __mpyi
ffffffff   __pinit__
00008000   __text__
00008da8   _c_int00
00008da8   _c_int00_noinit_noexit
00009038   _ctypes_
00000210   _lock
00008e56   _nop
0000fffe   _reset_vector
000005b0   _stack
00008e4e   _system_pre_init
00000212   _unlock
00008e52   abort
000089e6   beep
00000200   beep_cnt
00000206   beep_enable
ffffffff   binit
ffffffff   cinit
00008e58   cs
00000208   debounce_cnt
000089f6   delay
00000202   delay_cnt
000089d0   doDash
000089ba   doDot
0000913a   dv3
00000200   edata
00000218   end
00008e58   etext
00008e0c   func_epilog_1
00008e0a   func_epilog_2
00008e08   func_epilog_3
00008e06   func_epilog_4
00008e04   func_epilog_5
00008e02   func_epilog_6
00008e00   func_epilog_7
00008a70   init_display
00008e2c   isalpha
00008e40   isdigit
00008af0   lcd_WD
00008b9a   lcd_WD2
00008dc6   lcd_backlight
00008e36   lcd_clear
00008cca   lcd_cursor
0000848a   lcd_init
00008000   lcd_point
00008d28   lcd_printf
00008752   lcd_putchar
00008cfa   lcd_set
00008c96   lcd_set_x_y
00008998   letter
00008624   letters
00008884   main
00008610   numbers
ffffffff   pinit
00009262   px_off
00009268   px_on
00000204   second_cnt
00008e1e   strlen


GLOBAL SYMBOLS: SORTED BY Symbol Address 

address    name
--------   ----
00000000   IE1
00000001   IE2
00000001   __TI_args_main
00000001   __TI_auto_init
00000001   __TI_exit
00000002   IFG1
00000003   IFG2
00000010   P3REN
00000011   P4REN
00000018   P3IN
00000019   P3OUT
0000001a   P3DIR
0000001b   P3SEL
0000001c   P4IN
0000001d   P4OUT
0000001e   P4DIR
0000001f   P4SEL
00000020   P1IN
00000021   P1OUT
00000022   P1DIR
00000023   P1IFG
00000024   P1IES
00000025   P1IE
00000026   P1SEL
00000027   P1REN
00000028   P2IN
00000029   P2OUT
0000002a   P2DIR
0000002b   P2IFG
0000002c   P2IES
0000002d   P2IE
0000002e   P2SEL
0000002f   P2REN
00000048   ADC10DTC0
00000049   ADC10DTC1
0000004a   ADC10AE0
0000004b   ADC10AE1
00000050   __STACK_SIZE
00000053   BCSCTL3
00000056   DCOCTL
00000057   BCSCTL1
00000058   BCSCTL2
0000005d   UCA0ABCTL
0000005e   UCA0IRTCTL
0000005f   UCA0IRRCTL
00000060   UCA0CTL0
00000061   UCA0CTL1
00000062   UCA0BR0
00000063   UCA0BR1
00000064   UCA0MCTL
00000065   UCA0STAT
00000066   UCA0RXBUF
00000067   UCA0TXBUF
00000068   UCB0CTL0
00000069   UCB0CTL1
0000006a   UCB0BR0
0000006b   UCB0BR1
0000006c   UCB0I2CIE
0000006d   UCB0STAT
0000006e   UCB0RXBUF
0000006f   UCB0TXBUF
000000c0   OA0CTL0
000000c1   OA0CTL1
000000c2   OA1CTL0
000000c3   OA1CTL1
00000118   UCB0I2COA
0000011a   UCB0I2CSA
0000011e   TBIV
00000120   WDTCTL
00000128   FCTL1
0000012a   FCTL2
0000012c   FCTL3
0000012e   TAIV
00000160   TACTL
00000162   TACCTL0
00000164   TACCTL1
00000166   TACCTL2
00000170   TAR
00000172   TACCR0
00000174   TACCR1
00000176   TACCR2
00000180   TBCTL
00000182   TBCCTL0
00000184   TBCCTL1
00000186   TBCCTL2
00000190   TBR
00000192   TBCCR0
00000194   TBCCR1
00000196   TBCCR2
000001b0   ADC10CTL0
000001b2   ADC10CTL1
000001b4   ADC10MEM
000001bc   ADC10SA
00000200   .bss
00000200   .data
00000200   __bss__
00000200   __data__
00000200   __edata__
00000200   beep_cnt
00000200   edata
00000202   delay_cnt
00000204   second_cnt
00000206   beep_enable
00000208   debounce_cnt
00000210   _lock
00000212   _unlock
00000214   __TI_cleanup_ptr
00000216   __TI_dtors_ptr
00000218   __end__
00000218   end
000005b0   _stack
00000600   __STACK_END
000010f8   CALDCO_16MHZ
000010f9   CALBC1_16MHZ
000010fa   CALDCO_12MHZ
000010fb   CALBC1_12MHZ
000010fc   CALDCO_8MHZ
000010fd   CALBC1_8MHZ
000010fe   CALDCO_1MHZ
000010ff   CALBC1_1MHZ
00008000   .text
00008000   __text__
00008000   lcd_point
0000848a   lcd_init
00008610   numbers
00008624   letters
00008700   MPYU
00008704   MACU
00008724   DIVU
00008752   lcd_putchar
00008884   main
00008998   letter
000089ba   doDot
000089d0   doDash
000089e6   beep
000089f6   delay
00008a70   init_display
00008af0   lcd_WD
00008b4e   I_LSR
00008b5c   I_LSR_15
00008b60   I_LSR_14
00008b64   I_LSR_13
00008b68   I_LSR_12
00008b6c   I_LSR_11
00008b70   I_LSR_10
00008b74   I_LSR_9
00008b78   I_LSR_8
00008b7c   I_LSR_7
00008b80   I_LSR_6
00008b84   I_LSR_5
00008b88   I_LSR_4
00008b8c   I_LSR_3
00008b90   I_LSR_2
00008b94   I_LSR_1
00008b9a   lcd_WD2
00008c96   lcd_set_x_y
00008cca   lcd_cursor
00008cfa   lcd_set
00008d28   lcd_printf
00008da8   _c_int00
00008da8   _c_int00_noinit_noexit
00008dc6   lcd_backlight
00008dda   __mpyi
00008dee   L_LSR
00008e00   func_epilog_7
00008e02   func_epilog_6
00008e04   func_epilog_5
00008e06   func_epilog_4
00008e08   func_epilog_3
00008e0a   func_epilog_2
00008e0c   func_epilog_1
00008e10   Port_1_ISR
00008e1e   strlen
00008e2c   isalpha
00008e36   lcd_clear
00008e40   isdigit
00008e48   __TI_ISR_TRAP
00008e4e   _system_pre_init
00008e52   C$$EXIT
00008e52   abort
00008e56   _nop
00008e58   __etext__
00008e58   cs
00008e58   etext
00009038   _ctypes_
0000913a   dv3
00009262   px_off
00009268   px_on
0000ffe4   __TI_int02
0000ffe6   __TI_int03
0000ffea   __TI_int05
0000ffec   __TI_int06
0000ffee   __TI_int07
0000fff0   __TI_int08
0000fff2   __TI_int09
0000fff4   __TI_int10
0000fff8   __TI_int12
0000fffa   __TI_int13
0000fffc   __TI_int14
0000fffe   _reset_vector
ffffffff   __binit__
ffffffff   __c_args__
ffffffff   __cinit__
ffffffff   __pinit__
ffffffff   binit
ffffffff   cinit
ffffffff   pinit

[207 symbols]
